V3 48
FL C:/Users/ERIK/Dropbox/cmpen471/projects/pj2_ea/2eaNAND.vhd 2012/09/13.12:23:46 J.36
AR work/eaNAND2/Behavioral 0 \
      FL C:/Users/ERIK/Dropbox/cmpen471/projects/pj2_ea/2eaNAND.vhd \
      EN work/eaNAND2 0
EN work/ea2NAND2 1347564233 \
      FL C:/Users/ERIK/Dropbox/cmpen471/projects/pj2_ea/2eaNAND.vhd \
      PB ieee/std_logic_1164 1177545575 PB ieee/std_logic_arith 1177545576 \
      PB ieee/STD_LOGIC_UNSIGNED 1177545583
AR work/ea2NAND2/Behavioral 1347564234 \
      FL C:/Users/ERIK/Dropbox/cmpen471/projects/pj2_ea/2eaNAND.vhd \
      EN work/ea2NAND2 1347564233
FL C:/Users/ERIK/Dropbox/cmpen471/projects/pj2_ea/ea1bitadder.vhd 2012/09/13.12:05:26 J.36
EN work/ea1bitadder 1347586964 \
      FL C:/Users/ERIK/Dropbox/cmpen471/projects/pj2_ea/ea1bitadder.vhd \
      PB ieee/std_logic_1164 1177545575 PB ieee/std_logic_arith 1177545576 \
      PB ieee/STD_LOGIC_UNSIGNED 1177545583
AR work/ea1bitadder/Behavioral 1347586965 \
      FL C:/Users/ERIK/Dropbox/cmpen471/projects/pj2_ea/ea1bitadder.vhd \
      EN work/ea1bitadder 1347586964 CP eaINVERT CP ea2NAND CP ea3NAND CP ea4NAND
FL C:/Users/ERIK/Dropbox/cmpen471/projects/pj2_ea/ea2NAND.vhd 2012/09/13.12:05:48 J.36
EN work/ea2NAND 1347586954 \
      FL C:/Users/ERIK/Dropbox/cmpen471/projects/pj2_ea/ea2NAND.vhd \
      PB ieee/std_logic_1164 1177545575 PB ieee/std_logic_arith 1177545576 \
      PB ieee/STD_LOGIC_UNSIGNED 1177545583
AR work/ea2NAND/Behavioral 1347586955 \
      FL C:/Users/ERIK/Dropbox/cmpen471/projects/pj2_ea/ea2NAND.vhd \
      EN work/ea2NAND 1347586954
FL C:/Users/ERIK/Dropbox/cmpen471/projects/pj2_ea/ea2to1MUX.vhd 2012/09/13.12:02:56 J.36
EN work/ea2to1MUX 1347586962 \
      FL C:/Users/ERIK/Dropbox/cmpen471/projects/pj2_ea/ea2to1MUX.vhd \
      PB ieee/std_logic_1164 1177545575 PB ieee/std_logic_arith 1177545576 \
      PB ieee/STD_LOGIC_UNSIGNED 1177545583
AR work/ea2to1MUX/Behavioral 1347586963 \
      FL C:/Users/ERIK/Dropbox/cmpen471/projects/pj2_ea/ea2to1MUX.vhd \
      EN work/ea2to1MUX 1347586962 CP ea2NAND
FL C:/Users/ERIK/Dropbox/cmpen471/projects/pj2_ea/ea3NAND.vhd 2012/09/13.12:06:05 J.36
EN work/ea3NAND 1347586958 \
      FL C:/Users/ERIK/Dropbox/cmpen471/projects/pj2_ea/ea3NAND.vhd \
      PB ieee/std_logic_1164 1177545575 PB ieee/std_logic_arith 1177545576 \
      PB ieee/STD_LOGIC_UNSIGNED 1177545583
AR work/ea3NAND/Behavioral 1347586959 \
      FL C:/Users/ERIK/Dropbox/cmpen471/projects/pj2_ea/ea3NAND.vhd \
      EN work/ea3NAND 1347586958
FL C:/Users/ERIK/Dropbox/cmpen471/projects/pj2_ea/ea4bitMUX.vhd 2012/09/13.14:11:08 J.36
EN work/ea4bitMUX 1347586968 \
      FL C:/Users/ERIK/Dropbox/cmpen471/projects/pj2_ea/ea4bitMUX.vhd \
      PB ieee/std_logic_1164 1177545575 PB ieee/std_logic_arith 1177545576 \
      PB ieee/STD_LOGIC_UNSIGNED 1177545583
AR work/ea4bitMUX/struct 1347586969 \
      FL C:/Users/ERIK/Dropbox/cmpen471/projects/pj2_ea/ea4bitMUX.vhd \
      EN work/ea4bitMUX 1347586968 CP ea2to1MUX
FL C:/Users/ERIK/Dropbox/cmpen471/projects/pj2_ea/ea4Dlatch.vhd 2012/09/13.12:56:18 J.36
EN work/ea4Dlatch 1347586970 \
      FL C:/Users/ERIK/Dropbox/cmpen471/projects/pj2_ea/ea4Dlatch.vhd \
      PB ieee/std_logic_1164 1177545575 PB ieee/std_logic_arith 1177545576 \
      PB ieee/STD_LOGIC_UNSIGNED 1177545583
AR work/ea4Dlatch/Behavioral 1347586971 \
      FL C:/Users/ERIK/Dropbox/cmpen471/projects/pj2_ea/ea4Dlatch.vhd \
      EN work/ea4Dlatch 1347586970 CP eaDlatch
FL C:/Users/ERIK/Dropbox/cmpen471/projects/pj2_ea/ea4NAND.vhd 2012/09/13.12:06:19 J.36
EN work/ea4NAND 1347586960 \
      FL C:/Users/ERIK/Dropbox/cmpen471/projects/pj2_ea/ea4NAND.vhd \
      PB ieee/std_logic_1164 1177545575 PB ieee/std_logic_arith 1177545576 \
      PB ieee/STD_LOGIC_UNSIGNED 1177545583
AR work/ea4NAND/Behavioral 1347586961 \
      FL C:/Users/ERIK/Dropbox/cmpen471/projects/pj2_ea/ea4NAND.vhd \
      EN work/ea4NAND 1347586960
FL C:/Users/ERIK/Dropbox/cmpen471/projects/pj2_ea/eaadd4bit.vhd 2012/09/13.12:04:23 J.36
EN work/eaadd4bit 1347586972 \
      FL C:/Users/ERIK/Dropbox/cmpen471/projects/pj2_ea/eaadd4bit.vhd \
      PB ieee/std_logic_1164 1177545575 PB ieee/std_logic_arith 1177545576 \
      PB ieee/STD_LOGIC_UNSIGNED 1177545583
AR work/eaadd4bit/Behavioral 1347586973 \
      FL C:/Users/ERIK/Dropbox/cmpen471/projects/pj2_ea/eaadd4bit.vhd \
      EN work/eaadd4bit 1347586972 CP ea1bitadder
FL C:/Users/ERIK/Dropbox/cmpen471/projects/pj2_ea/eaDLatch.vhd 2012/09/13.12:38:10 J.36
EN work/eaDlatch 1347586966 \
      FL C:/Users/ERIK/Dropbox/cmpen471/projects/pj2_ea/eaDLatch.vhd \
      PB ieee/std_logic_1164 1177545575 PB ieee/std_logic_arith 1177545576 \
      PB ieee/STD_LOGIC_UNSIGNED 1177545583
AR work/eaDlatch/struc 1347586967 \
      FL C:/Users/ERIK/Dropbox/cmpen471/projects/pj2_ea/eaDLatch.vhd \
      EN work/eaDlatch 1347586966 CP ea2to1MUX
FL C:/Users/ERIK/Dropbox/cmpen471/projects/pj2_ea/eaINVERT.vhd 2012/09/13.12:07:42 J.36
EN work/eaINVERT 1347586956 \
      FL C:/Users/ERIK/Dropbox/cmpen471/projects/pj2_ea/eaINVERT.vhd \
      PB ieee/std_logic_1164 1177545575 PB ieee/std_logic_arith 1177545576 \
      PB ieee/STD_LOGIC_UNSIGNED 1177545583
AR work/eaINVERT/Behavioral 1347586957 \
      FL C:/Users/ERIK/Dropbox/cmpen471/projects/pj2_ea/eaINVERT.vhd \
      EN work/eaINVERT 1347586956
FL C:/Users/ERIK/Dropbox/cmpen471/projects/pj2_ea/eaPC.vhd 2012/09/13.18:42:25 J.36
EN work/eaPC 1347586974 \
      FL C:/Users/ERIK/Dropbox/cmpen471/projects/pj2_ea/eaPC.vhd \
      PB ieee/std_logic_1164 1177545575 PB ieee/std_logic_arith 1177545576 \
      PB ieee/STD_LOGIC_UNSIGNED 1177545583
AR work/eaPC/Behavioral 1347586975 \
      FL C:/Users/ERIK/Dropbox/cmpen471/projects/pj2_ea/eaPC.vhd EN work/eaPC 1347586974 \
      CP ea4bitMUX CP ea4Dlatch CP eaadd4bit
