AR eaadd4bit behavioral C:/Users/ERIK/Dropbox/cmpen471/projects/pj2eaFinal/eaadd4bit.vhd sub00/vhpl21 1348085329
AR eapcf behavioral C:/Users/ERIK/Dropbox/cmpen471/projects/pj2eaFinal/eaPCf.vhd sub00/vhpl23 1348085830
AR ea2to1mux behavioral C:/Users/ERIK/Dropbox/cmpen471/projects/pj2eaFinal/ea2to1MUX.vhd sub00/vhpl05 1348085313
EN ea4flip NULL C:/Users/ERIK/Dropbox/cmpen471/projects/pj2eaFinal/ea4Flip.vhd sub00/vhpl18 1348085326
AR eainvert behavioral C:/Users/ERIK/Dropbox/cmpen471/projects/pj2eaFinal/eaINVERT.vhd sub00/vhpl03 1348085311
EN ea2to1mux NULL C:/Users/ERIK/Dropbox/cmpen471/projects/pj2eaFinal/ea2to1MUX.vhd sub00/vhpl04 1348085312
AR ea3nand behavioral C:/Users/ERIK/Dropbox/cmpen471/projects/pj2eaFinal/ea3NAND.vhd sub00/vhpl07 1348085315
EN eainvert NULL C:/Users/ERIK/Dropbox/cmpen471/projects/pj2eaFinal/eaINVERT.vhd sub00/vhpl02 1348085310
EN eapcf NULL C:/Users/ERIK/Dropbox/cmpen471/projects/pj2eaFinal/eaPCf.vhd sub00/vhpl22 1348085829
EN ea2nand NULL C:/Users/ERIK/Dropbox/cmpen471/projects/pj2eaFinal/ea2NAND.vhd sub00/vhpl00 1348085308
AR eaflipflop behavioral C:/Users/ERIK/Dropbox/cmpen471/projects/pj2eaFinal/eaFlipFlop.vhd sub00/vhpl15 1348085323
EN ea1bitadder NULL C:/Users/ERIK/Dropbox/cmpen471/projects/pj2eaFinal/ea1bitadder.vhd sub00/vhpl12 1348085320
AR ea4bitmux struct C:/Users/ERIK/Dropbox/cmpen471/projects/pj2eaFinal/ea4bitMUX.vhd sub00/vhpl17 1348085325
EN ea3nand NULL C:/Users/ERIK/Dropbox/cmpen471/projects/pj2eaFinal/ea3NAND.vhd sub00/vhpl06 1348085314
EN ea4bitmux NULL C:/Users/ERIK/Dropbox/cmpen471/projects/pj2eaFinal/ea4bitMUX.vhd sub00/vhpl16 1348085324
AR ea4flip behavioral C:/Users/ERIK/Dropbox/cmpen471/projects/pj2eaFinal/ea4Flip.vhd sub00/vhpl19 1348085327
AR ea1bitadder behavioral C:/Users/ERIK/Dropbox/cmpen471/projects/pj2eaFinal/ea1bitadder.vhd sub00/vhpl13 1348085321
AR eadlatch struc C:/Users/ERIK/Dropbox/cmpen471/projects/pj2eaFinal/eaDLatch.vhd sub00/vhpl11 1348085319
AR ea2nand behavioral C:/Users/ERIK/Dropbox/cmpen471/projects/pj2eaFinal/ea2NAND.vhd sub00/vhpl01 1348085309
EN eaflipflop NULL C:/Users/ERIK/Dropbox/cmpen471/projects/pj2eaFinal/eaFlipFlop.vhd sub00/vhpl14 1348085322
EN eadlatch NULL C:/Users/ERIK/Dropbox/cmpen471/projects/pj2eaFinal/eaDLatch.vhd sub00/vhpl10 1348085318
EN eaadd4bit NULL C:/Users/ERIK/Dropbox/cmpen471/projects/pj2eaFinal/eaadd4bit.vhd sub00/vhpl20 1348085328
AR ea4nand behavioral C:/Users/ERIK/Dropbox/cmpen471/projects/pj2eaFinal/ea4NAND.vhd sub00/vhpl09 1348085317
EN ea4nand NULL C:/Users/ERIK/Dropbox/cmpen471/projects/pj2eaFinal/ea4NAND.vhd sub00/vhpl08 1348085316
