AR eapcf behavioral C:/Users/ERIK/Dropbox/cmpen471/projects/pj2eaFinal/eaPCf.vhd sub00/vhpl01 1349218163
AR eaadd4bit behavioral C:/Users/ERIK/Dropbox/cmpen471/projects/pj2eaFinal/eaadd4bit.vhd sub00/vhpl21 1349218541
AR ea2to1mux behavioral C:/Users/ERIK/Dropbox/cmpen471/projects/pj2eaFinal/ea2to1MUX.vhd sub00/vhpl11 1349218531
AR eainvert behavioral C:/Users/ERIK/Dropbox/cmpen471/projects/pj2eaFinal/eaINVERT.vhd sub00/vhpl05 1349218525
EN ea2to1mux NULL C:/Users/ERIK/Dropbox/cmpen471/projects/pj2eaFinal/ea2to1MUX.vhd sub00/vhpl10 1349218530
AR ea3nand behavioral C:/Users/ERIK/Dropbox/cmpen471/projects/pj2eaFinal/ea3NAND.vhd sub00/vhpl07 1349218527
EN eapc NULL C:/Users/ERIK/Dropbox/cmpen471/projects/pj2eaFinal/eaPC.vhd sub00/vhpl22 1349218560
AR eapc behavioral C:/Users/ERIK/Dropbox/cmpen471/projects/pj2eaFinal/eaPC.vhd sub00/vhpl23 1349218561
EN eainvert NULL C:/Users/ERIK/Dropbox/cmpen471/projects/pj2eaFinal/eaINVERT.vhd sub00/vhpl04 1349218524
EN eapcf NULL C:/Users/ERIK/Dropbox/cmpen471/projects/pj2eaFinal/eaPCf.vhd sub00/vhpl00 1349218162
EN ea2nand NULL C:/Users/ERIK/Dropbox/cmpen471/projects/pj2eaFinal/ea2NAND.vhd sub00/vhpl02 1349218522
EN ea1bitadder NULL C:/Users/ERIK/Dropbox/cmpen471/projects/pj2eaFinal/ea1bitadder.vhd sub00/vhpl12 1349218532
AR ea4dlatch behavioral C:/Users/ERIK/Dropbox/cmpen471/projects/pj2eaFinal/ea4Dlatch.vhd sub00/vhpl19 1349218539
AR ea4bitmux struct C:/Users/ERIK/Dropbox/cmpen471/projects/pj2eaFinal/ea4bitMUX.vhd sub00/vhpl17 1349218537
EN ea3nand NULL C:/Users/ERIK/Dropbox/cmpen471/projects/pj2eaFinal/ea3NAND.vhd sub00/vhpl06 1349218526
EN ea4bitmux NULL C:/Users/ERIK/Dropbox/cmpen471/projects/pj2eaFinal/ea4bitMUX.vhd sub00/vhpl16 1349218536
AR ea1bitadder behavioral C:/Users/ERIK/Dropbox/cmpen471/projects/pj2eaFinal/ea1bitadder.vhd sub00/vhpl13 1349218533
AR eadlatch struc C:/Users/ERIK/Dropbox/cmpen471/projects/pj2eaFinal/eaDLatch.vhd sub00/vhpl15 1349218535
AR ea2nand behavioral C:/Users/ERIK/Dropbox/cmpen471/projects/pj2eaFinal/ea2NAND.vhd sub00/vhpl03 1349218523
EN eadlatch NULL C:/Users/ERIK/Dropbox/cmpen471/projects/pj2eaFinal/eaDLatch.vhd sub00/vhpl14 1349218534
EN eaadd4bit NULL C:/Users/ERIK/Dropbox/cmpen471/projects/pj2eaFinal/eaadd4bit.vhd sub00/vhpl20 1349218540
AR ea4nand behavioral C:/Users/ERIK/Dropbox/cmpen471/projects/pj2eaFinal/ea4NAND.vhd sub00/vhpl09 1349218529
EN ea4dlatch NULL C:/Users/ERIK/Dropbox/cmpen471/projects/pj2eaFinal/ea4Dlatch.vhd sub00/vhpl18 1349218538
EN ea4nand NULL C:/Users/ERIK/Dropbox/cmpen471/projects/pj2eaFinal/ea4NAND.vhd sub00/vhpl08 1349218528
