AR ea6pcf struct C:/Users/ERIK/Dropbox/cmpen471/projects/pj7_alpha/ea6PCf.vhd sub00/vhpl61 1354823932
EN ea7and NULL C:/Users/ERIK/Dropbox/cmpen471/projects/pj7_alpha/ea7AND.vhd sub00/vhpl30 1354823895
AR ea6bitmux struct C:/Users/ERIK/Dropbox/cmpen471/projects/pj7_alpha/ea6bitMUX.vhd sub00/vhpl43 1354823916
EN ea6pcf NULL C:/Users/ERIK/Dropbox/cmpen471/projects/pj7_alpha/ea6PCf.vhd sub00/vhpl60 1354823931
EN eainvbuf NULL C:/Users/ERIK/Dropbox/cmpen471/projects/pj7_alpha/eainvbuf.vhd sub00/vhpl12 1354823887
EN ea5to32decoder NULL C:/Users/ERIK/Dropbox/cmpen471/projects/pj7_alpha/ea5to32Decoder.vhd sub00/vhpl48 1354773877
EN ea64rom NULL C:/Users/ERIK/Dropbox/cmpen471/projects/pj7_alpha/ea64Rom.vhd sub00/vhpl56 1354823927
EN eaadd6bit NULL C:/Users/ERIK/Dropbox/cmpen471/projects/pj7_alpha/eaadd6bit.vhd sub00/vhpl40 1354823913
AR eainvert behavioral C:/Users/ERIK/Dropbox/cmpen471/projects/pj7_alpha/eaINVERT.vhd sub00/vhpl03 1354823878
AR eaflipflop struct C:/Users/ERIK/Dropbox/cmpen471/projects/pj7_alpha/eaFlipFlop.vhd sub00/vhpl15 1354823890
EN eaid NULL C:/Users/ERIK/Dropbox/cmpen471/projects/pj7_alpha/eaID.vhd sub00/vhpl66 1354823937
AR ea64x6ram struct C:/Users/ERIK/Dropbox/cmpen471/projects/pj7_alpha/ea64x6Ram.vhd sub00/vhpl59 1354823930
AR ea18bit64word struct C:/Users/ERIK/Dropbox/cmpen471/projects/pj7_alpha/ea18bit64word.vhd sub00/vhpl55 1354823926
EN ea6bitto64decoder NULL C:/Users/ERIK/Dropbox/cmpen471/projects/pj7_alpha/ea6bitto64decoder.vhd sub00/vhpl50 1354823921
AR eaxor behavioral C:/Users/ERIK/Dropbox/cmpen471/projects/pj7_alpha/eaXOR.vhd sub00/vhpl19 1354823894
EN eabgmux NULL C:/Users/ERIK/Dropbox/cmpen471/projects/pj7_alpha/eaBGMUX.vhd sub00/vhpl68 1354823939
AR ea7and behavioral C:/Users/ERIK/Dropbox/cmpen471/projects/pj7_alpha/ea7AND.vhd sub00/vhpl31 1354823896
AR eainvbuf behavioral C:/Users/ERIK/Dropbox/cmpen471/projects/pj7_alpha/eainvbuf.vhd sub00/vhpl13 1354823888
AR easm struct C:/Users/ERIK/Dropbox/cmpen471/projects/pj7_alpha/eaSM.vhd sub00/vhpl65 1354823936
EN ea4to1mux NULL C:/Users/ERIK/Dropbox/cmpen471/projects/pj7_alpha/ea4to1MUX.vhd sub00/vhpl32 1354823905
EN ea6ram NULL C:/Users/ERIK/Dropbox/cmpen471/projects/pj7_alpha/ea6Ram.vhd sub00/vhpl44 1354823917
AR ea6bitto64decoder struct C:/Users/ERIK/Dropbox/cmpen471/projects/pj7_alpha/ea6bitto64decoder.vhd sub00/vhpl51 1354823922
EN eainv6buf NULL C:/Users/ERIK/Dropbox/cmpen471/projects/pj7_alpha/eainv6buf.vhd sub00/vhpl24 1354823899
EN ea18bit64word NULL C:/Users/ERIK/Dropbox/cmpen471/projects/pj7_alpha/ea18bit64word.vhd sub00/vhpl54 1354823925
AR ea6flip struct C:/Users/ERIK/Dropbox/cmpen471/projects/pj7_alpha/ea6Flip.vhd sub00/vhpl23 1354823898
AR ea2or behavioral C:/Users/ERIK/Dropbox/cmpen471/projects/pj7_alpha/ea2OR.vhd sub00/vhpl35 1354823908
EN ea2to1mux NULL C:/Users/ERIK/Dropbox/cmpen471/projects/pj7_alpha/ea2to1MUX.vhd sub00/vhpl04 1354823879
EN ea64x6ram NULL C:/Users/ERIK/Dropbox/cmpen471/projects/pj7_alpha/ea64x6Ram.vhd sub00/vhpl58 1354823929
EN ea6and NULL C:/Users/ERIK/Dropbox/cmpen471/projects/pj7_alpha/ea6AND.vhd sub00/vhpl20 1354773849
AR ea3nand behavioral C:/Users/ERIK/Dropbox/cmpen471/projects/pj7_alpha/ea3NAND.vhd sub00/vhpl09 1354823884
AR ea5to32decoder struct C:/Users/ERIK/Dropbox/cmpen471/projects/pj7_alpha/ea5to32Decoder.vhd sub00/vhpl49 1354773878
EN earisc NULL C:/Users/ERIK/Dropbox/cmpen471/projects/pj7_alpha/eaRisc.vhd sub00/vhpl70 1354827033
EN ea3and NULL C:/Users/ERIK/Dropbox/cmpen471/projects/pj7_alpha/ea3AND.vhd sub00/vhpl36 1354823909
EN eainvert NULL C:/Users/ERIK/Dropbox/cmpen471/projects/pj7_alpha/eaINVERT.vhd sub00/vhpl02 1354823877
EN ea6xor NULL C:/Users/ERIK/Dropbox/cmpen471/projects/pj7_alpha/ea6XOR.vhd sub00/vhpl38 1354823911
EN eaoutputbuf NULL C:/Users/ERIK/Dropbox/cmpen471/projects/pj7_alpha/eaOutputBuf.vhd sub00/vhpl46 1354823919
AR eaid struct C:/Users/ERIK/Dropbox/cmpen471/projects/pj7_alpha/eaID.vhd sub00/vhpl67 1354823938
EN ea2nand NULL C:/Users/ERIK/Dropbox/cmpen471/projects/pj7_alpha/ea2NAND.vhd sub00/vhpl00 1354823875
AR eaoutputbuf struct C:/Users/ERIK/Dropbox/cmpen471/projects/pj7_alpha/eaOutputBuf.vhd sub00/vhpl47 1354823920
EN easm NULL C:/Users/ERIK/Dropbox/cmpen471/projects/pj7_alpha/eaSM.vhd sub00/vhpl64 1354823935
AR ea6and behavioral C:/Users/ERIK/Dropbox/cmpen471/projects/pj7_alpha/ea6AND.vhd sub00/vhpl21 1354773850
EN ea2nor NULL C:/Users/ERIK/Dropbox/cmpen471/projects/pj7_alpha/ea2NOR.vhd sub00/vhpl52 1354823923
AR ea6xor struct C:/Users/ERIK/Dropbox/cmpen471/projects/pj7_alpha/ea6XOR.vhd sub00/vhpl39 1354823912
EN ea6flip NULL C:/Users/ERIK/Dropbox/cmpen471/projects/pj7_alpha/ea6Flip.vhd sub00/vhpl22 1354823897
AR ea6sub struct C:/Users/ERIK/Dropbox/cmpen471/projects/pj7_alpha/ea6SUB.vhd sub00/vhpl63 1354823934
AR eainv6buf struct C:/Users/ERIK/Dropbox/cmpen471/projects/pj7_alpha/eainv6buf.vhd sub00/vhpl25 1354823900
EN eainv18buf NULL C:/Users/ERIK/Dropbox/cmpen471/projects/pj7_alpha/eainv18buf.vhd sub00/vhpl28 1354823903
AR eabgmux struct C:/Users/ERIK/Dropbox/cmpen471/projects/pj7_alpha/eaBGMUX.vhd sub00/vhpl69 1354823940
EN ea1bitadder NULL C:/Users/ERIK/Dropbox/cmpen471/projects/pj7_alpha/ea1bitadder.vhd sub00/vhpl16 1354823891
AR ea4to1mux struct C:/Users/ERIK/Dropbox/cmpen471/projects/pj7_alpha/ea4to1MUX.vhd sub00/vhpl33 1354823906
EN ea6bitmux NULL C:/Users/ERIK/Dropbox/cmpen471/projects/pj7_alpha/ea6bitMUX.vhd sub00/vhpl42 1354823915
AR ea2and behavioral C:/Users/ERIK/Dropbox/cmpen471/projects/pj7_alpha/ea2AND.vhd sub00/vhpl27 1354823902
EN ea3nand NULL C:/Users/ERIK/Dropbox/cmpen471/projects/pj7_alpha/ea3NAND.vhd sub00/vhpl08 1354823883
AR ea6ram struc C:/Users/ERIK/Dropbox/cmpen471/projects/pj7_alpha/ea6Ram.vhd sub00/vhpl45 1354823918
EN ea2and NULL C:/Users/ERIK/Dropbox/cmpen471/projects/pj7_alpha/ea2AND.vhd sub00/vhpl26 1354823901
AR ea1bitadder behavioral C:/Users/ERIK/Dropbox/cmpen471/projects/pj7_alpha/ea1bitadder.vhd sub00/vhpl17 1354823892
EN ea2or NULL C:/Users/ERIK/Dropbox/cmpen471/projects/pj7_alpha/ea2OR.vhd sub00/vhpl34 1354823907
AR eadlatch struc C:/Users/ERIK/Dropbox/cmpen471/projects/pj7_alpha/eaDLatch.vhd sub00/vhpl07 1354823882
AR ea2nand behavioral C:/Users/ERIK/Dropbox/cmpen471/projects/pj7_alpha/ea2NAND.vhd sub00/vhpl01 1354823876
AR eaadd6bit struct C:/Users/ERIK/Dropbox/cmpen471/projects/pj7_alpha/eaadd6bit.vhd sub00/vhpl41 1354823914
EN eaflipflop NULL C:/Users/ERIK/Dropbox/cmpen471/projects/pj7_alpha/eaFlipFlop.vhd sub00/vhpl14 1354823889
EN ea6sub NULL C:/Users/ERIK/Dropbox/cmpen471/projects/pj7_alpha/ea6SUB.vhd sub00/vhpl62 1354823933
AR ea3and behavioral C:/Users/ERIK/Dropbox/cmpen471/projects/pj7_alpha/ea3AND.vhd sub00/vhpl37 1354823910
AR ea2nor behavioral C:/Users/ERIK/Dropbox/cmpen471/projects/pj7_alpha/ea2NOR.vhd sub00/vhpl53 1354823924
EN eaxor NULL C:/Users/ERIK/Dropbox/cmpen471/projects/pj7_alpha/eaXOR.vhd sub00/vhpl18 1354823893
AR earisc struct C:/Users/ERIK/Dropbox/cmpen471/projects/pj7_alpha/eaRisc.vhd sub00/vhpl71 1354827034
EN eadlatch NULL C:/Users/ERIK/Dropbox/cmpen471/projects/pj7_alpha/eaDLatch.vhd sub00/vhpl06 1354823881
AR eainv18buf struct C:/Users/ERIK/Dropbox/cmpen471/projects/pj7_alpha/eainv18buf.vhd sub00/vhpl29 1354823904
AR ea4nand behavioral C:/Users/ERIK/Dropbox/cmpen471/projects/pj7_alpha/ea4NAND.vhd sub00/vhpl11 1354823886
AR ea2to1mux struct C:/Users/ERIK/Dropbox/cmpen471/projects/pj7_alpha/ea2to1MUX.vhd sub00/vhpl05 1354823880
EN ea4nand NULL C:/Users/ERIK/Dropbox/cmpen471/projects/pj7_alpha/ea4NAND.vhd sub00/vhpl10 1354823885
AR ea64rom struct C:/Users/ERIK/Dropbox/cmpen471/projects/pj7_alpha/ea64Rom.vhd sub00/vhpl57 1354823928
