V3 142
FL C:/Users/ERIK/Dropbox/cmpen471/projects/pj7_alpha/ea18bit64word.vhd 2012/12/06.03:14:29 J.36
EN work/ea18bit64word 1354823925 \
      FL C:/Users/ERIK/Dropbox/cmpen471/projects/pj7_alpha/ea18bit64word.vhd \
      PB ieee/std_logic_1164 1177545575 PB ieee/std_logic_arith 1177545576 \
      PB ieee/STD_LOGIC_UNSIGNED 1177545583
AR work/ea18bit64word/struct 1354823926 \
      FL C:/Users/ERIK/Dropbox/cmpen471/projects/pj7_alpha/ea18bit64word.vhd \
      EN work/ea18bit64word 1354823925 CP eainv18buf
FL C:/Users/ERIK/Dropbox/cmpen471/projects/pj7_alpha/ea1bitadder.vhd 2012/10/04.13:14:05 J.36
EN work/ea1bitadder 1354823891 \
      FL C:/Users/ERIK/Dropbox/cmpen471/projects/pj7_alpha/ea1bitadder.vhd \
      PB ieee/std_logic_1164 1177545575 PB ieee/std_logic_arith 1177545576 \
      PB ieee/STD_LOGIC_UNSIGNED 1177545583
AR work/ea1bitadder/Behavioral 1354823892 \
      FL C:/Users/ERIK/Dropbox/cmpen471/projects/pj7_alpha/ea1bitadder.vhd \
      EN work/ea1bitadder 1354823891 CP eaINVERT CP ea2NAND CP ea3NAND CP ea4NAND
FL C:/Users/ERIK/Dropbox/cmpen471/projects/pj7_alpha/ea2AND.vhd 2012/10/04.13:14:59 J.36
EN work/ea2AND 1354823901 \
      FL C:/Users/ERIK/Dropbox/cmpen471/projects/pj7_alpha/ea2AND.vhd \
      PB ieee/std_logic_1164 1177545575 PB ieee/std_logic_arith 1177545576 \
      PB ieee/STD_LOGIC_UNSIGNED 1177545583
AR work/ea2AND/Behavioral 1354823902 \
      FL C:/Users/ERIK/Dropbox/cmpen471/projects/pj7_alpha/ea2AND.vhd \
      EN work/ea2AND 1354823901
FL C:/Users/ERIK/Dropbox/cmpen471/projects/pj7_alpha/ea2NAND.vhd 2012/10/04.13:17:24 J.36
EN work/ea2NAND 1354823875 \
      FL C:/Users/ERIK/Dropbox/cmpen471/projects/pj7_alpha/ea2NAND.vhd \
      PB ieee/std_logic_1164 1177545575 PB ieee/std_logic_arith 1177545576 \
      PB ieee/STD_LOGIC_UNSIGNED 1177545583
AR work/ea2NAND/Behavioral 1354823876 \
      FL C:/Users/ERIK/Dropbox/cmpen471/projects/pj7_alpha/ea2NAND.vhd \
      EN work/ea2NAND 1354823875
FL C:/Users/ERIK/Dropbox/cmpen471/projects/pj7_alpha/ea2NOR.vhd 2012/10/04.13:18:18 J.36
EN work/ea2NOR 1354823923 \
      FL C:/Users/ERIK/Dropbox/cmpen471/projects/pj7_alpha/ea2NOR.vhd \
      PB ieee/std_logic_1164 1177545575 PB ieee/std_logic_arith 1177545576 \
      PB ieee/STD_LOGIC_UNSIGNED 1177545583
AR work/ea2NOR/Behavioral 1354823924 \
      FL C:/Users/ERIK/Dropbox/cmpen471/projects/pj7_alpha/ea2NOR.vhd \
      EN work/ea2NOR 1354823923
FL C:/Users/ERIK/Dropbox/cmpen471/projects/pj7_alpha/ea2OR.vhd 2012/10/09.00:29:40 J.36
EN work/ea2OR 1354823907 \
      FL C:/Users/ERIK/Dropbox/cmpen471/projects/pj7_alpha/ea2OR.vhd \
      PB ieee/std_logic_1164 1177545575 PB ieee/std_logic_arith 1177545576 \
      PB ieee/STD_LOGIC_UNSIGNED 1177545583
AR work/ea2OR/Behavioral 1354823908 \
      FL C:/Users/ERIK/Dropbox/cmpen471/projects/pj7_alpha/ea2OR.vhd \
      EN work/ea2OR 1354823907
FL C:/Users/ERIK/Dropbox/cmpen471/projects/pj7_alpha/ea2to1MUX.vhd 2012/10/04.13:20:10 J.36
EN work/ea2to1MUX 1354823879 \
      FL C:/Users/ERIK/Dropbox/cmpen471/projects/pj7_alpha/ea2to1MUX.vhd \
      PB ieee/std_logic_1164 1177545575 PB ieee/std_logic_arith 1177545576 \
      PB ieee/STD_LOGIC_UNSIGNED 1177545583
AR work/ea2to1MUX/struct 1354823880 \
      FL C:/Users/ERIK/Dropbox/cmpen471/projects/pj7_alpha/ea2to1MUX.vhd \
      EN work/ea2to1MUX 1354823879 CP ea2NAND CP eaINVERT
FL C:/Users/ERIK/Dropbox/cmpen471/projects/pj7_alpha/ea3AND.vhd 2012/10/04.13:20:37 J.36
EN work/ea3AND 1354823909 \
      FL C:/Users/ERIK/Dropbox/cmpen471/projects/pj7_alpha/ea3AND.vhd \
      PB ieee/std_logic_1164 1177545575 PB ieee/std_logic_arith 1177545576 \
      PB ieee/STD_LOGIC_UNSIGNED 1177545583
AR work/ea3AND/Behavioral 1354823910 \
      FL C:/Users/ERIK/Dropbox/cmpen471/projects/pj7_alpha/ea3AND.vhd \
      EN work/ea3AND 1354823909
FL C:/Users/ERIK/Dropbox/cmpen471/projects/pj7_alpha/ea3NAND.vhd 2012/10/04.13:23:45 J.36
EN work/ea3NAND 1354823883 \
      FL C:/Users/ERIK/Dropbox/cmpen471/projects/pj7_alpha/ea3NAND.vhd \
      PB ieee/std_logic_1164 1177545575 PB ieee/std_logic_arith 1177545576 \
      PB ieee/STD_LOGIC_UNSIGNED 1177545583
AR work/ea3NAND/Behavioral 1354823884 \
      FL C:/Users/ERIK/Dropbox/cmpen471/projects/pj7_alpha/ea3NAND.vhd \
      EN work/ea3NAND 1354823883
FL C:/Users/ERIK/Dropbox/cmpen471/projects/pj7_alpha/ea4NAND.vhd 2012/10/04.12:59:30 J.36
EN work/ea4NAND 1354823885 \
      FL C:/Users/ERIK/Dropbox/cmpen471/projects/pj7_alpha/ea4NAND.vhd \
      PB ieee/std_logic_1164 1177545575 PB ieee/std_logic_arith 1177545576 \
      PB ieee/STD_LOGIC_UNSIGNED 1177545583
AR work/ea4NAND/Behavioral 1354823886 \
      FL C:/Users/ERIK/Dropbox/cmpen471/projects/pj7_alpha/ea4NAND.vhd \
      EN work/ea4NAND 1354823885
FL C:/Users/ERIK/Dropbox/cmpen471/projects/pj7_alpha/ea4to1MUX.vhd 2012/12/06.03:40:10 J.36
EN work/ea4to1MUX 1354823905 \
      FL C:/Users/ERIK/Dropbox/cmpen471/projects/pj7_alpha/ea4to1MUX.vhd \
      PB ieee/std_logic_1164 1177545575 PB ieee/std_logic_arith 1177545576 \
      PB ieee/STD_LOGIC_UNSIGNED 1177545583
AR work/ea4to1MUX/struct 1354823906 \
      FL C:/Users/ERIK/Dropbox/cmpen471/projects/pj7_alpha/ea4to1MUX.vhd \
      EN work/ea4to1MUX 1354823905 CP eaINVERT CP ea3NAND CP ea4NAND
FL C:/Users/ERIK/Dropbox/cmpen471/projects/pj7_alpha/ea5to32Decoder.vhd 2012/10/11.04:21:08 J.36
EN work/ea5to32Decoder 1354773877 \
      FL C:/Users/ERIK/Dropbox/cmpen471/projects/pj7_alpha/ea5to32Decoder.vhd \
      PB ieee/std_logic_1164 1177545575 PB ieee/std_logic_arith 1177545576 \
      PB ieee/STD_LOGIC_UNSIGNED 1177545583
AR work/ea5to32Decoder/struct 1354773878 \
      FL C:/Users/ERIK/Dropbox/cmpen471/projects/pj7_alpha/ea5to32Decoder.vhd \
      EN work/ea5to32Decoder 1354773877 CP ea6AND CP eaINVERT
FL C:/Users/ERIK/Dropbox/cmpen471/projects/pj7_alpha/ea64Rom.vhd 2012/12/06.01:03:21 J.36
EN work/ea64Rom 1354823927 \
      FL C:/Users/ERIK/Dropbox/cmpen471/projects/pj7_alpha/ea64Rom.vhd \
      PB ieee/std_logic_1164 1177545575 PB ieee/std_logic_arith 1177545576 \
      PB ieee/STD_LOGIC_UNSIGNED 1177545583
AR work/ea64Rom/struct 1354823928 \
      FL C:/Users/ERIK/Dropbox/cmpen471/projects/pj7_alpha/ea64Rom.vhd \
      EN work/ea64Rom 1354823927 CP ea6bitto64decoder CP ea2NOR CP ea18bit64word \
      CP eaOutputBuf
FL C:/Users/ERIK/Dropbox/cmpen471/projects/pj7_alpha/ea64x6Ram.vhd 2012/12/06.02:14:37 J.36
EN work/ea64x6Ram 1354823929 \
      FL C:/Users/ERIK/Dropbox/cmpen471/projects/pj7_alpha/ea64x6Ram.vhd \
      PB ieee/std_logic_1164 1177545575 PB ieee/std_logic_arith 1177545576 \
      PB ieee/STD_LOGIC_UNSIGNED 1177545583
AR work/ea64x6Ram/struct 1354823930 \
      FL C:/Users/ERIK/Dropbox/cmpen471/projects/pj7_alpha/ea64x6Ram.vhd \
      EN work/ea64x6Ram 1354823929 CP ea6Ram CP eaOutputBuf CP ea6bitto64decoder
FL C:/Users/ERIK/Dropbox/cmpen471/projects/pj7_alpha/ea6AND.vhd 2012/10/09.00:04:57 J.36
EN work/ea6AND 1354773849 \
      FL C:/Users/ERIK/Dropbox/cmpen471/projects/pj7_alpha/ea6AND.vhd \
      PB ieee/std_logic_1164 1177545575 PB ieee/std_logic_arith 1177545576 \
      PB ieee/STD_LOGIC_UNSIGNED 1177545583
AR work/ea6AND/Behavioral 1354773850 \
      FL C:/Users/ERIK/Dropbox/cmpen471/projects/pj7_alpha/ea6AND.vhd \
      EN work/ea6AND 1354773849
FL C:/Users/ERIK/Dropbox/cmpen471/projects/pj7_alpha/ea6bitMUX.vhd 2012/10/04.12:19:31 J.36
EN work/ea6bitMUX 1354823915 \
      FL C:/Users/ERIK/Dropbox/cmpen471/projects/pj7_alpha/ea6bitMUX.vhd \
      PB ieee/std_logic_1164 1177545575 PB ieee/std_logic_arith 1177545576 \
      PB ieee/STD_LOGIC_UNSIGNED 1177545583
AR work/ea6bitMUX/struct 1354823916 \
      FL C:/Users/ERIK/Dropbox/cmpen471/projects/pj7_alpha/ea6bitMUX.vhd \
      EN work/ea6bitMUX 1354823915 CP ea2to1MUX
FL C:/Users/ERIK/Dropbox/cmpen471/projects/pj7_alpha/ea6bitto64decoder.vhd 2012/10/04.12:20:38 J.36
EN work/ea6bitto64decoder 1354823921 \
      FL C:/Users/ERIK/Dropbox/cmpen471/projects/pj7_alpha/ea6bitto64decoder.vhd \
      PB ieee/std_logic_1164 1177545575 PB ieee/std_logic_arith 1177545576 \
      PB ieee/STD_LOGIC_UNSIGNED 1177545583
AR work/ea6bitto64decoder/struct 1354823922 \
      FL C:/Users/ERIK/Dropbox/cmpen471/projects/pj7_alpha/ea6bitto64decoder.vhd \
      EN work/ea6bitto64decoder 1354823921 CP ea7AND CP eaINVERT
FL C:/Users/ERIK/Dropbox/cmpen471/projects/pj7_alpha/ea6Flip.vhd 2012/10/04.12:21:37 J.36
EN work/ea6Flip 1354823897 \
      FL C:/Users/ERIK/Dropbox/cmpen471/projects/pj7_alpha/ea6Flip.vhd \
      PB ieee/std_logic_1164 1177545575 PB ieee/std_logic_arith 1177545576 \
      PB ieee/STD_LOGIC_UNSIGNED 1177545583
AR work/ea6Flip/struct 1354823898 \
      FL C:/Users/ERIK/Dropbox/cmpen471/projects/pj7_alpha/ea6Flip.vhd \
      EN work/ea6Flip 1354823897 CP eaFlipFlop
FL C:/Users/ERIK/Dropbox/cmpen471/projects/pj7_alpha/ea6PCf.vhd 2012/10/04.12:22:14 J.36
EN work/ea6PCf 1354823931 \
      FL C:/Users/ERIK/Dropbox/cmpen471/projects/pj7_alpha/ea6PCf.vhd \
      PB ieee/std_logic_1164 1177545575 PB ieee/std_logic_arith 1177545576 \
      PB ieee/STD_LOGIC_UNSIGNED 1177545583
AR work/ea6PCf/struct 1354823932 \
      FL C:/Users/ERIK/Dropbox/cmpen471/projects/pj7_alpha/ea6PCf.vhd \
      EN work/ea6PCf 1354823931 CP ea6bitMUX CP ea6Flip CP eaadd6bit
FL C:/Users/ERIK/Dropbox/cmpen471/projects/pj7_alpha/ea6Ram.vhd 2012/12/05.22:51:56 J.36
EN work/ea6Ram 1354823917 \
      FL C:/Users/ERIK/Dropbox/cmpen471/projects/pj7_alpha/ea6Ram.vhd \
      PB ieee/std_logic_1164 1177545575 PB ieee/std_logic_arith 1177545576 \
      PB ieee/STD_LOGIC_UNSIGNED 1177545583
AR work/ea6Ram/struc 1354823918 \
      FL C:/Users/ERIK/Dropbox/cmpen471/projects/pj7_alpha/ea6Ram.vhd \
      EN work/ea6Ram 1354823917 CP ea6Flip CP eainv6buf CP ea2AND
FL C:/Users/ERIK/Dropbox/cmpen471/projects/pj7_alpha/ea6SUB.vhd 2012/11/12.19:47:59 J.36
EN work/ea6SUB 1354823933 \
      FL C:/Users/ERIK/Dropbox/cmpen471/projects/pj7_alpha/ea6SUB.vhd \
      PB ieee/std_logic_1164 1177545575 PB ieee/std_logic_arith 1177545576 \
      PB ieee/STD_LOGIC_UNSIGNED 1177545583
AR work/ea6SUB/struct 1354823934 \
      FL C:/Users/ERIK/Dropbox/cmpen471/projects/pj7_alpha/ea6SUB.vhd \
      EN work/ea6SUB 1354823933 CP ea6XOR CP eaXOR CP eaadd6bit
FL C:/Users/ERIK/Dropbox/cmpen471/projects/pj7_alpha/ea6XOR.vhd 2012/11/11.06:25:26 J.36
EN work/ea6XOR 1354823911 \
      FL C:/Users/ERIK/Dropbox/cmpen471/projects/pj7_alpha/ea6XOR.vhd \
      PB ieee/std_logic_1164 1177545575 PB ieee/std_logic_arith 1177545576 \
      PB ieee/STD_LOGIC_UNSIGNED 1177545583
AR work/ea6XOR/struct 1354823912 \
      FL C:/Users/ERIK/Dropbox/cmpen471/projects/pj7_alpha/ea6XOR.vhd \
      EN work/ea6XOR 1354823911 CP eaXOR
FL C:/Users/ERIK/Dropbox/cmpen471/projects/pj7_alpha/ea7AND.vhd 2012/10/04.12:34:05 J.36
EN work/ea7AND 1354823895 \
      FL C:/Users/ERIK/Dropbox/cmpen471/projects/pj7_alpha/ea7AND.vhd \
      PB ieee/std_logic_1164 1177545575 PB ieee/std_logic_arith 1177545576 \
      PB ieee/STD_LOGIC_UNSIGNED 1177545583
AR work/ea7AND/Behavioral 1354823896 \
      FL C:/Users/ERIK/Dropbox/cmpen471/projects/pj7_alpha/ea7AND.vhd \
      EN work/ea7AND 1354823895
FL C:/Users/ERIK/Dropbox/cmpen471/projects/pj7_alpha/eaadd6bit.vhd 2012/10/04.12:39:49 J.36
EN work/eaadd6bit 1354823913 \
      FL C:/Users/ERIK/Dropbox/cmpen471/projects/pj7_alpha/eaadd6bit.vhd \
      PB ieee/std_logic_1164 1177545575 PB ieee/std_logic_arith 1177545576 \
      PB ieee/STD_LOGIC_UNSIGNED 1177545583
AR work/eaadd6bit/struct 1354823914 \
      FL C:/Users/ERIK/Dropbox/cmpen471/projects/pj7_alpha/eaadd6bit.vhd \
      EN work/eaadd6bit 1354823913 CP ea1bitadder
FL C:/Users/ERIK/Dropbox/cmpen471/projects/pj7_alpha/eaBGMUX.vhd 2012/12/06.02:37:22 J.36
EN work/eaBGMUX 1354823939 \
      FL C:/Users/ERIK/Dropbox/cmpen471/projects/pj7_alpha/eaBGMUX.vhd \
      PB ieee/std_logic_1164 1177545575 PB ieee/std_logic_arith 1177545576 \
      PB ieee/STD_LOGIC_UNSIGNED 1177545583
AR work/eaBGMUX/struct 1354823940 \
      FL C:/Users/ERIK/Dropbox/cmpen471/projects/pj7_alpha/eaBGMUX.vhd \
      EN work/eaBGMUX 1354823939 CP ea4to1MUX
FL C:/Users/ERIK/Dropbox/cmpen471/projects/pj7_alpha/eaDLatch.vhd 2012/10/04.13:04:15 J.36
EN work/eaDlatch 1354823881 \
      FL C:/Users/ERIK/Dropbox/cmpen471/projects/pj7_alpha/eaDLatch.vhd \
      PB ieee/std_logic_1164 1177545575 PB ieee/std_logic_arith 1177545576 \
      PB ieee/STD_LOGIC_UNSIGNED 1177545583
AR work/eaDlatch/struc 1354823882 \
      FL C:/Users/ERIK/Dropbox/cmpen471/projects/pj7_alpha/eaDLatch.vhd \
      EN work/eaDlatch 1354823881 CP ea2to1MUX
FL C:/Users/ERIK/Dropbox/cmpen471/projects/pj7_alpha/eaFlipFlop.vhd 2012/10/04.13:03:03 J.36
EN work/eaFlipFlop 1354823889 \
      FL C:/Users/ERIK/Dropbox/cmpen471/projects/pj7_alpha/eaFlipFlop.vhd \
      PB ieee/std_logic_1164 1177545575 PB ieee/std_logic_arith 1177545576 \
      PB ieee/STD_LOGIC_UNSIGNED 1177545583
AR work/eaFlipFlop/struct 1354823890 \
      FL C:/Users/ERIK/Dropbox/cmpen471/projects/pj7_alpha/eaFlipFlop.vhd \
      EN work/eaFlipFlop 1354823889 CP eaDlatch CP eaINVERT
FL C:/Users/ERIK/Dropbox/cmpen471/projects/pj7_alpha/eaID.vhd 2012/12/06.00:46:15 J.36
EN work/eaID 1354823937 \
      FL C:/Users/ERIK/Dropbox/cmpen471/projects/pj7_alpha/eaID.vhd \
      PB ieee/std_logic_1164 1177545575 PB ieee/std_logic_arith 1177545576 \
      PB ieee/STD_LOGIC_UNSIGNED 1177545583
AR work/eaID/struct 1354823938 \
      FL C:/Users/ERIK/Dropbox/cmpen471/projects/pj7_alpha/eaID.vhd EN work/eaID 1354823937 \
      CP ea2OR CP eaINVERT CP ea2AND CP ea3AND
FL C:/Users/ERIK/Dropbox/cmpen471/projects/pj7_alpha/eainv18buf.vhd 2012/12/05.22:02:42 J.36
EN work/eainv18buf 1354823903 \
      FL C:/Users/ERIK/Dropbox/cmpen471/projects/pj7_alpha/eainv18buf.vhd \
      PB ieee/std_logic_1164 1177545575 PB ieee/std_logic_arith 1177545576 \
      PB ieee/STD_LOGIC_UNSIGNED 1177545583
AR work/eainv18buf/struct 1354823904 \
      FL C:/Users/ERIK/Dropbox/cmpen471/projects/pj7_alpha/eainv18buf.vhd \
      EN work/eainv18buf 1354823903 CP eainvbuf
FL C:/Users/ERIK/Dropbox/cmpen471/projects/pj7_alpha/eainv6buf.vhd 2012/10/04.13:07:07 J.36
EN work/eainv6buf 1354823899 \
      FL C:/Users/ERIK/Dropbox/cmpen471/projects/pj7_alpha/eainv6buf.vhd \
      PB ieee/std_logic_1164 1177545575 PB ieee/std_logic_arith 1177545576 \
      PB ieee/STD_LOGIC_UNSIGNED 1177545583
AR work/eainv6buf/struct 1354823900 \
      FL C:/Users/ERIK/Dropbox/cmpen471/projects/pj7_alpha/eainv6buf.vhd \
      EN work/eainv6buf 1354823899 CP eainvbuf
FL C:/Users/ERIK/Dropbox/cmpen471/projects/pj7_alpha/eainvbuf.vhd 2012/10/01.01:29:00 J.36
EN work/eainvbuf 1354823887 \
      FL C:/Users/ERIK/Dropbox/cmpen471/projects/pj7_alpha/eainvbuf.vhd \
      PB ieee/std_logic_1164 1177545575 PB ieee/std_logic_arith 1177545576 \
      PB ieee/STD_LOGIC_UNSIGNED 1177545583
AR work/eainvbuf/Behavioral 1354823888 \
      FL C:/Users/ERIK/Dropbox/cmpen471/projects/pj7_alpha/eainvbuf.vhd \
      EN work/eainvbuf 1354823887
FL C:/Users/ERIK/Dropbox/cmpen471/projects/pj7_alpha/eaINVERT.vhd 2012/10/04.13:07:50 J.36
EN work/eaINVERT 1354823877 \
      FL C:/Users/ERIK/Dropbox/cmpen471/projects/pj7_alpha/eaINVERT.vhd \
      PB ieee/std_logic_1164 1177545575 PB ieee/std_logic_arith 1177545576 \
      PB ieee/STD_LOGIC_UNSIGNED 1177545583
AR work/eaINVERT/Behavioral 1354823878 \
      FL C:/Users/ERIK/Dropbox/cmpen471/projects/pj7_alpha/eaINVERT.vhd \
      EN work/eaINVERT 1354823877
FL C:/Users/ERIK/Dropbox/cmpen471/projects/pj7_alpha/eaOutputBuf.vhd 2012/10/23.02:26:40 J.36
EN work/eaOutputBuf 1354823919 \
      FL C:/Users/ERIK/Dropbox/cmpen471/projects/pj7_alpha/eaOutputBuf.vhd \
      PB ieee/std_logic_1164 1177545575 PB ieee/std_logic_arith 1177545576 \
      PB ieee/STD_LOGIC_UNSIGNED 1177545583
AR work/eaOutputBuf/struct 1354823920 \
      FL C:/Users/ERIK/Dropbox/cmpen471/projects/pj7_alpha/eaOutputBuf.vhd \
      EN work/eaOutputBuf 1354823919 CP eainvbuf
FL C:/Users/ERIK/Dropbox/cmpen471/projects/pj7_alpha/eaRisc.vhd 2012/12/06.02:25:02 J.36
EN work/eaRisc 1354827033 \
      FL C:/Users/ERIK/Dropbox/cmpen471/projects/pj7_alpha/eaRisc.vhd \
      PB ieee/std_logic_1164 1177545575 PB ieee/std_logic_arith 1177545576 \
      PB ieee/STD_LOGIC_UNSIGNED 1177545583
AR work/eaRisc/struct 1354827034 \
      FL C:/Users/ERIK/Dropbox/cmpen471/projects/pj7_alpha/eaRisc.vhd \
      EN work/eaRisc 1354827033 CP ea64Rom CP ea64x6Ram CP ea6bitMUX CP ea6PCf \
      CP ea6SUB CP eaSM CP eaID CP eaBGMUX CP ea6Flip CP eaFlipFlop
FL C:/Users/ERIK/Dropbox/cmpen471/projects/pj7_alpha/eaSM.vhd 2012/10/22.09:19:24 J.36
EN work/eaSM 1354823935 \
      FL C:/Users/ERIK/Dropbox/cmpen471/projects/pj7_alpha/eaSM.vhd \
      PB ieee/std_logic_1164 1177545575 PB ieee/std_logic_arith 1177545576 \
      PB ieee/STD_LOGIC_UNSIGNED 1177545583
AR work/eaSM/struct 1354823936 \
      FL C:/Users/ERIK/Dropbox/cmpen471/projects/pj7_alpha/eaSM.vhd EN work/eaSM 1354823935 \
      CP eaFlipFlop CP eaINVERT CP ea2to1MUX
FL C:/Users/ERIK/Dropbox/cmpen471/projects/pj7_alpha/eaXOR.vhd 2012/11/11.09:07:40 J.36
EN work/eaXOR 1354823893 \
      FL C:/Users/ERIK/Dropbox/cmpen471/projects/pj7_alpha/eaXOR.vhd \
      PB ieee/std_logic_1164 1177545575 PB ieee/std_logic_arith 1177545576 \
      PB ieee/STD_LOGIC_UNSIGNED 1177545583
AR work/eaXOR/Behavioral 1354823894 \
      FL C:/Users/ERIK/Dropbox/cmpen471/projects/pj7_alpha/eaXOR.vhd \
      EN work/eaXOR 1354823893
