AR ea6pcf struct C:/Users/ERIK/Dropbox/cmpen471/projects/pj6_Be/ea6PCf.vhd sub00/vhpl73 1352934224
EN eaobnon NULL C:/Users/ERIK/Dropbox/cmpen471/projects/pj6_Be/eaOBnon.vhd sub00/vhpl60 1352934211
EN ea7and NULL C:/Users/ERIK/Dropbox/cmpen471/projects/pj6_Be/ea7AND.vhd sub00/vhpl46 1352934197
AR ea6bitmux struct C:/Users/ERIK/Dropbox/cmpen471/projects/pj6_Be/ea6bitMUX.vhd sub00/vhpl33 1352934184
EN ea6pcf NULL C:/Users/ERIK/Dropbox/cmpen471/projects/pj6_Be/ea6PCf.vhd sub00/vhpl72 1352934223
AR ea3nor behavioral C:/Users/ERIK/Dropbox/cmpen471/projects/pj6_Be/ea3NOR.vhd sub00/vhpl41 1352934192
EN eainvbuf NULL C:/Users/ERIK/Dropbox/cmpen471/projects/pj6_Be/eainvbuf.vhd sub00/vhpl10 1352934161
EN ea5to32decoder NULL C:/Users/ERIK/Dropbox/cmpen471/projects/pj6_Be/ea5to32Decoder.vhd sub00/vhpl38 1352934189
AR ea6bit64word struct C:/Users/ERIK/Dropbox/cmpen471/projects/pj6_Be/ea6bit64word.vhd sub00/vhpl69 1352934220
EN ea32x6ram NULL C:/Users/ERIK/Dropbox/cmpen471/projects/pj6_Be/ea32x6Ram.vhd sub00/vhpl62 1352934213
EN eacu NULL C:/Users/ERIK/Dropbox/cmpen471/projects/pj6_Be/eaCU.vhd sub00/vhpl76 1352934227
AR ea32x6ram struct C:/Users/ERIK/Dropbox/cmpen471/projects/pj6_Be/ea32x6Ram.vhd sub00/vhpl63 1352934214
EN eabuf NULL C:/Users/ERIK/Dropbox/cmpen471/projects/pj6_Be/eabuf.vhd sub00/vhpl36 1352934187
EN ea64rom NULL C:/Users/ERIK/Dropbox/cmpen471/projects/pj6_Be/ea64Rom.vhd sub00/vhpl82 1352934233
AR eacu struct C:/Users/ERIK/Dropbox/cmpen471/projects/pj6_Be/eaCU.vhd sub00/vhpl77 1352934228
EN eaadd6bit NULL C:/Users/ERIK/Dropbox/cmpen471/projects/pj6_Be/eaadd6bit.vhd sub00/vhpl50 1352934201
AR eainvert behavioral C:/Users/ERIK/Dropbox/cmpen471/projects/pj6_Be/eaINVERT.vhd sub00/vhpl05 1352934156
EN eaid NULL C:/Users/ERIK/Dropbox/cmpen471/projects/pj6_Be/eaID.vhd sub00/vhpl54 1352934205
AR eaflipflop struct C:/Users/ERIK/Dropbox/cmpen471/projects/pj6_Be/eaFlipFlop.vhd sub00/vhpl17 1352934168
AR ea64x6ram struct C:/Users/ERIK/Dropbox/cmpen471/projects/pj6_Be/ea64x6Ram.vhd sub00/vhpl85 1352934236
EN eacpu NULL C:/Users/ERIK/Dropbox/cmpen471/projects/pj6_Be/eaCPU.vhd sub00/vhpl80 1352934231
EN ea3nor NULL C:/Users/ERIK/Dropbox/cmpen471/projects/pj6_Be/ea3NOR.vhd sub00/vhpl40 1352934191
EN ea6bitto64decoder NULL C:/Users/ERIK/Dropbox/cmpen471/projects/pj6_Be/ea6bitto64decoder.vhd sub00/vhpl66 1352934217
AR eaxor behavioral C:/Users/ERIK/Dropbox/cmpen471/projects/pj6_Be/eaXOR.vhd sub00/vhpl29 1352934180
EN eabgmux NULL C:/Users/ERIK/Dropbox/cmpen471/projects/pj6_Be/eaBGMUX.vhd sub00/vhpl74 1352934225
AR ea7and behavioral C:/Users/ERIK/Dropbox/cmpen471/projects/pj6_Be/ea7AND.vhd sub00/vhpl47 1352934198
AR eainvbuf behavioral C:/Users/ERIK/Dropbox/cmpen471/projects/pj6_Be/eainvbuf.vhd sub00/vhpl11 1352934162
AR easm struct C:/Users/ERIK/Dropbox/cmpen471/projects/pj6_Be/eaSM.vhd sub00/vhpl53 1352934204
AR eaiolatch struc C:/Users/ERIK/Dropbox/cmpen471/projects/pj6_Be/eaIOlatch.vhd sub00/vhpl87 1352934238
EN ea4to1mux NULL C:/Users/ERIK/Dropbox/cmpen471/projects/pj6_Be/ea4to1MUX.vhd sub00/vhpl58 1352934209
EN eair NULL C:/Users/ERIK/Dropbox/cmpen471/projects/pj6_Be/eaIR.vhd sub00/vhpl56 1352934207
EN ea6ram NULL C:/Users/ERIK/Dropbox/cmpen471/projects/pj6_Be/ea6Ram.vhd sub00/vhpl44 1352934195
AR ea6bitto64decoder struct C:/Users/ERIK/Dropbox/cmpen471/projects/pj6_Be/ea6bitto64decoder.vhd sub00/vhpl67 1352934218
EN eainv6buf NULL C:/Users/ERIK/Dropbox/cmpen471/projects/pj6_Be/eainv6buf.vhd sub00/vhpl20 1352934171
AR ea6flip struct C:/Users/ERIK/Dropbox/cmpen471/projects/pj6_Be/ea6Flip.vhd sub00/vhpl31 1352934182
EN ea6bit64word NULL C:/Users/ERIK/Dropbox/cmpen471/projects/pj6_Be/ea6bit64word.vhd sub00/vhpl68 1352934219
AR ea2or behavioral C:/Users/ERIK/Dropbox/cmpen471/projects/pj6_Be/ea2OR.vhd sub00/vhpl65 1352934216
EN ea2to1mux NULL C:/Users/ERIK/Dropbox/cmpen471/projects/pj6_Be/ea2to1MUX.vhd sub00/vhpl06 1352934157
AR eaobnon struct C:/Users/ERIK/Dropbox/cmpen471/projects/pj6_Be/eaOBnon.vhd sub00/vhpl61 1352934212
EN ea64x6ram NULL C:/Users/ERIK/Dropbox/cmpen471/projects/pj6_Be/ea64x6Ram.vhd sub00/vhpl84 1352934235
EN smicro NULL C:/Users/ERIK/Dropbox/cmpen471/projects/pj6_Be/smicro.vhd sub00/vhpl00 1352935515
EN ea6and NULL C:/Users/ERIK/Dropbox/cmpen471/projects/pj6_Be/ea6AND.vhd sub00/vhpl24 1352934175
AR smicro struct C:/Users/ERIK/Dropbox/cmpen471/projects/pj6_Be/smicro.vhd sub00/vhpl01 1352935516
AR ea3nand behavioral C:/Users/ERIK/Dropbox/cmpen471/projects/pj6_Be/ea3NAND.vhd sub00/vhpl13 1352934164
AR ea5to32decoder struct C:/Users/ERIK/Dropbox/cmpen471/projects/pj6_Be/ea5to32Decoder.vhd sub00/vhpl39 1352934190
EN ea3and NULL C:/Users/ERIK/Dropbox/cmpen471/projects/pj6_Be/ea3AND.vhd sub00/vhpl34 1352934185
EN eainvert NULL C:/Users/ERIK/Dropbox/cmpen471/projects/pj6_Be/eaINVERT.vhd sub00/vhpl04 1352934155
EN ea6xor NULL C:/Users/ERIK/Dropbox/cmpen471/projects/pj6_Be/ea6XOR.vhd sub00/vhpl48 1352934199
AR ea6dlatch struct C:/Users/ERIK/Dropbox/cmpen471/projects/pj6_Be/ea6Dlatch.vhd sub00/vhpl19 1352934170
EN eaoutputbuf NULL C:/Users/ERIK/Dropbox/cmpen471/projects/pj6_Be/eaOutputBuf.vhd sub00/vhpl42 1352934193
AR eaid struct C:/Users/ERIK/Dropbox/cmpen471/projects/pj6_Be/eaID.vhd sub00/vhpl55 1352934206
EN ea2nand NULL C:/Users/ERIK/Dropbox/cmpen471/projects/pj6_Be/ea2NAND.vhd sub00/vhpl02 1352934153
AR eabuf behavioral C:/Users/ERIK/Dropbox/cmpen471/projects/pj6_Be/eabuf.vhd sub00/vhpl37 1352934188
AR eaoutputbuf struct C:/Users/ERIK/Dropbox/cmpen471/projects/pj6_Be/eaOutputBuf.vhd sub00/vhpl43 1352934194
AR eacpu struct C:/Users/ERIK/Dropbox/cmpen471/projects/pj6_Be/eaCPU.vhd sub00/vhpl81 1352934232
EN easm NULL C:/Users/ERIK/Dropbox/cmpen471/projects/pj6_Be/eaSM.vhd sub00/vhpl52 1352934203
AR ea6and behavioral C:/Users/ERIK/Dropbox/cmpen471/projects/pj6_Be/ea6AND.vhd sub00/vhpl25 1352934176
EN ea2nor NULL C:/Users/ERIK/Dropbox/cmpen471/projects/pj6_Be/ea2NOR.vhd sub00/vhpl70 1352934221
AR eair struct C:/Users/ERIK/Dropbox/cmpen471/projects/pj6_Be/eaIR.vhd sub00/vhpl57 1352934208
AR ea6xor struct C:/Users/ERIK/Dropbox/cmpen471/projects/pj6_Be/ea6XOR.vhd sub00/vhpl49 1352934200
EN ea6flip NULL C:/Users/ERIK/Dropbox/cmpen471/projects/pj6_Be/ea6Flip.vhd sub00/vhpl30 1352934181
AR ea6sub struct C:/Users/ERIK/Dropbox/cmpen471/projects/pj6_Be/ea6SUB.vhd sub00/vhpl79 1352934230
AR eainv6buf struct C:/Users/ERIK/Dropbox/cmpen471/projects/pj6_Be/eainv6buf.vhd sub00/vhpl21 1352934172
AR eabgmux struct C:/Users/ERIK/Dropbox/cmpen471/projects/pj6_Be/eaBGMUX.vhd sub00/vhpl75 1352934226
EN ea1bitadder NULL C:/Users/ERIK/Dropbox/cmpen471/projects/pj6_Be/ea1bitadder.vhd sub00/vhpl26 1352934177
AR ea4to1mux struct C:/Users/ERIK/Dropbox/cmpen471/projects/pj6_Be/ea4to1MUX.vhd sub00/vhpl59 1352934210
EN ea6bitmux NULL C:/Users/ERIK/Dropbox/cmpen471/projects/pj6_Be/ea6bitMUX.vhd sub00/vhpl32 1352934183
AR ea2and behavioral C:/Users/ERIK/Dropbox/cmpen471/projects/pj6_Be/ea2AND.vhd sub00/vhpl23 1352934174
EN ea3nand NULL C:/Users/ERIK/Dropbox/cmpen471/projects/pj6_Be/ea3NAND.vhd sub00/vhpl12 1352934163
AR ea6ram struc C:/Users/ERIK/Dropbox/cmpen471/projects/pj6_Be/ea6Ram.vhd sub00/vhpl45 1352934196
EN ea2and NULL C:/Users/ERIK/Dropbox/cmpen471/projects/pj6_Be/ea2AND.vhd sub00/vhpl22 1352934173
AR ea1bitadder behavioral C:/Users/ERIK/Dropbox/cmpen471/projects/pj6_Be/ea1bitadder.vhd sub00/vhpl27 1352934178
EN ea2or NULL C:/Users/ERIK/Dropbox/cmpen471/projects/pj6_Be/ea2OR.vhd sub00/vhpl64 1352934215
AR eadlatch struc C:/Users/ERIK/Dropbox/cmpen471/projects/pj6_Be/eaDLatch.vhd sub00/vhpl09 1352934160
EN eaiolatch NULL C:/Users/ERIK/Dropbox/cmpen471/projects/pj6_Be/eaIOlatch.vhd sub00/vhpl86 1352934237
EN ea6dlatch NULL C:/Users/ERIK/Dropbox/cmpen471/projects/pj6_Be/ea6Dlatch.vhd sub00/vhpl18 1352934169
AR ea2nand behavioral C:/Users/ERIK/Dropbox/cmpen471/projects/pj6_Be/ea2NAND.vhd sub00/vhpl03 1352934154
AR eaadd6bit struct C:/Users/ERIK/Dropbox/cmpen471/projects/pj6_Be/eaadd6bit.vhd sub00/vhpl51 1352934202
EN eaflipflop NULL C:/Users/ERIK/Dropbox/cmpen471/projects/pj6_Be/eaFlipFlop.vhd sub00/vhpl16 1352934167
EN ea6sub NULL C:/Users/ERIK/Dropbox/cmpen471/projects/pj6_Be/ea6SUB.vhd sub00/vhpl78 1352934229
AR ea3and behavioral C:/Users/ERIK/Dropbox/cmpen471/projects/pj6_Be/ea3AND.vhd sub00/vhpl35 1352934186
AR ea2nor behavioral C:/Users/ERIK/Dropbox/cmpen471/projects/pj6_Be/ea2NOR.vhd sub00/vhpl71 1352934222
EN eaxor NULL C:/Users/ERIK/Dropbox/cmpen471/projects/pj6_Be/eaXOR.vhd sub00/vhpl28 1352934179
EN eadlatch NULL C:/Users/ERIK/Dropbox/cmpen471/projects/pj6_Be/eaDLatch.vhd sub00/vhpl08 1352934159
AR ea4nand behavioral C:/Users/ERIK/Dropbox/cmpen471/projects/pj6_Be/ea4NAND.vhd sub00/vhpl15 1352934166
AR ea2to1mux struct C:/Users/ERIK/Dropbox/cmpen471/projects/pj6_Be/ea2to1MUX.vhd sub00/vhpl07 1352934158
EN ea4nand NULL C:/Users/ERIK/Dropbox/cmpen471/projects/pj6_Be/ea4NAND.vhd sub00/vhpl14 1352934165
AR ea64rom struct C:/Users/ERIK/Dropbox/cmpen471/projects/pj6_Be/ea64Rom.vhd sub00/vhpl83 1352934234
