EN lor212 NULL C:/Users/ERIK/Dropbox/cmpen471/projects/pj6_Be/lor212.vhw sub00/vhpl98 1352788428
AR ea6pcf struct C:/Users/ERIK/Dropbox/cmpen471/projects/pj6_Be/ea6PCf.vhd sub00/vhpl73 1352674367
EN eaobnon NULL C:/Users/ERIK/Dropbox/cmpen471/projects/pj6_Be/eaOBnon.vhd sub00/vhpl60 1352674354
EN ea7and NULL C:/Users/ERIK/Dropbox/cmpen471/projects/pj6_Be/ea7AND.vhd sub00/vhpl46 1352674340
EN lllll NULL C:/Users/ERIK/Dropbox/cmpen471/projects/pj6_Be/lllll.vhw sub01/vhpl100 1352935541
AR ea6bitmux struct C:/Users/ERIK/Dropbox/cmpen471/projects/pj6_Be/ea6bitMUX.vhd sub00/vhpl33 1352674327
EN ea6pcf NULL C:/Users/ERIK/Dropbox/cmpen471/projects/pj6_Be/ea6PCf.vhd sub00/vhpl72 1352674366
EN eainvbuf NULL C:/Users/ERIK/Dropbox/cmpen471/projects/pj6_Be/eainvbuf.vhd sub00/vhpl10 1352674304
AR ea3nor behavioral C:/Users/ERIK/Dropbox/cmpen471/projects/pj6_Be/ea3NOR.vhd sub00/vhpl41 1352674335
EN kitty1 NULL C:/Users/ERIK/Dropbox/cmpen471/projects/pj6_Be/kitty1.vhw sub00/vhpl94 1352769980
EN ea5to32decoder NULL C:/Users/ERIK/Dropbox/cmpen471/projects/pj6_Be/ea5to32Decoder.vhd sub00/vhpl38 1352674332
AR ea6bit64word struct C:/Users/ERIK/Dropbox/cmpen471/projects/pj6_Be/ea6bit64word.vhd sub00/vhpl69 1352785244
EN ea32x6ram NULL C:/Users/ERIK/Dropbox/cmpen471/projects/pj6_Be/ea32x6Ram.vhd sub00/vhpl62 1352674356
EN eabuf NULL C:/Users/ERIK/Dropbox/cmpen471/projects/pj6_Be/eabuf.vhd sub00/vhpl36 1352674330
AR ea32x6ram struct C:/Users/ERIK/Dropbox/cmpen471/projects/pj6_Be/ea32x6Ram.vhd sub00/vhpl63 1352674357
EN eacu NULL C:/Users/ERIK/Dropbox/cmpen471/projects/pj6_Be/eaCU.vhd sub00/vhpl76 1352784891
EN ea64rom NULL C:/Users/ERIK/Dropbox/cmpen471/projects/pj6_Be/ea64Rom.vhd sub00/vhpl82 1352785245
AR eacu struct C:/Users/ERIK/Dropbox/cmpen471/projects/pj6_Be/eaCU.vhd sub00/vhpl77 1352784892
EN eaadd6bit NULL C:/Users/ERIK/Dropbox/cmpen471/projects/pj6_Be/eaadd6bit.vhd sub00/vhpl50 1352674344
AR eainvert behavioral C:/Users/ERIK/Dropbox/cmpen471/projects/pj6_Be/eaINVERT.vhd sub00/vhpl05 1352674299
AR eaflipflop struct C:/Users/ERIK/Dropbox/cmpen471/projects/pj6_Be/eaFlipFlop.vhd sub00/vhpl17 1352674311
EN eaid NULL C:/Users/ERIK/Dropbox/cmpen471/projects/pj6_Be/eaID.vhd sub00/vhpl54 1352784889
EN ea3nor NULL C:/Users/ERIK/Dropbox/cmpen471/projects/pj6_Be/ea3NOR.vhd sub00/vhpl40 1352674334
EN eacpu NULL C:/Users/ERIK/Dropbox/cmpen471/projects/pj6_Be/eaCPU.vhd sub00/vhpl80 1352934314
AR ea64x6ram struct C:/Users/ERIK/Dropbox/cmpen471/projects/pj6_Be/ea64x6Ram.vhd sub00/vhpl85 1352674379
AR eaxor behavioral C:/Users/ERIK/Dropbox/cmpen471/projects/pj6_Be/eaXOR.vhd sub00/vhpl29 1352674323
EN ea6bitto64decoder NULL C:/Users/ERIK/Dropbox/cmpen471/projects/pj6_Be/ea6bitto64decoder.vhd sub00/vhpl66 1352674360
EN eabgmux NULL C:/Users/ERIK/Dropbox/cmpen471/projects/pj6_Be/eaBGMUX.vhd sub00/vhpl74 1352934312
AR ea7and behavioral C:/Users/ERIK/Dropbox/cmpen471/projects/pj6_Be/ea7AND.vhd sub00/vhpl47 1352674341
AR eainvbuf behavioral C:/Users/ERIK/Dropbox/cmpen471/projects/pj6_Be/eainvbuf.vhd sub00/vhpl11 1352674305
AR easm struct C:/Users/ERIK/Dropbox/cmpen471/projects/pj6_Be/eaSM.vhd sub00/vhpl53 1352674347
AR eaiolatch struc C:/Users/ERIK/Dropbox/cmpen471/projects/pj6_Be/eaIOlatch.vhd sub00/vhpl87 1352674381
EN ea4to1mux NULL C:/Users/ERIK/Dropbox/cmpen471/projects/pj6_Be/ea4to1MUX.vhd sub00/vhpl58 1352674352
EN eair NULL C:/Users/ERIK/Dropbox/cmpen471/projects/pj6_Be/eaIR.vhd sub00/vhpl56 1352674350
EN ea6ram NULL C:/Users/ERIK/Dropbox/cmpen471/projects/pj6_Be/ea6Ram.vhd sub00/vhpl44 1352674338
AR lllll testbench_arch C:/Users/ERIK/Dropbox/cmpen471/projects/pj6_Be/lllll.vhw sub01/vhpl101 1352935542
AR ea6bitto64decoder struct C:/Users/ERIK/Dropbox/cmpen471/projects/pj6_Be/ea6bitto64decoder.vhd sub00/vhpl67 1352674361
EN eainv6buf NULL C:/Users/ERIK/Dropbox/cmpen471/projects/pj6_Be/eainv6buf.vhd sub00/vhpl20 1352674314
AR ea6flip struct C:/Users/ERIK/Dropbox/cmpen471/projects/pj6_Be/ea6Flip.vhd sub00/vhpl31 1352674325
AR lostis testbench_arch C:/Users/ERIK/Dropbox/cmpen471/projects/pj6_Be/lostis.vhw sub00/vhpl91 1352934319
EN ea6bit64word NULL C:/Users/ERIK/Dropbox/cmpen471/projects/pj6_Be/ea6bit64word.vhd sub00/vhpl68 1352785243
EN ea2to1mux NULL C:/Users/ERIK/Dropbox/cmpen471/projects/pj6_Be/ea2to1MUX.vhd sub00/vhpl06 1352674300
AR ea2or behavioral C:/Users/ERIK/Dropbox/cmpen471/projects/pj6_Be/ea2OR.vhd sub00/vhpl65 1352674359
AR eaobnon struct C:/Users/ERIK/Dropbox/cmpen471/projects/pj6_Be/eaOBnon.vhd sub00/vhpl61 1352674355
EN ea64x6ram NULL C:/Users/ERIK/Dropbox/cmpen471/projects/pj6_Be/ea64x6Ram.vhd sub00/vhpl84 1352674378
EN smicro NULL C:/Users/ERIK/Dropbox/cmpen471/projects/pj6_Be/smicro.vhd sub00/vhpl88 1352934316
EN ea6and NULL C:/Users/ERIK/Dropbox/cmpen471/projects/pj6_Be/ea6AND.vhd sub00/vhpl24 1352674318
AR smicro struct C:/Users/ERIK/Dropbox/cmpen471/projects/pj6_Be/smicro.vhd sub00/vhpl89 1352934317
AR ea3nand behavioral C:/Users/ERIK/Dropbox/cmpen471/projects/pj6_Be/ea3NAND.vhd sub00/vhpl13 1352674307
AR ea5to32decoder struct C:/Users/ERIK/Dropbox/cmpen471/projects/pj6_Be/ea5to32Decoder.vhd sub00/vhpl39 1352674333
EN ea3and NULL C:/Users/ERIK/Dropbox/cmpen471/projects/pj6_Be/ea3AND.vhd sub00/vhpl34 1352674328
AR tehi testbench_arch C:/Users/ERIK/Dropbox/cmpen471/projects/pj6_Be/tehi.vhw sub00/vhpl93 1352765672
EN tehi NULL C:/Users/ERIK/Dropbox/cmpen471/projects/pj6_Be/tehi.vhw sub00/vhpl92 1352765671
EN eainvert NULL C:/Users/ERIK/Dropbox/cmpen471/projects/pj6_Be/eaINVERT.vhd sub00/vhpl04 1352674298
EN ea6xor NULL C:/Users/ERIK/Dropbox/cmpen471/projects/pj6_Be/ea6XOR.vhd sub00/vhpl48 1352674342
AR ea6dlatch struct C:/Users/ERIK/Dropbox/cmpen471/projects/pj6_Be/ea6Dlatch.vhd sub00/vhpl19 1352674313
EN eaoutputbuf NULL C:/Users/ERIK/Dropbox/cmpen471/projects/pj6_Be/eaOutputBuf.vhd sub00/vhpl42 1352674336
AR eaid struct C:/Users/ERIK/Dropbox/cmpen471/projects/pj6_Be/eaID.vhd sub00/vhpl55 1352784890
EN ea2nand NULL C:/Users/ERIK/Dropbox/cmpen471/projects/pj6_Be/ea2NAND.vhd sub00/vhpl02 1352674296
AR eabuf behavioral C:/Users/ERIK/Dropbox/cmpen471/projects/pj6_Be/eabuf.vhd sub00/vhpl37 1352674331
AR eaoutputbuf struct C:/Users/ERIK/Dropbox/cmpen471/projects/pj6_Be/eaOutputBuf.vhd sub00/vhpl43 1352674337
EN easm NULL C:/Users/ERIK/Dropbox/cmpen471/projects/pj6_Be/eaSM.vhd sub00/vhpl52 1352674346
AR eacpu struct C:/Users/ERIK/Dropbox/cmpen471/projects/pj6_Be/eaCPU.vhd sub00/vhpl81 1352934315
AR ea6and behavioral C:/Users/ERIK/Dropbox/cmpen471/projects/pj6_Be/ea6AND.vhd sub00/vhpl25 1352674319
AR loros2 testbench_arch C:/Users/ERIK/Dropbox/cmpen471/projects/pj6_Be/loros2.vhw sub00/vhpl97 1352773932
EN ea2nor NULL C:/Users/ERIK/Dropbox/cmpen471/projects/pj6_Be/ea2NOR.vhd sub00/vhpl70 1352674364
AR eair struct C:/Users/ERIK/Dropbox/cmpen471/projects/pj6_Be/eaIR.vhd sub00/vhpl57 1352674351
EN loros2 NULL C:/Users/ERIK/Dropbox/cmpen471/projects/pj6_Be/loros2.vhw sub00/vhpl96 1352773931
EN ea6flip NULL C:/Users/ERIK/Dropbox/cmpen471/projects/pj6_Be/ea6Flip.vhd sub00/vhpl30 1352674324
AR ea6xor struct C:/Users/ERIK/Dropbox/cmpen471/projects/pj6_Be/ea6XOR.vhd sub00/vhpl49 1352674343
AR ea6sub struct C:/Users/ERIK/Dropbox/cmpen471/projects/pj6_Be/ea6SUB.vhd sub00/vhpl79 1352767996
AR eainv6buf struct C:/Users/ERIK/Dropbox/cmpen471/projects/pj6_Be/eainv6buf.vhd sub00/vhpl21 1352674315
AR eabgmux struct C:/Users/ERIK/Dropbox/cmpen471/projects/pj6_Be/eaBGMUX.vhd sub00/vhpl75 1352934313
EN ea1bitadder NULL C:/Users/ERIK/Dropbox/cmpen471/projects/pj6_Be/ea1bitadder.vhd sub00/vhpl26 1352674320
AR ea4to1mux struct C:/Users/ERIK/Dropbox/cmpen471/projects/pj6_Be/ea4to1MUX.vhd sub00/vhpl59 1352674353
EN ea6bitmux NULL C:/Users/ERIK/Dropbox/cmpen471/projects/pj6_Be/ea6bitMUX.vhd sub00/vhpl32 1352674326
AR lor212 testbench_arch C:/Users/ERIK/Dropbox/cmpen471/projects/pj6_Be/lor212.vhw sub00/vhpl99 1352788429
AR ea2and behavioral C:/Users/ERIK/Dropbox/cmpen471/projects/pj6_Be/ea2AND.vhd sub00/vhpl23 1352674317
EN ea3nand NULL C:/Users/ERIK/Dropbox/cmpen471/projects/pj6_Be/ea3NAND.vhd sub00/vhpl12 1352674306
AR ea6ram struc C:/Users/ERIK/Dropbox/cmpen471/projects/pj6_Be/ea6Ram.vhd sub00/vhpl45 1352674339
AR kitty1 testbench_arch C:/Users/ERIK/Dropbox/cmpen471/projects/pj6_Be/kitty1.vhw sub00/vhpl95 1352769981
EN ea2and NULL C:/Users/ERIK/Dropbox/cmpen471/projects/pj6_Be/ea2AND.vhd sub00/vhpl22 1352674316
AR ea1bitadder behavioral C:/Users/ERIK/Dropbox/cmpen471/projects/pj6_Be/ea1bitadder.vhd sub00/vhpl27 1352674321
AR eadlatch struc C:/Users/ERIK/Dropbox/cmpen471/projects/pj6_Be/eaDLatch.vhd sub00/vhpl09 1352674303
EN ea2or NULL C:/Users/ERIK/Dropbox/cmpen471/projects/pj6_Be/ea2OR.vhd sub00/vhpl64 1352674358
EN eaiolatch NULL C:/Users/ERIK/Dropbox/cmpen471/projects/pj6_Be/eaIOlatch.vhd sub00/vhpl86 1352674380
AR ea2nand behavioral C:/Users/ERIK/Dropbox/cmpen471/projects/pj6_Be/ea2NAND.vhd sub00/vhpl03 1352674297
EN ea6dlatch NULL C:/Users/ERIK/Dropbox/cmpen471/projects/pj6_Be/ea6Dlatch.vhd sub00/vhpl18 1352674312
EN eaflipflop NULL C:/Users/ERIK/Dropbox/cmpen471/projects/pj6_Be/eaFlipFlop.vhd sub00/vhpl16 1352674310
AR eaadd6bit struct C:/Users/ERIK/Dropbox/cmpen471/projects/pj6_Be/eaadd6bit.vhd sub00/vhpl51 1352674345
EN ea6sub NULL C:/Users/ERIK/Dropbox/cmpen471/projects/pj6_Be/ea6SUB.vhd sub00/vhpl78 1352767995
AR ea3and behavioral C:/Users/ERIK/Dropbox/cmpen471/projects/pj6_Be/ea3AND.vhd sub00/vhpl35 1352674329
AR ea2nor behavioral C:/Users/ERIK/Dropbox/cmpen471/projects/pj6_Be/ea2NOR.vhd sub00/vhpl71 1352674365
EN eaxor NULL C:/Users/ERIK/Dropbox/cmpen471/projects/pj6_Be/eaXOR.vhd sub00/vhpl28 1352674322
EN eadlatch NULL C:/Users/ERIK/Dropbox/cmpen471/projects/pj6_Be/eaDLatch.vhd sub00/vhpl08 1352674302
AR ea4nand behavioral C:/Users/ERIK/Dropbox/cmpen471/projects/pj6_Be/ea4NAND.vhd sub00/vhpl15 1352674309
EN r2s8mt NULL C:/Users/ERIK/Dropbox/cmpen471/projects/pj6_Be/r2s8mt.vhd sub00/vhpl00 1352674076
AR ea2to1mux struct C:/Users/ERIK/Dropbox/cmpen471/projects/pj6_Be/ea2to1MUX.vhd sub00/vhpl07 1352674301
AR r2s8mt struct C:/Users/ERIK/Dropbox/cmpen471/projects/pj6_Be/r2s8mt.vhd sub00/vhpl01 1352674077
EN ea4nand NULL C:/Users/ERIK/Dropbox/cmpen471/projects/pj6_Be/ea4NAND.vhd sub00/vhpl14 1352674308
AR ea64rom struct C:/Users/ERIK/Dropbox/cmpen471/projects/pj6_Be/ea64Rom.vhd sub00/vhpl83 1352785246
EN lostis NULL C:/Users/ERIK/Dropbox/cmpen471/projects/pj6_Be/lostis.vhw sub00/vhpl90 1352934318
