V3 202
FL C:/Users/ERIK/Dropbox/cmpen471/projects/pj6_Be/cake.vhw 2012/11/14.18:14:08 J.36
EN work/cake 1352934928 \
      FL C:/Users/ERIK/Dropbox/cmpen471/projects/pj6_Be/cake.vhw \
      PB ieee/std_logic_1164 1179176983 PB ieee/std_logic_arith 1179176985 \
      PB ieee/STD_LOGIC_UNSIGNED 1179176991 PB ieee/STD_LOGIC_TEXTIO 1179176993 \
      PB std/textio 1179176969
AR work/cake/testbench_arch 1352934929 \
      FL C:/Users/ERIK/Dropbox/cmpen471/projects/pj6_Be/cake.vhw EN work/cake 1352934928 \
      CP r2s8mt
FL C:/Users/ERIK/Dropbox/cmpen471/projects/pj6_Be/ea1bitadder.vhd 2012/10/04.13:14:05 J.36
EN work/ea1bitadder 1352674320 \
      FL C:/Users/ERIK/Dropbox/cmpen471/projects/pj6_Be/ea1bitadder.vhd \
      PB ieee/std_logic_1164 1179176983 PB ieee/std_logic_arith 1179176985 \
      PB ieee/STD_LOGIC_UNSIGNED 1179176991
AR work/ea1bitadder/Behavioral 1352674321 \
      FL C:/Users/ERIK/Dropbox/cmpen471/projects/pj6_Be/ea1bitadder.vhd \
      EN work/ea1bitadder 1352674320 CP eaINVERT CP ea2NAND CP ea3NAND CP ea4NAND
FL C:/Users/ERIK/Dropbox/cmpen471/projects/pj6_Be/ea2AND.vhd 2012/10/04.13:14:59 J.36
EN work/ea2AND 1352674316 \
      FL C:/Users/ERIK/Dropbox/cmpen471/projects/pj6_Be/ea2AND.vhd \
      PB ieee/std_logic_1164 1179176983 PB ieee/std_logic_arith 1179176985 \
      PB ieee/STD_LOGIC_UNSIGNED 1179176991
AR work/ea2AND/Behavioral 1352674317 \
      FL C:/Users/ERIK/Dropbox/cmpen471/projects/pj6_Be/ea2AND.vhd EN work/ea2AND 1352674316
FL C:/Users/ERIK/Dropbox/cmpen471/projects/pj6_Be/ea2NAND.vhd 2012/10/04.13:17:24 J.36
EN work/ea2NAND 1352674296 \
      FL C:/Users/ERIK/Dropbox/cmpen471/projects/pj6_Be/ea2NAND.vhd \
      PB ieee/std_logic_1164 1179176983 PB ieee/std_logic_arith 1179176985 \
      PB ieee/STD_LOGIC_UNSIGNED 1179176991
AR work/ea2NAND/Behavioral 1352674297 \
      FL C:/Users/ERIK/Dropbox/cmpen471/projects/pj6_Be/ea2NAND.vhd \
      EN work/ea2NAND 1352674296
FL C:/Users/ERIK/Dropbox/cmpen471/projects/pj6_Be/ea2NOR.vhd 2012/10/04.13:18:18 J.36
EN work/ea2NOR 1352674364 \
      FL C:/Users/ERIK/Dropbox/cmpen471/projects/pj6_Be/ea2NOR.vhd \
      PB ieee/std_logic_1164 1179176983 PB ieee/std_logic_arith 1179176985 \
      PB ieee/STD_LOGIC_UNSIGNED 1179176991
AR work/ea2NOR/Behavioral 1352674365 \
      FL C:/Users/ERIK/Dropbox/cmpen471/projects/pj6_Be/ea2NOR.vhd EN work/ea2NOR 1352674364
FL C:/Users/ERIK/Dropbox/cmpen471/projects/pj6_Be/ea2OR.vhd 2012/10/09.00:29:40 J.36
EN work/ea2OR 1352674358 \
      FL C:/Users/ERIK/Dropbox/cmpen471/projects/pj6_Be/ea2OR.vhd \
      PB ieee/std_logic_1164 1179176983 PB ieee/std_logic_arith 1179176985 \
      PB ieee/STD_LOGIC_UNSIGNED 1179176991
AR work/ea2OR/Behavioral 1352674359 \
      FL C:/Users/ERIK/Dropbox/cmpen471/projects/pj6_Be/ea2OR.vhd EN work/ea2OR 1352674358
FL C:/Users/ERIK/Dropbox/cmpen471/projects/pj6_Be/ea2to1MUX.vhd 2012/10/04.13:20:10 J.36
EN work/ea2to1MUX 1352674300 \
      FL C:/Users/ERIK/Dropbox/cmpen471/projects/pj6_Be/ea2to1MUX.vhd \
      PB ieee/std_logic_1164 1179176983 PB ieee/std_logic_arith 1179176985 \
      PB ieee/STD_LOGIC_UNSIGNED 1179176991
AR work/ea2to1MUX/struct 1352674301 \
      FL C:/Users/ERIK/Dropbox/cmpen471/projects/pj6_Be/ea2to1MUX.vhd \
      EN work/ea2to1MUX 1352674300 CP ea2NAND CP eaINVERT
FL C:/Users/ERIK/Dropbox/cmpen471/projects/pj6_Be/ea32x6Ram.vhd 2012/10/11.02:04:05 J.36
EN work/ea32x6Ram 1352674356 \
      FL C:/Users/ERIK/Dropbox/cmpen471/projects/pj6_Be/ea32x6Ram.vhd \
      PB ieee/std_logic_1164 1179176983 PB ieee/std_logic_arith 1179176985 \
      PB ieee/STD_LOGIC_UNSIGNED 1179176991
AR work/ea32x6Ram/struct 1352674357 \
      FL C:/Users/ERIK/Dropbox/cmpen471/projects/pj6_Be/ea32x6Ram.vhd \
      EN work/ea32x6Ram 1352674356 CP ea5to32Decoder CP eaINVERT CP ea3NOR \
      CP eaOutputBuf CP ea6Ram
FL C:/Users/ERIK/Dropbox/cmpen471/projects/pj6_Be/ea3AND.vhd 2012/10/04.13:20:37 J.36
EN work/ea3AND 1352674328 \
      FL C:/Users/ERIK/Dropbox/cmpen471/projects/pj6_Be/ea3AND.vhd \
      PB ieee/std_logic_1164 1179176983 PB ieee/std_logic_arith 1179176985 \
      PB ieee/STD_LOGIC_UNSIGNED 1179176991
AR work/ea3AND/Behavioral 1352674329 \
      FL C:/Users/ERIK/Dropbox/cmpen471/projects/pj6_Be/ea3AND.vhd EN work/ea3AND 1352674328
FL C:/Users/ERIK/Dropbox/cmpen471/projects/pj6_Be/ea3NAND.vhd 2012/10/04.13:23:45 J.36
EN work/ea3NAND 1352674306 \
      FL C:/Users/ERIK/Dropbox/cmpen471/projects/pj6_Be/ea3NAND.vhd \
      PB ieee/std_logic_1164 1179176983 PB ieee/std_logic_arith 1179176985 \
      PB ieee/STD_LOGIC_UNSIGNED 1179176991
AR work/ea3NAND/Behavioral 1352674307 \
      FL C:/Users/ERIK/Dropbox/cmpen471/projects/pj6_Be/ea3NAND.vhd \
      EN work/ea3NAND 1352674306
FL C:/Users/ERIK/Dropbox/cmpen471/projects/pj6_Be/ea3NOR.vhd 2012/10/09.00:42:01 J.36
EN work/ea3NOR 1352674334 \
      FL C:/Users/ERIK/Dropbox/cmpen471/projects/pj6_Be/ea3NOR.vhd \
      PB ieee/std_logic_1164 1179176983 PB ieee/std_logic_arith 1179176985 \
      PB ieee/STD_LOGIC_UNSIGNED 1179176991
AR work/ea3NOR/Behavioral 1352674335 \
      FL C:/Users/ERIK/Dropbox/cmpen471/projects/pj6_Be/ea3NOR.vhd EN work/ea3NOR 1352674334
FL C:/Users/ERIK/Dropbox/cmpen471/projects/pj6_Be/ea4NAND.vhd 2012/10/04.12:59:30 J.36
EN work/ea4NAND 1352674308 \
      FL C:/Users/ERIK/Dropbox/cmpen471/projects/pj6_Be/ea4NAND.vhd \
      PB ieee/std_logic_1164 1179176983 PB ieee/std_logic_arith 1179176985 \
      PB ieee/STD_LOGIC_UNSIGNED 1179176991
AR work/ea4NAND/Behavioral 1352674309 \
      FL C:/Users/ERIK/Dropbox/cmpen471/projects/pj6_Be/ea4NAND.vhd \
      EN work/ea4NAND 1352674308
FL C:/Users/ERIK/Dropbox/cmpen471/projects/pj6_Be/ea4to1MUX.vhd 2012/10/04.13:01:09 J.36
EN work/ea4to1MUX 1352674352 \
      FL C:/Users/ERIK/Dropbox/cmpen471/projects/pj6_Be/ea4to1MUX.vhd \
      PB ieee/std_logic_1164 1179176983 PB ieee/std_logic_arith 1179176985 \
      PB ieee/STD_LOGIC_UNSIGNED 1179176991
AR work/ea4to1MUX/struct 1352674353 \
      FL C:/Users/ERIK/Dropbox/cmpen471/projects/pj6_Be/ea4to1MUX.vhd \
      EN work/ea4to1MUX 1352674352 CP eaINVERT CP ea3NAND CP ea4NAND
FL C:/Users/ERIK/Dropbox/cmpen471/projects/pj6_Be/ea5to32Decoder.vhd 2012/10/11.04:21:08 J.36
EN work/ea5to32Decoder 1352674332 \
      FL C:/Users/ERIK/Dropbox/cmpen471/projects/pj6_Be/ea5to32Decoder.vhd \
      PB ieee/std_logic_1164 1179176983 PB ieee/std_logic_arith 1179176985 \
      PB ieee/STD_LOGIC_UNSIGNED 1179176991
AR work/ea5to32Decoder/struct 1352674333 \
      FL C:/Users/ERIK/Dropbox/cmpen471/projects/pj6_Be/ea5to32Decoder.vhd \
      EN work/ea5to32Decoder 1352674332 CP ea6AND CP eaINVERT
FL C:/Users/ERIK/Dropbox/cmpen471/projects/pj6_Be/ea64Rom.vhd 2012/10/04.12:35:35 J.36
EN work/ea64Rom 1352785245 \
      FL C:/Users/ERIK/Dropbox/cmpen471/projects/pj6_Be/ea64Rom.vhd \
      PB ieee/std_logic_1164 1179176983 PB ieee/std_logic_arith 1179176985 \
      PB ieee/STD_LOGIC_UNSIGNED 1179176991
AR work/ea64Rom/struct 1352785246 \
      FL C:/Users/ERIK/Dropbox/cmpen471/projects/pj6_Be/ea64Rom.vhd \
      EN work/ea64Rom 1352785245 CP ea6bitto64decoder CP ea6bit64word CP ea2NOR \
      CP eaOutputBuf
FL C:/Users/ERIK/Dropbox/cmpen471/projects/pj6_Be/ea64x6Ram.vhd 2012/10/11.05:01:13 J.36
EN work/ea64x6Ram 1352674378 \
      FL C:/Users/ERIK/Dropbox/cmpen471/projects/pj6_Be/ea64x6Ram.vhd \
      PB ieee/std_logic_1164 1179176983 PB ieee/std_logic_arith 1179176985 \
      PB ieee/STD_LOGIC_UNSIGNED 1179176991
AR work/ea64x6Ram/struct 1352674379 \
      FL C:/Users/ERIK/Dropbox/cmpen471/projects/pj6_Be/ea64x6Ram.vhd \
      EN work/ea64x6Ram 1352674378 CP ea32x6Ram CP eaINVERT CP ea2OR
FL C:/Users/ERIK/Dropbox/cmpen471/projects/pj6_Be/ea6AND.vhd 2012/10/09.00:04:57 J.36
EN work/ea6AND 1352674318 \
      FL C:/Users/ERIK/Dropbox/cmpen471/projects/pj6_Be/ea6AND.vhd \
      PB ieee/std_logic_1164 1179176983 PB ieee/std_logic_arith 1179176985 \
      PB ieee/STD_LOGIC_UNSIGNED 1179176991
AR work/ea6AND/Behavioral 1352674319 \
      FL C:/Users/ERIK/Dropbox/cmpen471/projects/pj6_Be/ea6AND.vhd EN work/ea6AND 1352674318
FL C:/Users/ERIK/Dropbox/cmpen471/projects/pj6_Be/ea6bit64word.vhd 2012/11/13.00:40:25 J.36
EN work/ea6bit64word 1352785243 \
      FL C:/Users/ERIK/Dropbox/cmpen471/projects/pj6_Be/ea6bit64word.vhd \
      PB ieee/std_logic_1164 1179176983 PB ieee/std_logic_arith 1179176985 \
      PB ieee/STD_LOGIC_UNSIGNED 1179176991
AR work/ea6bit64word/struct 1352785244 \
      FL C:/Users/ERIK/Dropbox/cmpen471/projects/pj6_Be/ea6bit64word.vhd \
      EN work/ea6bit64word 1352785243 CP eainv6buf
FL C:/Users/ERIK/Dropbox/cmpen471/projects/pj6_Be/ea6bitMUX.vhd 2012/10/04.12:19:31 J.36
EN work/ea6bitMUX 1352674326 \
      FL C:/Users/ERIK/Dropbox/cmpen471/projects/pj6_Be/ea6bitMUX.vhd \
      PB ieee/std_logic_1164 1179176983 PB ieee/std_logic_arith 1179176985 \
      PB ieee/STD_LOGIC_UNSIGNED 1179176991
AR work/ea6bitMUX/struct 1352674327 \
      FL C:/Users/ERIK/Dropbox/cmpen471/projects/pj6_Be/ea6bitMUX.vhd \
      EN work/ea6bitMUX 1352674326 CP ea2to1MUX
FL C:/Users/ERIK/Dropbox/cmpen471/projects/pj6_Be/ea6bitto64decoder.vhd 2012/10/04.12:20:38 J.36
EN work/ea6bitto64decoder 1352674360 \
      FL C:/Users/ERIK/Dropbox/cmpen471/projects/pj6_Be/ea6bitto64decoder.vhd \
      PB ieee/std_logic_1164 1179176983 PB ieee/std_logic_arith 1179176985 \
      PB ieee/STD_LOGIC_UNSIGNED 1179176991
AR work/ea6bitto64decoder/struct 1352674361 \
      FL C:/Users/ERIK/Dropbox/cmpen471/projects/pj6_Be/ea6bitto64decoder.vhd \
      EN work/ea6bitto64decoder 1352674360 CP ea7AND CP eaINVERT
FL C:/Users/ERIK/Dropbox/cmpen471/projects/pj6_Be/ea6Dlatch.vhd 2012/10/08.23:40:45 J.36
EN work/ea6Dlatch 1352674312 \
      FL C:/Users/ERIK/Dropbox/cmpen471/projects/pj6_Be/ea6Dlatch.vhd \
      PB ieee/std_logic_1164 1179176983 PB ieee/std_logic_arith 1179176985 \
      PB ieee/STD_LOGIC_UNSIGNED 1179176991
AR work/ea6Dlatch/struct 1352674313 \
      FL C:/Users/ERIK/Dropbox/cmpen471/projects/pj6_Be/ea6Dlatch.vhd \
      EN work/ea6Dlatch 1352674312 CP eaDlatch
FL C:/Users/ERIK/Dropbox/cmpen471/projects/pj6_Be/ea6Flip.vhd 2012/10/04.12:21:37 J.36
EN work/ea6Flip 1352674324 \
      FL C:/Users/ERIK/Dropbox/cmpen471/projects/pj6_Be/ea6Flip.vhd \
      PB ieee/std_logic_1164 1179176983 PB ieee/std_logic_arith 1179176985 \
      PB ieee/STD_LOGIC_UNSIGNED 1179176991
AR work/ea6Flip/struct 1352674325 \
      FL C:/Users/ERIK/Dropbox/cmpen471/projects/pj6_Be/ea6Flip.vhd \
      EN work/ea6Flip 1352674324 CP eaFlipFlop
FL C:/Users/ERIK/Dropbox/cmpen471/projects/pj6_Be/ea6PCf.vhd 2012/10/04.12:22:14 J.36
EN work/ea6PCf 1352674366 \
      FL C:/Users/ERIK/Dropbox/cmpen471/projects/pj6_Be/ea6PCf.vhd \
      PB ieee/std_logic_1164 1179176983 PB ieee/std_logic_arith 1179176985 \
      PB ieee/STD_LOGIC_UNSIGNED 1179176991
AR work/ea6PCf/struct 1352674367 \
      FL C:/Users/ERIK/Dropbox/cmpen471/projects/pj6_Be/ea6PCf.vhd EN work/ea6PCf 1352674366 \
      CP ea6bitMUX CP ea6Flip CP eaadd6bit
FL C:/Users/ERIK/Dropbox/cmpen471/projects/pj6_Be/ea6Ram.vhd 2012/10/10.22:43:11 J.36
EN work/ea6Ram 1352674338 \
      FL C:/Users/ERIK/Dropbox/cmpen471/projects/pj6_Be/ea6Ram.vhd \
      PB ieee/std_logic_1164 1179176983 PB ieee/std_logic_arith 1179176985 \
      PB ieee/STD_LOGIC_UNSIGNED 1179176991
AR work/ea6Ram/struc 1352674339 \
      FL C:/Users/ERIK/Dropbox/cmpen471/projects/pj6_Be/ea6Ram.vhd EN work/ea6Ram 1352674338 \
      CP ea6Dlatch CP eainv6buf CP ea2AND
FL C:/Users/ERIK/Dropbox/cmpen471/projects/pj6_Be/ea6SUB.vhd 2012/11/12.19:47:59 J.36
EN work/ea6SUB 1352767995 \
      FL C:/Users/ERIK/Dropbox/cmpen471/projects/pj6_Be/ea6SUB.vhd \
      PB ieee/std_logic_1164 1179176983 PB ieee/std_logic_arith 1179176985 \
      PB ieee/STD_LOGIC_UNSIGNED 1179176991
AR work/ea6SUB/struct 1352767996 \
      FL C:/Users/ERIK/Dropbox/cmpen471/projects/pj6_Be/ea6SUB.vhd EN work/ea6SUB 1352767995 \
      CP ea6XOR CP eaXOR CP eaadd6bit
FL C:/Users/ERIK/Dropbox/cmpen471/projects/pj6_Be/ea6XOR.vhd 2012/11/11.06:25:26 J.36
EN work/ea6XOR 1352674342 \
      FL C:/Users/ERIK/Dropbox/cmpen471/projects/pj6_Be/ea6XOR.vhd \
      PB ieee/std_logic_1164 1179176983 PB ieee/std_logic_arith 1179176985 \
      PB ieee/STD_LOGIC_UNSIGNED 1179176991
AR work/ea6XOR/struct 1352674343 \
      FL C:/Users/ERIK/Dropbox/cmpen471/projects/pj6_Be/ea6XOR.vhd EN work/ea6XOR 1352674342 \
      CP eaXOR
FL C:/Users/ERIK/Dropbox/cmpen471/projects/pj6_Be/ea7AND.vhd 2012/10/04.12:34:05 J.36
EN work/ea7AND 1352674340 \
      FL C:/Users/ERIK/Dropbox/cmpen471/projects/pj6_Be/ea7AND.vhd \
      PB ieee/std_logic_1164 1179176983 PB ieee/std_logic_arith 1179176985 \
      PB ieee/STD_LOGIC_UNSIGNED 1179176991
AR work/ea7AND/Behavioral 1352674341 \
      FL C:/Users/ERIK/Dropbox/cmpen471/projects/pj6_Be/ea7AND.vhd EN work/ea7AND 1352674340
FL C:/Users/ERIK/Dropbox/cmpen471/projects/pj6_Be/eaadd6bit.vhd 2012/10/04.12:39:49 J.36
EN work/eaadd6bit 1352674344 \
      FL C:/Users/ERIK/Dropbox/cmpen471/projects/pj6_Be/eaadd6bit.vhd \
      PB ieee/std_logic_1164 1179176983 PB ieee/std_logic_arith 1179176985 \
      PB ieee/STD_LOGIC_UNSIGNED 1179176991
AR work/eaadd6bit/struct 1352674345 \
      FL C:/Users/ERIK/Dropbox/cmpen471/projects/pj6_Be/eaadd6bit.vhd \
      EN work/eaadd6bit 1352674344 CP ea1bitadder
FL C:/Users/ERIK/Dropbox/cmpen471/projects/pj6_Be/eaBGMUX.vhd 2012/11/12.23:18:03 J.36
EN work/eaBGMUX 1352780324 \
      FL C:/Users/ERIK/Dropbox/cmpen471/projects/pj6_Be/eaBGMUX.vhd \
      PB ieee/std_logic_1164 1179176983 PB ieee/std_logic_arith 1179176985 \
      PB ieee/STD_LOGIC_UNSIGNED 1179176991
AR work/eaBGMUX/struct 1352780325 \
      FL C:/Users/ERIK/Dropbox/cmpen471/projects/pj6_Be/eaBGMUX.vhd \
      EN work/eaBGMUX 1352780324 CP ea4to1MUX
FL C:/Users/ERIK/Dropbox/cmpen471/projects/pj6_Be/eabuf.vhd 2012/10/23.12:21:09 J.36
EN work/eabuf 1352674330 \
      FL C:/Users/ERIK/Dropbox/cmpen471/projects/pj6_Be/eabuf.vhd \
      PB ieee/std_logic_1164 1179176983 PB ieee/std_logic_arith 1179176985 \
      PB ieee/STD_LOGIC_UNSIGNED 1179176991
AR work/eabuf/Behavioral 1352674331 \
      FL C:/Users/ERIK/Dropbox/cmpen471/projects/pj6_Be/eabuf.vhd EN work/eabuf 1352674330
FL C:/Users/ERIK/Dropbox/cmpen471/projects/pj6_Be/eaCPU.vhd 2012/11/12.21:34:15 J.36
EN work/eaCPU 1352784893 \
      FL C:/Users/ERIK/Dropbox/cmpen471/projects/pj6_Be/eaCPU.vhd \
      PB ieee/std_logic_1164 1179176983 PB ieee/std_logic_arith 1179176985 \
      PB ieee/STD_LOGIC_UNSIGNED 1179176991
AR work/eaCPU/struct 1352784894 \
      FL C:/Users/ERIK/Dropbox/cmpen471/projects/pj6_Be/eaCPU.vhd EN work/eaCPU 1352784893 \
      CP ea6PCf CP eaBGMUX CP ea6Flip CP eaOBnon CP eaCU CP ea6bitMUX CP eaFlipFlop \
      CP ea6SUB
FL C:/Users/ERIK/Dropbox/cmpen471/projects/pj6_Be/eaCU.vhd 2012/11/11.08:16:44 J.36
EN work/eaCU 1352784891 \
      FL C:/Users/ERIK/Dropbox/cmpen471/projects/pj6_Be/eaCU.vhd \
      PB ieee/std_logic_1164 1179176983 PB ieee/std_logic_arith 1179176985 \
      PB ieee/STD_LOGIC_UNSIGNED 1179176991
AR work/eaCU/struct 1352784892 \
      FL C:/Users/ERIK/Dropbox/cmpen471/projects/pj6_Be/eaCU.vhd EN work/eaCU 1352784891 \
      CP eaSM CP eaID CP eaIR
FL C:/Users/ERIK/Dropbox/cmpen471/projects/pj6_Be/eaDLatch.vhd 2012/10/04.13:04:15 J.36
EN work/eaDlatch 1352674302 \
      FL C:/Users/ERIK/Dropbox/cmpen471/projects/pj6_Be/eaDLatch.vhd \
      PB ieee/std_logic_1164 1179176983 PB ieee/std_logic_arith 1179176985 \
      PB ieee/STD_LOGIC_UNSIGNED 1179176991
AR work/eaDlatch/struc 1352674303 \
      FL C:/Users/ERIK/Dropbox/cmpen471/projects/pj6_Be/eaDLatch.vhd \
      EN work/eaDlatch 1352674302 CP ea2to1MUX
FL C:/Users/ERIK/Dropbox/cmpen471/projects/pj6_Be/eaFlipFlop.vhd 2012/10/04.13:03:03 J.36
EN work/eaFlipFlop 1352674310 \
      FL C:/Users/ERIK/Dropbox/cmpen471/projects/pj6_Be/eaFlipFlop.vhd \
      PB ieee/std_logic_1164 1179176983 PB ieee/std_logic_arith 1179176985 \
      PB ieee/STD_LOGIC_UNSIGNED 1179176991
AR work/eaFlipFlop/struct 1352674311 \
      FL C:/Users/ERIK/Dropbox/cmpen471/projects/pj6_Be/eaFlipFlop.vhd \
      EN work/eaFlipFlop 1352674310 CP eaDlatch CP eaINVERT
FL C:/Users/ERIK/Dropbox/cmpen471/projects/pj6_Be/eaID.vhd 2012/11/13.00:34:15 J.36
EN work/eaID 1352784889 \
      FL C:/Users/ERIK/Dropbox/cmpen471/projects/pj6_Be/eaID.vhd \
      PB ieee/std_logic_1164 1179176983 PB ieee/std_logic_arith 1179176985 \
      PB ieee/STD_LOGIC_UNSIGNED 1179176991
AR work/eaID/struct 1352784890 \
      FL C:/Users/ERIK/Dropbox/cmpen471/projects/pj6_Be/eaID.vhd EN work/eaID 1352784889 \
      CP ea2AND CP eaINVERT CP ea3AND CP ea2NAND CP ea3NAND
FL C:/Users/ERIK/Dropbox/cmpen471/projects/pj6_Be/eainv6buf.vhd 2012/10/04.13:07:07 J.36
EN work/eainv6buf 1352674314 \
      FL C:/Users/ERIK/Dropbox/cmpen471/projects/pj6_Be/eainv6buf.vhd \
      PB ieee/std_logic_1164 1179176983 PB ieee/std_logic_arith 1179176985 \
      PB ieee/STD_LOGIC_UNSIGNED 1179176991
AR work/eainv6buf/struct 1352674315 \
      FL C:/Users/ERIK/Dropbox/cmpen471/projects/pj6_Be/eainv6buf.vhd \
      EN work/eainv6buf 1352674314 CP eainvbuf
FL C:/Users/ERIK/Dropbox/cmpen471/projects/pj6_Be/eainvbuf.vhd 2012/10/01.01:29:00 J.36
EN work/eainvbuf 1352674304 \
      FL C:/Users/ERIK/Dropbox/cmpen471/projects/pj6_Be/eainvbuf.vhd \
      PB ieee/std_logic_1164 1179176983 PB ieee/std_logic_arith 1179176985 \
      PB ieee/STD_LOGIC_UNSIGNED 1179176991
AR work/eainvbuf/Behavioral 1352674305 \
      FL C:/Users/ERIK/Dropbox/cmpen471/projects/pj6_Be/eainvbuf.vhd \
      EN work/eainvbuf 1352674304
FL C:/Users/ERIK/Dropbox/cmpen471/projects/pj6_Be/eaINVERT.vhd 2012/10/04.13:07:50 J.36
EN work/eaINVERT 1352674298 \
      FL C:/Users/ERIK/Dropbox/cmpen471/projects/pj6_Be/eaINVERT.vhd \
      PB ieee/std_logic_1164 1179176983 PB ieee/std_logic_arith 1179176985 \
      PB ieee/STD_LOGIC_UNSIGNED 1179176991
AR work/eaINVERT/Behavioral 1352674299 \
      FL C:/Users/ERIK/Dropbox/cmpen471/projects/pj6_Be/eaINVERT.vhd \
      EN work/eaINVERT 1352674298
FL C:/Users/ERIK/Dropbox/cmpen471/projects/pj6_Be/eaIOlatch.vhd 2012/11/11.13:23:55 J.36
EN work/eaIOlatch 1352674380 \
      FL C:/Users/ERIK/Dropbox/cmpen471/projects/pj6_Be/eaIOlatch.vhd \
      PB ieee/std_logic_1164 1179176983 PB ieee/std_logic_arith 1179176985 \
      PB ieee/STD_LOGIC_UNSIGNED 1179176991
AR work/eaIOlatch/struc 1352674381 \
      FL C:/Users/ERIK/Dropbox/cmpen471/projects/pj6_Be/eaIOlatch.vhd \
      EN work/eaIOlatch 1352674380 CP ea6Dlatch CP eaOBnon
FL C:/Users/ERIK/Dropbox/cmpen471/projects/pj6_Be/eaIR.vhd 2012/10/22.09:29:23 J.36
EN work/eaIR 1352674350 \
      FL C:/Users/ERIK/Dropbox/cmpen471/projects/pj6_Be/eaIR.vhd \
      PB ieee/std_logic_1164 1179176983 PB ieee/std_logic_arith 1179176985 \
      PB ieee/STD_LOGIC_UNSIGNED 1179176991
AR work/eaIR/struct 1352674351 \
      FL C:/Users/ERIK/Dropbox/cmpen471/projects/pj6_Be/eaIR.vhd EN work/eaIR 1352674350 \
      CP ea6Flip CP ea6bitMUX
FL C:/Users/ERIK/Dropbox/cmpen471/projects/pj6_Be/eaOBnon.vhd 2012/10/23.12:56:21 J.36
EN work/eaOBnon 1352674354 \
      FL C:/Users/ERIK/Dropbox/cmpen471/projects/pj6_Be/eaOBnon.vhd \
      PB ieee/std_logic_1164 1179176983 PB ieee/std_logic_arith 1179176985 \
      PB ieee/STD_LOGIC_UNSIGNED 1179176991
AR work/eaOBnon/struct 1352674355 \
      FL C:/Users/ERIK/Dropbox/cmpen471/projects/pj6_Be/eaOBnon.vhd \
      EN work/eaOBnon 1352674354 CP eabuf
FL C:/Users/ERIK/Dropbox/cmpen471/projects/pj6_Be/eaOutputBuf.vhd 2012/10/23.02:26:40 J.36
EN work/eaOutputBuf 1352674336 \
      FL C:/Users/ERIK/Dropbox/cmpen471/projects/pj6_Be/eaOutputBuf.vhd \
      PB ieee/std_logic_1164 1179176983 PB ieee/std_logic_arith 1179176985 \
      PB ieee/STD_LOGIC_UNSIGNED 1179176991
AR work/eaOutputBuf/struct 1352674337 \
      FL C:/Users/ERIK/Dropbox/cmpen471/projects/pj6_Be/eaOutputBuf.vhd \
      EN work/eaOutputBuf 1352674336 CP eainvbuf
FL C:/Users/ERIK/Dropbox/cmpen471/projects/pj6_Be/eaSM.vhd 2012/10/22.09:19:24 J.36
EN work/eaSM 1352674346 \
      FL C:/Users/ERIK/Dropbox/cmpen471/projects/pj6_Be/eaSM.vhd \
      PB ieee/std_logic_1164 1179176983 PB ieee/std_logic_arith 1179176985 \
      PB ieee/STD_LOGIC_UNSIGNED 1179176991
AR work/eaSM/struct 1352674347 \
      FL C:/Users/ERIK/Dropbox/cmpen471/projects/pj6_Be/eaSM.vhd EN work/eaSM 1352674346 \
      CP eaFlipFlop CP eaINVERT CP ea2to1MUX
FL C:/Users/ERIK/Dropbox/cmpen471/projects/pj6_Be/eaXOR.vhd 2012/11/11.09:07:40 J.36
EN work/eaXOR 1352674322 \
      FL C:/Users/ERIK/Dropbox/cmpen471/projects/pj6_Be/eaXOR.vhd \
      PB ieee/std_logic_1164 1179176983 PB ieee/std_logic_arith 1179176985 \
      PB ieee/STD_LOGIC_UNSIGNED 1179176991
AR work/eaXOR/Behavioral 1352674323 \
      FL C:/Users/ERIK/Dropbox/cmpen471/projects/pj6_Be/eaXOR.vhd EN work/eaXOR 1352674322
FL C:/Users/ERIK/Dropbox/cmpen471/projects/pj6_Be/kitty1.vhw 2012/11/12.19:53:48 J.36
EN work/kitty1 1352769980 \
      FL C:/Users/ERIK/Dropbox/cmpen471/projects/pj6_Be/kitty1.vhw \
      PB ieee/std_logic_1164 1179176983 PB ieee/std_logic_arith 1179176985 \
      PB ieee/STD_LOGIC_UNSIGNED 1179176991 PB ieee/STD_LOGIC_TEXTIO 1179176993 \
      PB std/textio 1179176969
AR work/kitty1/testbench_arch 1352769981 \
      FL C:/Users/ERIK/Dropbox/cmpen471/projects/pj6_Be/kitty1.vhw EN work/kitty1 1352769980 \
      CP smicro
FL C:/Users/ERIK/Dropbox/cmpen471/projects/pj6_Be/lor212.ant 2012/11/13.00:10:16 J.36
FL C:/Users/ERIK/Dropbox/cmpen471/projects/pj6_Be/lor212.vhw 2012/11/13.01:33:30 J.36
EN work/lor212 1352788428 \
      FL C:/Users/ERIK/Dropbox/cmpen471/projects/pj6_Be/lor212.vhw \
      PB ieee/std_logic_1164 1179176983 PB ieee/std_logic_arith 1179176985 \
      PB ieee/STD_LOGIC_UNSIGNED 1179176991 PB ieee/STD_LOGIC_TEXTIO 1179176993 \
      PB std/textio 1179176969
AR work/lor212/testbench_arch 1352788429 \
      FL C:/Users/ERIK/Dropbox/cmpen471/projects/pj6_Be/lor212.vhw EN work/lor212 1352788428 \
      CP smicro
FL C:/Users/ERIK/Dropbox/cmpen471/projects/pj6_Be/loros2.vhw 2012/11/12.20:35:45 J.36
EN work/loros2 1352773931 \
      FL C:/Users/ERIK/Dropbox/cmpen471/projects/pj6_Be/loros2.vhw \
      PB ieee/std_logic_1164 1179176983 PB ieee/std_logic_arith 1179176985 \
      PB ieee/STD_LOGIC_UNSIGNED 1179176991 PB ieee/STD_LOGIC_TEXTIO 1179176993 \
      PB std/textio 1179176969
AR work/loros2/testbench_arch 1352773932 \
      FL C:/Users/ERIK/Dropbox/cmpen471/projects/pj6_Be/loros2.vhw EN work/loros2 1352773931 \
      CP smicro
FL C:/Users/ERIK/Dropbox/cmpen471/projects/pj6_Be/lost.vhw 2012/11/16.23:01:03 J.36
EN work/lost 1353124898 \
      FL C:/Users/ERIK/Dropbox/cmpen471/projects/pj6_Be/lost.vhw \
      PB ieee/std_logic_1164 1179176983 PB ieee/std_logic_arith 1179176985 \
      PB ieee/STD_LOGIC_UNSIGNED 1179176991 PB ieee/STD_LOGIC_TEXTIO 1179176993 \
      PB std/textio 1179176969
AR work/lost/testbench_arch 1353124899 \
      FL C:/Users/ERIK/Dropbox/cmpen471/projects/pj6_Be/lost.vhw EN work/lost 1353124898 \
      CP smicro
FL C:/Users/ERIK/Dropbox/cmpen471/projects/pj6_Be/lostis.vhw 2012/11/11.17:49:54 J.36
EN work/lostis 1352678604 \
      FL C:/Users/ERIK/Dropbox/cmpen471/projects/pj6_Be/lostis.vhw \
      PB ieee/std_logic_1164 1179176983 PB ieee/std_logic_arith 1179176985 \
      PB ieee/STD_LOGIC_UNSIGNED 1179176991 PB ieee/STD_LOGIC_TEXTIO 1179176993 \
      PB std/textio 1179176969
AR work/lostis/testbench_arch 1352678605 \
      FL C:/Users/ERIK/Dropbox/cmpen471/projects/pj6_Be/lostis.vhw EN work/lostis 1352678604 \
      CP smicro
FL C:/Users/ERIK/Dropbox/cmpen471/projects/pj6_Be/r2s8mt.vhd 2012/11/11.06:50:12 J.36
EN work/r2s8mt 1352674076 \
      FL C:/Users/ERIK/Dropbox/cmpen471/projects/pj6_Be/r2s8mt.vhd \
      PB ieee/std_logic_1164 1179176983 PB ieee/std_logic_arith 1179176985 \
      PB ieee/STD_LOGIC_UNSIGNED 1179176991
AR work/r2s8mt/struct 1352674077 \
      FL C:/Users/ERIK/Dropbox/cmpen471/projects/pj6_Be/r2s8mt.vhd EN work/r2s8mt 1352674076
FL C:/Users/ERIK/Dropbox/cmpen471/projects/pj6_Be/smicro.vhd 2012/11/13.01:16:10 J.36
EN work/smicro 1352787389 \
      FL C:/Users/ERIK/Dropbox/cmpen471/projects/pj6_Be/smicro.vhd \
      PB ieee/std_logic_1164 1179176983 PB ieee/std_logic_arith 1179176985 \
      PB ieee/STD_LOGIC_UNSIGNED 1179176991
AR work/smicro/struct 1352787390 \
      FL C:/Users/ERIK/Dropbox/cmpen471/projects/pj6_Be/smicro.vhd EN work/smicro 1352787389 \
      CP eaCPU CP ea64Rom CP ea64x6Ram CP eaINVERT CP ea2NAND CP eaIOlatch CP ea3AND \
      CP ea3NAND
FL C:/Users/ERIK/Dropbox/cmpen471/projects/pj6_Be/tehi.vhw 2012/11/12.19:14:14 J.36
EN work/tehi 1352765671 \
      FL C:/Users/ERIK/Dropbox/cmpen471/projects/pj6_Be/tehi.vhw \
      PB ieee/std_logic_1164 1179176983 PB ieee/std_logic_arith 1179176985 \
      PB ieee/STD_LOGIC_UNSIGNED 1179176991 PB ieee/STD_LOGIC_TEXTIO 1179176993 \
      PB std/textio 1179176969
AR work/tehi/testbench_arch 1352765672 \
      FL C:/Users/ERIK/Dropbox/cmpen471/projects/pj6_Be/tehi.vhw EN work/tehi 1352765671 \
      CP smicro
