Release 9.2i - xst J.36
Copyright (c) 1995-2007 Xilinx, Inc.  All rights reserved.
--> Parameter TMPDIR set to ./xst/projnav.tmp
CPU : 0.00 / 0.08 s | Elapsed : 0.00 / 0.00 s
 
--> Parameter xsthdpdir set to ./xst
CPU : 0.00 / 0.08 s | Elapsed : 0.00 / 0.00 s
 
--> Reading design: ramtest.prj

TABLE OF CONTENTS
  1) Synthesis Options Summary
  2) HDL Compilation
  3) Design Hierarchy Analysis
  4) HDL Analysis
  5) HDL Synthesis
     5.1) HDL Synthesis Report
  6) Advanced HDL Synthesis
     6.1) Advanced HDL Synthesis Report
  7) Low Level Synthesis
  8) Partition Report
  9) Final Report
     9.1) Device utilization summary
     9.2) Partition Resource Summary
     9.3) TIMING REPORT


=========================================================================
*                      Synthesis Options Summary                        *
=========================================================================
---- Source Parameters
Input File Name                    : "ramtest.prj"
Input Format                       : mixed
Ignore Synthesis Constraint File   : NO

---- Target Parameters
Output File Name                   : "ramtest"
Output Format                      : NGC
Target Device                      : xc3s500e-4-fg320

---- Source Options
Top Module Name                    : ramtest
Automatic FSM Extraction           : YES
FSM Encoding Algorithm             : Auto
Safe Implementation                : No
FSM Style                          : lut
RAM Extraction                     : Yes
RAM Style                          : Auto
ROM Extraction                     : Yes
Mux Style                          : Auto
Decoder Extraction                 : YES
Priority Encoder Extraction        : YES
Shift Register Extraction          : YES
Logical Shifter Extraction         : YES
XOR Collapsing                     : YES
ROM Style                          : Auto
Mux Extraction                     : YES
Resource Sharing                   : YES
Asynchronous To Synchronous        : NO
Multiplier Style                   : auto
Automatic Register Balancing       : No

---- Target Options
Add IO Buffers                     : YES
Global Maximum Fanout              : 500
Add Generic Clock Buffer(BUFG)     : 24
Register Duplication               : YES
Slice Packing                      : YES
Optimize Instantiated Primitives   : NO
Use Clock Enable                   : Yes
Use Synchronous Set                : Yes
Use Synchronous Reset              : Yes
Pack IO Registers into IOBs        : auto
Equivalent register Removal        : YES

---- General Options
Optimization Goal                  : Speed
Optimization Effort                : 1
Library Search Order               : ramtest.lso
Keep Hierarchy                     : NO
RTL Output                         : Yes
Global Optimization                : AllClockNets
Read Cores                         : YES
Write Timing Constraints           : NO
Cross Clock Analysis               : NO
Hierarchy Separator                : /
Bus Delimiter                      : <>
Case Specifier                     : maintain
Slice Utilization Ratio            : 100
BRAM Utilization Ratio             : 100
Verilog 2001                       : YES
Auto BRAM Packing                  : NO
Slice Utilization Ratio Delta      : 5

=========================================================================


=========================================================================
*                          HDL Compilation                              *
=========================================================================
Compiling vhdl file "C:/Users/ERIK/Dropbox/cmpen471/projects/pj4_arfvidso/ea2NAND.vhd" in Library work.
Entity <ea2NAND> compiled.
Entity <ea2NAND> (Architecture <Behavioral>) compiled.
Compiling vhdl file "C:/Users/ERIK/Dropbox/cmpen471/projects/pj4_arfvidso/eaINVERT.vhd" in Library work.
Entity <eaINVERT> compiled.
Entity <eaINVERT> (Architecture <Behavioral>) compiled.
Compiling vhdl file "C:/Users/ERIK/Dropbox/cmpen471/projects/pj4_arfvidso/ea2to1MUX.vhd" in Library work.
Entity <ea2to1MUX> compiled.
Entity <ea2to1MUX> (Architecture <struct>) compiled.
Compiling vhdl file "C:/Users/ERIK/Dropbox/cmpen471/projects/pj4_arfvidso/eainvbuf.vhd" in Library work.
Entity <eainvbuf> compiled.
Entity <eainvbuf> (Architecture <Behavioral>) compiled.
Compiling vhdl file "C:/Users/ERIK/Dropbox/cmpen471/projects/pj4_arfvidso/eaDLatch.vhd" in Library work.
Entity <eaDlatch> compiled.
Entity <eaDlatch> (Architecture <struc>) compiled.
Compiling vhdl file "C:/Users/ERIK/Dropbox/cmpen471/projects/pj4_arfvidso/ea6Dlatch.vhd" in Library work.
Entity <ea6Dlatch> compiled.
Entity <ea6Dlatch> (Architecture <struct>) compiled.
Compiling vhdl file "C:/Users/ERIK/Dropbox/cmpen471/projects/pj4_arfvidso/eainv6buf.vhd" in Library work.
Entity <eainv6buf> compiled.
Entity <eainv6buf> (Architecture <struct>) compiled.
Compiling vhdl file "C:/Users/ERIK/Dropbox/cmpen471/projects/pj4_arfvidso/ea2AND.vhd" in Library work.
Entity <ea2AND> compiled.
Entity <ea2AND> (Architecture <Behavioral>) compiled.
Compiling vhdl file "C:/Users/ERIK/Dropbox/cmpen471/projects/pj4_arfvidso/ea6AND.vhd" in Library work.
Entity <ea6AND> compiled.
Entity <ea6AND> (Architecture <Behavioral>) compiled.
Compiling vhdl file "C:/Users/ERIK/Dropbox/cmpen471/projects/pj4_arfvidso/ea5to32Decoder.vhd" in Library work.
Entity <ea5to32Decoder> compiled.
Entity <ea5to32Decoder> (Architecture <struct>) compiled.
Compiling vhdl file "C:/Users/ERIK/Dropbox/cmpen471/projects/pj4_arfvidso/ea3NOR.vhd" in Library work.
Entity <ea3NOR> compiled.
Entity <ea3NOR> (Architecture <Behavioral>) compiled.
Compiling vhdl file "C:/Users/ERIK/Dropbox/cmpen471/projects/pj4_arfvidso/eaOutputBuf.vhd" in Library work.
Entity <eaOutputBuf> compiled.
Entity <eaOutputBuf> (Architecture <struct>) compiled.
Compiling vhdl file "C:/Users/ERIK/Dropbox/cmpen471/projects/pj4_arfvidso/ea6Ram.vhd" in Library work.
Entity <ea6Ram> compiled.
Entity <ea6Ram> (Architecture <struc>) compiled.
Compiling vhdl file "C:/Users/ERIK/Dropbox/cmpen471/projects/pj4_arfvidso/ea32x6Ram.vhd" in Library work.
Entity <ea32x6Ram> compiled.
Entity <ea32x6Ram> (Architecture <struct>) compiled.
Compiling vhdl file "C:/Users/ERIK/Dropbox/cmpen471/projects/pj4_arfvidso/ea2OR.vhd" in Library work.
Entity <ea2OR> compiled.
Entity <ea2OR> (Architecture <Behavioral>) compiled.
Compiling vhdl file "C:/Users/ERIK/Dropbox/cmpen471/projects/pj4_arfvidso/ea64x6Ram.vhd" in Library work.
Entity <ea64x6Ram> compiled.
Entity <ea64x6Ram> (Architecture <struct>) compiled.
Compiling vhdl file "C:/Users/ERIK/Dropbox/cmpen471/projects/pj4_arfvidso/ramtest.vhd" in Library work.
Architecture struct of Entity ramtest is up to date.

=========================================================================
*                     Design Hierarchy Analysis                         *
=========================================================================
Analyzing hierarchy for entity <ramtest> in library <work> (architecture <struct>).

Analyzing hierarchy for entity <eaINVERT> in library <work> (architecture <Behavioral>).

Analyzing hierarchy for entity <eaOutputBuf> in library <work> (architecture <struct>).

Analyzing hierarchy for entity <ea64x6Ram> in library <work> (architecture <struct>).

Analyzing hierarchy for entity <eainvbuf> in library <work> (architecture <Behavioral>).

Analyzing hierarchy for entity <ea32x6Ram> in library <work> (architecture <struct>).

Analyzing hierarchy for entity <eaINVERT> in library <work> (architecture <Behavioral>).

Analyzing hierarchy for entity <ea2OR> in library <work> (architecture <Behavioral>).

Analyzing hierarchy for entity <ea5to32Decoder> in library <work> (architecture <struct>).

Analyzing hierarchy for entity <eaINVERT> in library <work> (architecture <Behavioral>).

Analyzing hierarchy for entity <ea3NOR> in library <work> (architecture <Behavioral>).

Analyzing hierarchy for entity <eaOutputBuf> in library <work> (architecture <struct>).

Analyzing hierarchy for entity <ea6Ram> in library <work> (architecture <struc>).

Analyzing hierarchy for entity <ea6AND> in library <work> (architecture <Behavioral>).

Analyzing hierarchy for entity <eainvbuf> in library <work> (architecture <Behavioral>).

Analyzing hierarchy for entity <eainvbuf> in library <work> (architecture <Behavioral>).

Analyzing hierarchy for entity <eainvbuf> in library <work> (architecture <Behavioral>).

Analyzing hierarchy for entity <eainvbuf> in library <work> (architecture <Behavioral>).

Analyzing hierarchy for entity <eainvbuf> in library <work> (architecture <Behavioral>).

Analyzing hierarchy for entity <eainvbuf> in library <work> (architecture <Behavioral>).

Analyzing hierarchy for entity <ea6Dlatch> in library <work> (architecture <struct>).

Analyzing hierarchy for entity <eainv6buf> in library <work> (architecture <struct>).

Analyzing hierarchy for entity <ea2AND> in library <work> (architecture <Behavioral>).

Analyzing hierarchy for entity <eaDlatch> in library <work> (architecture <struc>).

Analyzing hierarchy for entity <eainvbuf> in library <work> (architecture <Behavioral>).

Analyzing hierarchy for entity <ea2to1MUX> in library <work> (architecture <struct>).

Analyzing hierarchy for entity <ea2NAND> in library <work> (architecture <Behavioral>).

Analyzing hierarchy for entity <eaINVERT> in library <work> (architecture <Behavioral>).


=========================================================================
*                            HDL Analysis                               *
=========================================================================
Analyzing Entity <ramtest> in library <work> (Architecture <struct>).
Entity <ramtest> analyzed. Unit <ramtest> generated.

Analyzing Entity <eaINVERT> in library <work> (Architecture <Behavioral>).
Entity <eaINVERT> analyzed. Unit <eaINVERT> generated.

Analyzing Entity <eaOutputBuf> in library <work> (Architecture <struct>).
Entity <eaOutputBuf> analyzed. Unit <eaOutputBuf> generated.

Analyzing Entity <eainvbuf> in library <work> (Architecture <Behavioral>).
Entity <eainvbuf> analyzed. Unit <eainvbuf> generated.

Analyzing Entity <ea64x6Ram> in library <work> (Architecture <struct>).
Entity <ea64x6Ram> analyzed. Unit <ea64x6Ram> generated.

Analyzing Entity <ea32x6Ram> in library <work> (Architecture <struct>).
Entity <ea32x6Ram> analyzed. Unit <ea32x6Ram> generated.

Analyzing Entity <ea5to32Decoder> in library <work> (Architecture <struct>).
Entity <ea5to32Decoder> analyzed. Unit <ea5to32Decoder> generated.

Analyzing Entity <ea6AND> in library <work> (Architecture <Behavioral>).
Entity <ea6AND> analyzed. Unit <ea6AND> generated.

Analyzing Entity <ea3NOR> in library <work> (Architecture <Behavioral>).
Entity <ea3NOR> analyzed. Unit <ea3NOR> generated.

Analyzing Entity <ea6Ram> in library <work> (Architecture <struc>).
Entity <ea6Ram> analyzed. Unit <ea6Ram> generated.

Analyzing Entity <ea6Dlatch> in library <work> (Architecture <struct>).
Entity <ea6Dlatch> analyzed. Unit <ea6Dlatch> generated.

Analyzing Entity <eaDlatch> in library <work> (Architecture <struc>).
Entity <eaDlatch> analyzed. Unit <eaDlatch> generated.

Analyzing Entity <ea2to1MUX> in library <work> (Architecture <struct>).
Entity <ea2to1MUX> analyzed. Unit <ea2to1MUX> generated.

Analyzing Entity <ea2NAND> in library <work> (Architecture <Behavioral>).
Entity <ea2NAND> analyzed. Unit <ea2NAND> generated.

Analyzing Entity <eainv6buf> in library <work> (Architecture <struct>).
Entity <eainv6buf> analyzed. Unit <eainv6buf> generated.

Analyzing Entity <ea2AND> in library <work> (Architecture <Behavioral>).
Entity <ea2AND> analyzed. Unit <ea2AND> generated.

Analyzing Entity <ea2OR> in library <work> (Architecture <Behavioral>).
Entity <ea2OR> analyzed. Unit <ea2OR> generated.


=========================================================================
*                           HDL Synthesis                               *
=========================================================================

Performing bidirectional port resolution...

Synthesizing Unit <eaINVERT>.
    Related source file is "C:/Users/ERIK/Dropbox/cmpen471/projects/pj4_arfvidso/eaINVERT.vhd".
Unit <eaINVERT> synthesized.


Synthesizing Unit <eainvbuf>.
    Related source file is "C:/Users/ERIK/Dropbox/cmpen471/projects/pj4_arfvidso/eainvbuf.vhd".
    Found 1-bit tristate buffer for signal <z>.
    Summary:
	inferred   1 Tristate(s).
Unit <eainvbuf> synthesized.


Synthesizing Unit <ea2OR>.
    Related source file is "C:/Users/ERIK/Dropbox/cmpen471/projects/pj4_arfvidso/ea2OR.vhd".
Unit <ea2OR> synthesized.


Synthesizing Unit <ea3NOR>.
    Related source file is "C:/Users/ERIK/Dropbox/cmpen471/projects/pj4_arfvidso/ea3NOR.vhd".
Unit <ea3NOR> synthesized.


Synthesizing Unit <ea6AND>.
    Related source file is "C:/Users/ERIK/Dropbox/cmpen471/projects/pj4_arfvidso/ea6AND.vhd".
Unit <ea6AND> synthesized.


Synthesizing Unit <ea2AND>.
    Related source file is "C:/Users/ERIK/Dropbox/cmpen471/projects/pj4_arfvidso/ea2AND.vhd".
Unit <ea2AND> synthesized.


Synthesizing Unit <ea2NAND>.
    Related source file is "C:/Users/ERIK/Dropbox/cmpen471/projects/pj4_arfvidso/ea2NAND.vhd".
Unit <ea2NAND> synthesized.


Synthesizing Unit <eaOutputBuf>.
    Related source file is "C:/Users/ERIK/Dropbox/cmpen471/projects/pj4_arfvidso/eaOutputBuf.vhd".
Unit <eaOutputBuf> synthesized.


Synthesizing Unit <ea5to32Decoder>.
    Related source file is "C:/Users/ERIK/Dropbox/cmpen471/projects/pj4_arfvidso/ea5to32Decoder.vhd".
WARNING:Xst:1780 - Signal <AN<5>> is never used or assigned.
Unit <ea5to32Decoder> synthesized.


Synthesizing Unit <eainv6buf>.
    Related source file is "C:/Users/ERIK/Dropbox/cmpen471/projects/pj4_arfvidso/eainv6buf.vhd".
Unit <eainv6buf> synthesized.


Synthesizing Unit <ea2to1MUX>.
    Related source file is "C:/Users/ERIK/Dropbox/cmpen471/projects/pj4_arfvidso/ea2to1MUX.vhd".
Unit <ea2to1MUX> synthesized.


Synthesizing Unit <eaDlatch>.
    Related source file is "C:/Users/ERIK/Dropbox/cmpen471/projects/pj4_arfvidso/eaDLatch.vhd".
Unit <eaDlatch> synthesized.


Synthesizing Unit <ea6Dlatch>.
    Related source file is "C:/Users/ERIK/Dropbox/cmpen471/projects/pj4_arfvidso/ea6Dlatch.vhd".
Unit <ea6Dlatch> synthesized.


Synthesizing Unit <ea6Ram>.
    Related source file is "C:/Users/ERIK/Dropbox/cmpen471/projects/pj4_arfvidso/ea6Ram.vhd".
Unit <ea6Ram> synthesized.


Synthesizing Unit <ea32x6Ram>.
    Related source file is "C:/Users/ERIK/Dropbox/cmpen471/projects/pj4_arfvidso/ea32x6Ram.vhd".
WARNING:Xst:1780 - Signal <DB> is never used or assigned.
WARNING:Xst:1780 - Signal <OE32RAM> is never used or assigned.
WARNING:Xst:1780 - Signal <CS32RAM> is never used or assigned.
WARNING:Xst:1780 - Signal <RW32RAM> is never used or assigned.
WARNING:Xst:1780 - Signal <A1> is never used or assigned.
Unit <ea32x6Ram> synthesized.


Synthesizing Unit <ea64x6Ram>.
    Related source file is "C:/Users/ERIK/Dropbox/cmpen471/projects/pj4_arfvidso/ea64x6Ram.vhd".
Unit <ea64x6Ram> synthesized.


Synthesizing Unit <ramtest>.
    Related source file is "C:/Users/ERIK/Dropbox/cmpen471/projects/pj4_arfvidso/ramtest.vhd".
Unit <ramtest> synthesized.


=========================================================================
HDL Synthesis Report

Macro Statistics
# Tristates                                            : 402
 1-bit tristate buffer                                 : 402

=========================================================================

=========================================================================
*                       Advanced HDL Synthesis                          *
=========================================================================

Loading device for application Rf_Device from file '3s500e.nph' in environment C:\Xilinx92i.

=========================================================================
Advanced HDL Synthesis Report

Found no macro
=========================================================================

=========================================================================
*                         Low Level Synthesis                           *
=========================================================================
WARNING:Xst:2170 - Unit ramtest : the following signal(s) form a combinatorial loop: gate7/gate0/gate16/D0<1>.
WARNING:Xst:2170 - Unit ramtest : the following signal(s) form a combinatorial loop: gate7/gate0/gate8/D0<4>.
WARNING:Xst:2170 - Unit ramtest : the following signal(s) form a combinatorial loop: gate7/gate0/gate15/D0<0>.
WARNING:Xst:2170 - Unit ramtest : the following signal(s) form a combinatorial loop: gate7/gate0/gate7/D0<3>.
WARNING:Xst:2170 - Unit ramtest : the following signal(s) form a combinatorial loop: gate7/gate0/gate21/D0<2>.
WARNING:Xst:2170 - Unit ramtest : the following signal(s) form a combinatorial loop: gate7/gate1/gate23/D0<1>.
WARNING:Xst:2170 - Unit ramtest : the following signal(s) form a combinatorial loop: gate7/gate1/gate13/D0<2>.
WARNING:Xst:2170 - Unit ramtest : the following signal(s) form a combinatorial loop: gate7/gate1/gate20/D0<1>.
WARNING:Xst:2170 - Unit ramtest : the following signal(s) form a combinatorial loop: gate7/gate0/gate20/D0<1>.
WARNING:Xst:2170 - Unit ramtest : the following signal(s) form a combinatorial loop: gate7/gate0/gate16/D0<2>.
WARNING:Xst:2170 - Unit ramtest : the following signal(s) form a combinatorial loop: gate7/gate0/gate8/D0<5>.
WARNING:Xst:2170 - Unit ramtest : the following signal(s) form a combinatorial loop: gate7/gate1/gate36/D0<0>.
WARNING:Xst:2170 - Unit ramtest : the following signal(s) form a combinatorial loop: gate7/gate0/gate27/D0<0>.
WARNING:Xst:2170 - Unit ramtest : the following signal(s) form a combinatorial loop: gate7/gate0/gate19/D0<0>.
WARNING:Xst:2170 - Unit ramtest : the following signal(s) form a combinatorial loop: gate7/gate0/gate26/D0<5>.
WARNING:Xst:2170 - Unit ramtest : the following signal(s) form a combinatorial loop: gate7/gate0/gate18/D0<5>.
WARNING:Xst:2170 - Unit ramtest : the following signal(s) form a combinatorial loop: gate7/gate1/gate30/D0<5>.
WARNING:Xst:2170 - Unit ramtest : the following signal(s) form a combinatorial loop: gate7/gate0/gate15/D0<1>.
WARNING:Xst:2170 - Unit ramtest : the following signal(s) form a combinatorial loop: gate7/gate0/gate7/D0<4>.
WARNING:Xst:2170 - Unit ramtest : the following signal(s) form a combinatorial loop: gate7/gate0/gate21/D0<3>.
WARNING:Xst:2170 - Unit ramtest : the following signal(s) form a combinatorial loop: gate7/gate1/gate6/D0<0>.
WARNING:Xst:2170 - Unit ramtest : the following signal(s) form a combinatorial loop: gate7/gate1/gate13/D0<3>.
WARNING:Xst:2170 - Unit ramtest : the following signal(s) form a combinatorial loop: gate7/gate1/gate20/D0<2>.
WARNING:Xst:2170 - Unit ramtest : the following signal(s) form a combinatorial loop: gate7/gate0/gate14/D0<0>.
WARNING:Xst:2170 - Unit ramtest : the following signal(s) form a combinatorial loop: gate7/gate0/gate20/D0<2>.
WARNING:Xst:2170 - Unit ramtest : the following signal(s) form a combinatorial loop: gate7/gate0/gate16/D0<3>.
WARNING:Xst:2170 - Unit ramtest : the following signal(s) form a combinatorial loop: gate7/gate1/gate36/D0<1>.
WARNING:Xst:2170 - Unit ramtest : the following signal(s) form a combinatorial loop: gate7/gate0/gate27/D0<1>.
WARNING:Xst:2170 - Unit ramtest : the following signal(s) form a combinatorial loop: gate7/gate0/gate19/D0<1>.
WARNING:Xst:2170 - Unit ramtest : the following signal(s) form a combinatorial loop: gate7/gate0/gate15/D0<2>.
WARNING:Xst:2170 - Unit ramtest : the following signal(s) form a combinatorial loop: gate7/gate0/gate7/D0<5>.
WARNING:Xst:2170 - Unit ramtest : the following signal(s) form a combinatorial loop: gate7/gate0/gate21/D0<4>.
WARNING:Xst:2170 - Unit ramtest : the following signal(s) form a combinatorial loop: gate7/gate0/gate26/D0<0>.
WARNING:Xst:2170 - Unit ramtest : the following signal(s) form a combinatorial loop: gate7/gate0/gate18/D0<0>.
WARNING:Xst:2170 - Unit ramtest : the following signal(s) form a combinatorial loop: gate7/gate1/gate6/D0<1>.
WARNING:Xst:2170 - Unit ramtest : the following signal(s) form a combinatorial loop: gate7/gate0/gate25/D0<5>.
WARNING:Xst:2170 - Unit ramtest : the following signal(s) form a combinatorial loop: gate7/gate0/gate17/D0<5>.
WARNING:Xst:2170 - Unit ramtest : the following signal(s) form a combinatorial loop: gate7/gate1/gate13/D0<4>.
WARNING:Xst:2170 - Unit ramtest : the following signal(s) form a combinatorial loop: gate7/gate0/gate14/D0<1>.
WARNING:Xst:2170 - Unit ramtest : the following signal(s) form a combinatorial loop: gate7/gate0/gate20/D0<3>.
WARNING:Xst:2170 - Unit ramtest : the following signal(s) form a combinatorial loop: gate7/gate0/gate16/D0<4>.
WARNING:Xst:2170 - Unit ramtest : the following signal(s) form a combinatorial loop: gate7/gate1/gate36/D0<2>.
WARNING:Xst:2170 - Unit ramtest : the following signal(s) form a combinatorial loop: gate7/gate0/gate13/D0<0>.
WARNING:Xst:2170 - Unit ramtest : the following signal(s) form a combinatorial loop: gate7/gate0/gate27/D0<2>.
WARNING:Xst:2170 - Unit ramtest : the following signal(s) form a combinatorial loop: gate7/gate0/gate19/D0<2>.
WARNING:Xst:2170 - Unit ramtest : the following signal(s) form a combinatorial loop: gate7/gate0/gate15/D0<3>.
WARNING:Xst:2170 - Unit ramtest : the following signal(s) form a combinatorial loop: gate7/gate1/gate28/D0<2>.
WARNING:Xst:2170 - Unit ramtest : the following signal(s) form a combinatorial loop: gate7/gate0/gate26/D0<1>.
WARNING:Xst:2170 - Unit ramtest : the following signal(s) form a combinatorial loop: gate7/gate0/gate18/D0<1>.
WARNING:Xst:2170 - Unit ramtest : the following signal(s) form a combinatorial loop: gate7/gate1/gate6/D0<2>.
WARNING:Xst:2170 - Unit ramtest : the following signal(s) form a combinatorial loop: gate7/gate1/gate13/D0<5>.
WARNING:Xst:2170 - Unit ramtest : the following signal(s) form a combinatorial loop: gate7/gate1/gate11/D0<0>.
WARNING:Xst:2170 - Unit ramtest : the following signal(s) form a combinatorial loop: gate7/gate0/gate14/D0<2>.
WARNING:Xst:2170 - Unit ramtest : the following signal(s) form a combinatorial loop: gate7/gate1/gate10/D0<5>.
WARNING:Xst:2170 - Unit ramtest : the following signal(s) form a combinatorial loop: gate7/gate0/gate20/D0<4>.
WARNING:Xst:2170 - Unit ramtest : the following signal(s) form a combinatorial loop: gate7/gate1/gate34/D0<3>.
WARNING:Xst:2170 - Unit ramtest : the following signal(s) form a combinatorial loop: gate7/gate1/gate8/D0<0>.
WARNING:Xst:2170 - Unit ramtest : the following signal(s) form a combinatorial loop: gate7/gate0/gate25/D0<0>.
WARNING:Xst:2170 - Unit ramtest : the following signal(s) form a combinatorial loop: gate7/gate0/gate17/D0<0>.
WARNING:Xst:2170 - Unit ramtest : the following signal(s) form a combinatorial loop: gate7/gate0/gate24/D0<5>.
WARNING:Xst:2170 - Unit ramtest : the following signal(s) form a combinatorial loop: gate7/gate0/gate16/D0<5>.
WARNING:Xst:2170 - Unit ramtest : the following signal(s) form a combinatorial loop: gate7/gate0/gate13/D0<1>.
WARNING:Xst:2170 - Unit ramtest : the following signal(s) form a combinatorial loop: gate7/gate1/gate17/D0<0>.
WARNING:Xst:2170 - Unit ramtest : the following signal(s) form a combinatorial loop: gate7/gate0/gate27/D0<3>.
WARNING:Xst:2170 - Unit ramtest : the following signal(s) form a combinatorial loop: gate7/gate0/gate19/D0<3>.
WARNING:Xst:2170 - Unit ramtest : the following signal(s) form a combinatorial loop: gate7/gate1/gate24/D0<0>.
WARNING:Xst:2170 - Unit ramtest : the following signal(s) form a combinatorial loop: gate7/gate1/gate14/D0<0>.
WARNING:Xst:2170 - Unit ramtest : the following signal(s) form a combinatorial loop: gate7/gate0/gate15/D0<4>.
WARNING:Xst:2170 - Unit ramtest : the following signal(s) form a combinatorial loop: gate7/gate1/gate28/D0<3>.
WARNING:Xst:2170 - Unit ramtest : the following signal(s) form a combinatorial loop: gate7/gate0/gate12/D0<0>.
WARNING:Xst:2170 - Unit ramtest : the following signal(s) form a combinatorial loop: gate7/gate1/gate25/D0<3>.
WARNING:Xst:2170 - Unit ramtest : the following signal(s) form a combinatorial loop: gate7/gate0/gate26/D0<2>.
WARNING:Xst:2170 - Unit ramtest : the following signal(s) form a combinatorial loop: gate7/gate0/gate18/D0<2>.
WARNING:Xst:2170 - Unit ramtest : the following signal(s) form a combinatorial loop: gate7/gate1/gate6/D0<3>.
WARNING:Xst:2170 - Unit ramtest : the following signal(s) form a combinatorial loop: gate7/gate1/gate11/D0<1>.
WARNING:Xst:2170 - Unit ramtest : the following signal(s) form a combinatorial loop: gate7/gate0/gate14/D0<3>.
WARNING:Xst:2170 - Unit ramtest : the following signal(s) form a combinatorial loop: gate7/gate1/gate27/D0<2>.
WARNING:Xst:2170 - Unit ramtest : the following signal(s) form a combinatorial loop: gate7/gate1/gate34/D0<4>.
WARNING:Xst:2170 - Unit ramtest : the following signal(s) form a combinatorial loop: gate7/gate1/gate8/D0<1>.
WARNING:Xst:2170 - Unit ramtest : the following signal(s) form a combinatorial loop: gate7/gate0/gate25/D0<1>.
WARNING:Xst:2170 - Unit ramtest : the following signal(s) form a combinatorial loop: gate7/gate0/gate17/D0<1>.
WARNING:Xst:2170 - Unit ramtest : the following signal(s) form a combinatorial loop: gate7/gate1/gate31/D0<4>.
WARNING:Xst:2170 - Unit ramtest : the following signal(s) form a combinatorial loop: gate7/gate1/gate10/D0<0>.
WARNING:Xst:2170 - Unit ramtest : the following signal(s) form a combinatorial loop: gate7/gate0/gate13/D0<2>.
WARNING:Xst:2170 - Unit ramtest : the following signal(s) form a combinatorial loop: gate7/gate1/gate17/D0<1>.
WARNING:Xst:2170 - Unit ramtest : the following signal(s) form a combinatorial loop: gate7/gate0/gate27/D0<4>.
WARNING:Xst:2170 - Unit ramtest : the following signal(s) form a combinatorial loop: gate7/gate0/gate19/D0<4>.
WARNING:Xst:2170 - Unit ramtest : the following signal(s) form a combinatorial loop: gate7/gate1/gate14/D0<1>.
WARNING:Xst:2170 - Unit ramtest : the following signal(s) form a combinatorial loop: gate7/gate0/gate24/D0<0>.
WARNING:Xst:2170 - Unit ramtest : the following signal(s) form a combinatorial loop: gate7/gate0/gate23/D0<5>.
WARNING:Xst:2170 - Unit ramtest : the following signal(s) form a combinatorial loop: gate7/gate0/gate15/D0<5>.
WARNING:Xst:2170 - Unit ramtest : the following signal(s) form a combinatorial loop: gate7/gate1/gate28/D0<4>.
WARNING:Xst:2170 - Unit ramtest : the following signal(s) form a combinatorial loop: gate7/gate0/gate12/D0<1>.
WARNING:Xst:2170 - Unit ramtest : the following signal(s) form a combinatorial loop: gate7/gate1/gate25/D0<4>.
WARNING:Xst:2170 - Unit ramtest : the following signal(s) form a combinatorial loop: gate7/gate0/gate26/D0<3>.
WARNING:Xst:2170 - Unit ramtest : the following signal(s) form a combinatorial loop: gate7/gate0/gate18/D0<3>.
WARNING:Xst:2170 - Unit ramtest : the following signal(s) form a combinatorial loop: gate7/gate1/gate6/D0<4>.
WARNING:Xst:2170 - Unit ramtest : the following signal(s) form a combinatorial loop: gate7/gate1/gate11/D0<2>.
WARNING:Xst:2170 - Unit ramtest : the following signal(s) form a combinatorial loop: gate7/gate0/gate14/D0<4>.
WARNING:Xst:2170 - Unit ramtest : the following signal(s) form a combinatorial loop: gate7/gate1/gate27/D0<3>.
WARNING:Xst:2170 - Unit ramtest : the following signal(s) form a combinatorial loop: gate7/gate0/gate36/D0<1>.
WARNING:Xst:2170 - Unit ramtest : the following signal(s) form a combinatorial loop: gate7/gate1/gate34/D0<5>.
WARNING:Xst:2170 - Unit ramtest : the following signal(s) form a combinatorial loop: gate7/gate1/gate8/D0<2>.
WARNING:Xst:2170 - Unit ramtest : the following signal(s) form a combinatorial loop: gate7/gate0/gate25/D0<2>.
WARNING:Xst:2170 - Unit ramtest : the following signal(s) form a combinatorial loop: gate7/gate0/gate17/D0<2>.
WARNING:Xst:2170 - Unit ramtest : the following signal(s) form a combinatorial loop: gate7/gate1/gate31/D0<5>.
WARNING:Xst:2170 - Unit ramtest : the following signal(s) form a combinatorial loop: gate7/gate1/gate5/D0<2>.
WARNING:Xst:2170 - Unit ramtest : the following signal(s) form a combinatorial loop: gate7/gate1/gate10/D0<1>.
WARNING:Xst:2170 - Unit ramtest : the following signal(s) form a combinatorial loop: gate7/gate0/gate13/D0<3>.
WARNING:Xst:2170 - Unit ramtest : the following signal(s) form a combinatorial loop: gate7/gate1/gate17/D0<2>.
WARNING:Xst:2170 - Unit ramtest : the following signal(s) form a combinatorial loop: gate7/gate1/gate7/D0<0>.
WARNING:Xst:2170 - Unit ramtest : the following signal(s) form a combinatorial loop: gate7/gate1/gate14/D0<2>.
WARNING:Xst:2170 - Unit ramtest : the following signal(s) form a combinatorial loop: gate7/gate0/gate24/D0<1>.
WARNING:Xst:2170 - Unit ramtest : the following signal(s) form a combinatorial loop: gate7/gate1/gate21/D0<1>.
WARNING:Xst:2170 - Unit ramtest : the following signal(s) form a combinatorial loop: gate7/gate1/gate28/D0<5>.
WARNING:Xst:2170 - Unit ramtest : the following signal(s) form a combinatorial loop: gate7/gate0/gate12/D0<2>.
WARNING:Xst:2170 - Unit ramtest : the following signal(s) form a combinatorial loop: gate7/gate1/gate25/D0<5>.
WARNING:Xst:2170 - Unit ramtest : the following signal(s) form a combinatorial loop: gate7/gate0/gate26/D0<4>.
WARNING:Xst:2170 - Unit ramtest : the following signal(s) form a combinatorial loop: gate7/gate0/gate18/D0<4>.
WARNING:Xst:2170 - Unit ramtest : the following signal(s) form a combinatorial loop: gate7/gate0/gate23/D0<0>.
WARNING:Xst:2170 - Unit ramtest : the following signal(s) form a combinatorial loop: gate7/gate1/gate11/D0<3>.
WARNING:Xst:2170 - Unit ramtest : the following signal(s) form a combinatorial loop: gate7/gate0/gate14/D0<5>.
WARNING:Xst:2170 - Unit ramtest : the following signal(s) form a combinatorial loop: gate7/gate1/gate27/D0<4>.
WARNING:Xst:2170 - Unit ramtest : the following signal(s) form a combinatorial loop: gate7/gate0/gate36/D0<2>.
WARNING:Xst:2170 - Unit ramtest : the following signal(s) form a combinatorial loop: gate7/gate1/gate8/D0<3>.
WARNING:Xst:2170 - Unit ramtest : the following signal(s) form a combinatorial loop: gate7/gate0/gate25/D0<3>.
WARNING:Xst:2170 - Unit ramtest : the following signal(s) form a combinatorial loop: gate7/gate0/gate17/D0<3>.
WARNING:Xst:2170 - Unit ramtest : the following signal(s) form a combinatorial loop: gate7/gate1/gate5/D0<3>.
WARNING:Xst:2170 - Unit ramtest : the following signal(s) form a combinatorial loop: gate7/gate1/gate22/D0<3>.
WARNING:Xst:2170 - Unit ramtest : the following signal(s) form a combinatorial loop: gate7/gate1/gate29/D0<1>.
WARNING:Xst:2170 - Unit ramtest : the following signal(s) form a combinatorial loop: gate7/gate0/gate13/D0<4>.
WARNING:Xst:2170 - Unit ramtest : the following signal(s) form a combinatorial loop: gate7/gate1/gate17/D0<3>.
WARNING:Xst:2170 - Unit ramtest : the following signal(s) form a combinatorial loop: gate7/gate0/gate35/D0<1>.
WARNING:Xst:2170 - Unit ramtest : the following signal(s) form a combinatorial loop: gate7/gate1/gate7/D0<1>.
WARNING:Xst:2170 - Unit ramtest : the following signal(s) form a combinatorial loop: gate7/gate1/gate14/D0<3>.
WARNING:Xst:2170 - Unit ramtest : the following signal(s) form a combinatorial loop: gate7/gate0/gate24/D0<2>.
WARNING:Xst:2170 - Unit ramtest : the following signal(s) form a combinatorial loop: gate7/gate1/gate21/D0<2>.
WARNING:Xst:2170 - Unit ramtest : the following signal(s) form a combinatorial loop: gate7/gate1/gate35/D0<2>.
WARNING:Xst:2170 - Unit ramtest : the following signal(s) form a combinatorial loop: gate7/gate0/gate12/D0<3>.
WARNING:Xst:2170 - Unit ramtest : the following signal(s) form a combinatorial loop: gate7/gate1/gate16/D0<1>.
WARNING:Xst:2170 - Unit ramtest : the following signal(s) form a combinatorial loop: gate7/gate0/gate23/D0<1>.
WARNING:Xst:2170 - Unit ramtest : the following signal(s) form a combinatorial loop: gate7/gate0/gate36/D0<3>.
WARNING:Xst:2170 - Unit ramtest : the following signal(s) form a combinatorial loop: gate7/gate1/gate8/D0<4>.
WARNING:Xst:2170 - Unit ramtest : the following signal(s) form a combinatorial loop: gate7/gate0/gate25/D0<4>.
WARNING:Xst:2170 - Unit ramtest : the following signal(s) form a combinatorial loop: gate7/gate0/gate17/D0<4>.
WARNING:Xst:2170 - Unit ramtest : the following signal(s) form a combinatorial loop: gate7/gate1/gate5/D0<4>.
WARNING:Xst:2170 - Unit ramtest : the following signal(s) form a combinatorial loop: gate7/gate1/gate22/D0<4>.
WARNING:Xst:2170 - Unit ramtest : the following signal(s) form a combinatorial loop: gate7/gate1/gate29/D0<2>.
WARNING:Xst:2170 - Unit ramtest : the following signal(s) form a combinatorial loop: gate7/gate0/gate22/D0<0>.
WARNING:Xst:2170 - Unit ramtest : the following signal(s) form a combinatorial loop: gate7/gate0/gate13/D0<5>.
WARNING:Xst:2170 - Unit ramtest : the following signal(s) form a combinatorial loop: gate7/gate1/gate26/D0<2>.
WARNING:Xst:2170 - Unit ramtest : the following signal(s) form a combinatorial loop: gate7/gate0/gate35/D0<2>.
WARNING:Xst:2170 - Unit ramtest : the following signal(s) form a combinatorial loop: gate7/gate1/gate7/D0<2>.
WARNING:Xst:2170 - Unit ramtest : the following signal(s) form a combinatorial loop: gate7/gate1/gate33/D0<5>.
WARNING:Xst:2170 - Unit ramtest : the following signal(s) form a combinatorial loop: gate7/gate1/gate14/D0<4>.
WARNING:Xst:2170 - Unit ramtest : the following signal(s) form a combinatorial loop: gate7/gate0/gate24/D0<3>.
WARNING:Xst:2170 - Unit ramtest : the following signal(s) form a combinatorial loop: gate7/gate1/gate12/D0<0>.
WARNING:Xst:2170 - Unit ramtest : the following signal(s) form a combinatorial loop: gate7/gate1/gate21/D0<3>.
WARNING:Xst:2170 - Unit ramtest : the following signal(s) form a combinatorial loop: gate7/gate1/gate9/D0<0>.
WARNING:Xst:2170 - Unit ramtest : the following signal(s) form a combinatorial loop: gate7/gate1/gate35/D0<3>.
WARNING:Xst:2170 - Unit ramtest : the following signal(s) form a combinatorial loop: gate7/gate0/gate12/D0<4>.
WARNING:Xst:2170 - Unit ramtest : the following signal(s) form a combinatorial loop: gate7/gate1/gate16/D0<2>.
WARNING:Xst:2170 - Unit ramtest : the following signal(s) form a combinatorial loop: gate7/gate0/gate34/D0<1>.
WARNING:Xst:2170 - Unit ramtest : the following signal(s) form a combinatorial loop: gate7/gate1/gate32/D0<3>.
WARNING:Xst:2170 - Unit ramtest : the following signal(s) form a combinatorial loop: gate7/gate0/gate23/D0<2>.
WARNING:Xst:2170 - Unit ramtest : the following signal(s) form a combinatorial loop: gate7/gate1/gate18/D0<0>.
WARNING:Xst:2170 - Unit ramtest : the following signal(s) form a combinatorial loop: gate7/gate0/gate36/D0<4>.
WARNING:Xst:2170 - Unit ramtest : the following signal(s) form a combinatorial loop: gate7/gate1/gate15/D0<0>.
WARNING:Xst:2170 - Unit ramtest : the following signal(s) form a combinatorial loop: gate7/gate1/gate22/D0<5>.
WARNING:Xst:2170 - Unit ramtest : the following signal(s) form a combinatorial loop: gate7/gate0/gate32/D0<5>.
WARNING:Xst:2170 - Unit ramtest : the following signal(s) form a combinatorial loop: gate7/gate1/gate29/D0<3>.
WARNING:Xst:2170 - Unit ramtest : the following signal(s) form a combinatorial loop: gate7/gate0/gate22/D0<1>.
WARNING:Xst:2170 - Unit ramtest : the following signal(s) form a combinatorial loop: gate7/gate1/gate19/D0<4>.
WARNING:Xst:2170 - Unit ramtest : the following signal(s) form a combinatorial loop: gate7/gate1/gate26/D0<3>.
WARNING:Xst:2170 - Unit ramtest : the following signal(s) form a combinatorial loop: gate7/gate0/gate35/D0<3>.
WARNING:Xst:2170 - Unit ramtest : the following signal(s) form a combinatorial loop: gate7/gate1/gate7/D0<3>.
WARNING:Xst:2170 - Unit ramtest : the following signal(s) form a combinatorial loop: gate7/gate0/gate24/D0<4>.
WARNING:Xst:2170 - Unit ramtest : the following signal(s) form a combinatorial loop: gate7/gate1/gate12/D0<1>.
WARNING:Xst:2170 - Unit ramtest : the following signal(s) form a combinatorial loop: gate7/gate1/gate9/D0<1>.
WARNING:Xst:2170 - Unit ramtest : the following signal(s) form a combinatorial loop: gate7/gate1/gate35/D0<4>.
WARNING:Xst:2170 - Unit ramtest : the following signal(s) form a combinatorial loop: gate7/gate0/gate12/D0<5>.
WARNING:Xst:2170 - Unit ramtest : the following signal(s) form a combinatorial loop: gate7/gate1/gate16/D0<3>.
WARNING:Xst:2170 - Unit ramtest : the following signal(s) form a combinatorial loop: gate7/gate1/gate33/D0<0>.
WARNING:Xst:2170 - Unit ramtest : the following signal(s) form a combinatorial loop: gate7/gate0/gate34/D0<2>.
WARNING:Xst:2170 - Unit ramtest : the following signal(s) form a combinatorial loop: gate7/gate1/gate32/D0<4>.
WARNING:Xst:2170 - Unit ramtest : the following signal(s) form a combinatorial loop: gate7/gate0/gate23/D0<3>.
WARNING:Xst:2170 - Unit ramtest : the following signal(s) form a combinatorial loop: gate7/gate1/gate18/D0<1>.
WARNING:Xst:2170 - Unit ramtest : the following signal(s) form a combinatorial loop: gate7/gate0/gate36/D0<5>.
WARNING:Xst:2170 - Unit ramtest : the following signal(s) form a combinatorial loop: gate7/gate1/gate15/D0<1>.
WARNING:Xst:2170 - Unit ramtest : the following signal(s) form a combinatorial loop: gate7/gate0/gate33/D0<1>.
WARNING:Xst:2170 - Unit ramtest : the following signal(s) form a combinatorial loop: gate7/gate1/gate29/D0<4>.
WARNING:Xst:2170 - Unit ramtest : the following signal(s) form a combinatorial loop: gate7/gate0/gate22/D0<2>.
WARNING:Xst:2170 - Unit ramtest : the following signal(s) form a combinatorial loop: gate7/gate1/gate19/D0<5>.
WARNING:Xst:2170 - Unit ramtest : the following signal(s) form a combinatorial loop: gate7/gate1/gate26/D0<4>.
WARNING:Xst:2170 - Unit ramtest : the following signal(s) form a combinatorial loop: gate7/gate0/gate35/D0<4>.
WARNING:Xst:2170 - Unit ramtest : the following signal(s) form a combinatorial loop: gate7/gate0/gate32/D0<0>.
WARNING:Xst:2170 - Unit ramtest : the following signal(s) form a combinatorial loop: gate7/gate1/gate12/D0<2>.
WARNING:Xst:2170 - Unit ramtest : the following signal(s) form a combinatorial loop: gate7/gate0/gate31/D0<5>.
WARNING:Xst:2170 - Unit ramtest : the following signal(s) form a combinatorial loop: gate7/gate1/gate9/D0<2>.
WARNING:Xst:2170 - Unit ramtest : the following signal(s) form a combinatorial loop: gate7/gate1/gate35/D0<5>.
WARNING:Xst:2170 - Unit ramtest : the following signal(s) form a combinatorial loop: gate7/gate1/gate33/D0<1>.
WARNING:Xst:2170 - Unit ramtest : the following signal(s) form a combinatorial loop: gate7/gate0/gate34/D0<3>.
WARNING:Xst:2170 - Unit ramtest : the following signal(s) form a combinatorial loop: gate7/gate1/gate32/D0<5>.
WARNING:Xst:2170 - Unit ramtest : the following signal(s) form a combinatorial loop: gate7/gate1/gate30/D0<0>.
WARNING:Xst:2170 - Unit ramtest : the following signal(s) form a combinatorial loop: gate7/gate0/gate23/D0<4>.
WARNING:Xst:2170 - Unit ramtest : the following signal(s) form a combinatorial loop: gate7/gate1/gate18/D0<2>.
WARNING:Xst:2170 - Unit ramtest : the following signal(s) form a combinatorial loop: gate7/gate1/gate15/D0<2>.
WARNING:Xst:2170 - Unit ramtest : the following signal(s) form a combinatorial loop: gate7/gate0/gate33/D0<2>.
WARNING:Xst:2170 - Unit ramtest : the following signal(s) form a combinatorial loop: gate7/gate1/gate29/D0<5>.
WARNING:Xst:2170 - Unit ramtest : the following signal(s) form a combinatorial loop: gate7/gate0/gate22/D0<3>.
WARNING:Xst:2170 - Unit ramtest : the following signal(s) form a combinatorial loop: gate7/gate0/gate36/D0<0>.
WARNING:Xst:2170 - Unit ramtest : the following signal(s) form a combinatorial loop: gate7/gate1/gate26/D0<5>.
WARNING:Xst:2170 - Unit ramtest : the following signal(s) form a combinatorial loop: gate7/gate0/gate35/D0<5>.
WARNING:Xst:2170 - Unit ramtest : the following signal(s) form a combinatorial loop: gate7/gate0/gate32/D0<1>.
WARNING:Xst:2170 - Unit ramtest : the following signal(s) form a combinatorial loop: gate7/gate1/gate9/D0<3>.
WARNING:Xst:2170 - Unit ramtest : the following signal(s) form a combinatorial loop: gate7/gate0/gate34/D0<4>.
WARNING:Xst:2170 - Unit ramtest : the following signal(s) form a combinatorial loop: gate7/gate1/gate23/D0<2>.
WARNING:Xst:2170 - Unit ramtest : the following signal(s) form a combinatorial loop: gate7/gate1/gate30/D0<1>.
WARNING:Xst:2170 - Unit ramtest : the following signal(s) form a combinatorial loop: gate7/gate0/gate31/D0<0>.
WARNING:Xst:2170 - Unit ramtest : the following signal(s) form a combinatorial loop: gate7/gate0/gate30/D0<5>.
WARNING:Xst:2170 - Unit ramtest : the following signal(s) form a combinatorial loop: gate7/gate1/gate15/D0<3>.
WARNING:Xst:2170 - Unit ramtest : the following signal(s) form a combinatorial loop: gate7/gate0/gate33/D0<3>.
WARNING:Xst:2170 - Unit ramtest : the following signal(s) form a combinatorial loop: gate7/gate0/gate22/D0<4>.
WARNING:Xst:2170 - Unit ramtest : the following signal(s) form a combinatorial loop: gate7/gate0/gate6/D0<0>.
WARNING:Xst:2170 - Unit ramtest : the following signal(s) form a combinatorial loop: gate7/gate0/gate32/D0<2>.
WARNING:Xst:2170 - Unit ramtest : the following signal(s) form a combinatorial loop: gate7/gate0/gate35/D0<0>.
WARNING:Xst:2170 - Unit ramtest : the following signal(s) form a combinatorial loop: gate7/gate0/gate34/D0<5>.
WARNING:Xst:2170 - Unit ramtest : the following signal(s) form a combinatorial loop: gate7/gate1/gate23/D0<3>.
WARNING:Xst:2170 - Unit ramtest : the following signal(s) form a combinatorial loop: gate7/gate1/gate30/D0<2>.
WARNING:Xst:2170 - Unit ramtest : the following signal(s) form a combinatorial loop: gate7/gate0/gate31/D0<1>.
WARNING:Xst:2170 - Unit ramtest : the following signal(s) form a combinatorial loop: gate7/gate1/gate20/D0<3>.
WARNING:Xst:2170 - Unit ramtest : the following signal(s) form a combinatorial loop: gate7/gate0/gate33/D0<4>.
WARNING:Xst:2170 - Unit ramtest : the following signal(s) form a combinatorial loop: gate7/gate0/gate30/D0<0>.
WARNING:Xst:2170 - Unit ramtest : the following signal(s) form a combinatorial loop: gate7/gate0/gate6/D0<1>.
WARNING:Xst:2170 - Unit ramtest : the following signal(s) form a combinatorial loop: gate7/gate0/gate29/D0<5>.
WARNING:Xst:2170 - Unit ramtest : the following signal(s) form a combinatorial loop: gate7/gate0/gate32/D0<3>.
WARNING:Xst:2170 - Unit ramtest : the following signal(s) form a combinatorial loop: gate7/gate0/gate5/D0<0>.
WARNING:Xst:2170 - Unit ramtest : the following signal(s) form a combinatorial loop: gate7/gate1/gate23/D0<4>.
WARNING:Xst:2170 - Unit ramtest : the following signal(s) form a combinatorial loop: gate7/gate1/gate30/D0<3>.
WARNING:Xst:2170 - Unit ramtest : the following signal(s) form a combinatorial loop: gate7/gate0/gate31/D0<2>.
WARNING:Xst:2170 - Unit ramtest : the following signal(s) form a combinatorial loop: gate7/gate1/gate20/D0<4>.
WARNING:Xst:2170 - Unit ramtest : the following signal(s) form a combinatorial loop: gate7/gate0/gate34/D0<0>.
WARNING:Xst:2170 - Unit ramtest : the following signal(s) form a combinatorial loop: gate7/gate0/gate33/D0<5>.
WARNING:Xst:2170 - Unit ramtest : the following signal(s) form a combinatorial loop: gate7/gate1/gate13/D0<0>.
WARNING:Xst:2170 - Unit ramtest : the following signal(s) form a combinatorial loop: gate7/gate0/gate30/D0<1>.
WARNING:Xst:2170 - Unit ramtest : the following signal(s) form a combinatorial loop: gate7/gate0/gate6/D0<2>.
WARNING:Xst:2170 - Unit ramtest : the following signal(s) form a combinatorial loop: gate7/gate1/gate36/D0<3>.
WARNING:Xst:2170 - Unit ramtest : the following signal(s) form a combinatorial loop: gate7/gate0/gate32/D0<4>.
WARNING:Xst:2170 - Unit ramtest : the following signal(s) form a combinatorial loop: gate7/gate0/gate29/D0<0>.
WARNING:Xst:2170 - Unit ramtest : the following signal(s) form a combinatorial loop: gate7/gate0/gate5/D0<1>.
WARNING:Xst:2170 - Unit ramtest : the following signal(s) form a combinatorial loop: gate7/gate0/gate28/D0<5>.
WARNING:Xst:2170 - Unit ramtest : the following signal(s) form a combinatorial loop: gate7/gate1/gate23/D0<5>.
WARNING:Xst:2170 - Unit ramtest : the following signal(s) form a combinatorial loop: gate7/gate1/gate30/D0<4>.
WARNING:Xst:2170 - Unit ramtest : the following signal(s) form a combinatorial loop: gate7/gate0/gate31/D0<3>.
WARNING:Xst:2170 - Unit ramtest : the following signal(s) form a combinatorial loop: gate7/gate1/gate20/D0<5>.
WARNING:Xst:2170 - Unit ramtest : the following signal(s) form a combinatorial loop: gate7/gate0/gate30/D0<2>.
WARNING:Xst:2170 - Unit ramtest : the following signal(s) form a combinatorial loop: gate7/gate0/gate6/D0<3>.
WARNING:Xst:2170 - Unit ramtest : the following signal(s) form a combinatorial loop: gate7/gate1/gate36/D0<4>.
WARNING:Xst:2170 - Unit ramtest : the following signal(s) form a combinatorial loop: gate7/gate1/gate34/D0<0>.
WARNING:Xst:2170 - Unit ramtest : the following signal(s) form a combinatorial loop: gate7/gate1/gate24/D0<1>.
WARNING:Xst:2170 - Unit ramtest : the following signal(s) form a combinatorial loop: gate7/gate0/gate33/D0<0>.
WARNING:Xst:2170 - Unit ramtest : the following signal(s) form a combinatorial loop: gate7/gate1/gate31/D0<0>.
WARNING:Xst:2170 - Unit ramtest : the following signal(s) form a combinatorial loop: gate7/gate0/gate29/D0<1>.
WARNING:Xst:2170 - Unit ramtest : the following signal(s) form a combinatorial loop: gate7/gate0/gate5/D0<2>.
WARNING:Xst:2170 - Unit ramtest : the following signal(s) form a combinatorial loop: gate7/gate0/gate31/D0<4>.
WARNING:Xst:2170 - Unit ramtest : the following signal(s) form a combinatorial loop: gate7/gate1/gate28/D0<0>.
WARNING:Xst:2170 - Unit ramtest : the following signal(s) form a combinatorial loop: gate7/gate0/gate28/D0<0>.
WARNING:Xst:2170 - Unit ramtest : the following signal(s) form a combinatorial loop: gate7/gate1/gate25/D0<0>.
WARNING:Xst:2170 - Unit ramtest : the following signal(s) form a combinatorial loop: gate7/gate0/gate30/D0<3>.
WARNING:Xst:2170 - Unit ramtest : the following signal(s) form a combinatorial loop: gate7/gate0/gate6/D0<4>.
WARNING:Xst:2170 - Unit ramtest : the following signal(s) form a combinatorial loop: gate7/gate1/gate36/D0<5>.
WARNING:Xst:2170 - Unit ramtest : the following signal(s) form a combinatorial loop: gate7/gate1/gate10/D0<2>.
WARNING:Xst:2170 - Unit ramtest : the following signal(s) form a combinatorial loop: gate7/gate1/gate34/D0<1>.
WARNING:Xst:2170 - Unit ramtest : the following signal(s) form a combinatorial loop: gate7/gate0/gate11/D0<0>.
WARNING:Xst:2170 - Unit ramtest : the following signal(s) form a combinatorial loop: gate7/gate1/gate24/D0<2>.
WARNING:Xst:2170 - Unit ramtest : the following signal(s) form a combinatorial loop: gate7/gate1/gate31/D0<1>.
WARNING:Xst:2170 - Unit ramtest : the following signal(s) form a combinatorial loop: gate7/gate0/gate29/D0<2>.
WARNING:Xst:2170 - Unit ramtest : the following signal(s) form a combinatorial loop: gate7/gate0/gate5/D0<3>.
WARNING:Xst:2170 - Unit ramtest : the following signal(s) form a combinatorial loop: gate7/gate1/gate6/D0<5>.
WARNING:Xst:2170 - Unit ramtest : the following signal(s) form a combinatorial loop: gate7/gate1/gate28/D0<1>.
WARNING:Xst:2170 - Unit ramtest : the following signal(s) form a combinatorial loop: gate7/gate1/gate11/D0<4>.
WARNING:Xst:2170 - Unit ramtest : the following signal(s) form a combinatorial loop: gate7/gate1/gate27/D0<5>.
WARNING:Xst:2170 - Unit ramtest : the following signal(s) form a combinatorial loop: gate7/gate0/gate28/D0<1>.
WARNING:Xst:2170 - Unit ramtest : the following signal(s) form a combinatorial loop: gate7/gate1/gate25/D0<1>.
WARNING:Xst:2170 - Unit ramtest : the following signal(s) form a combinatorial loop: gate7/gate0/gate30/D0<4>.
WARNING:Xst:2170 - Unit ramtest : the following signal(s) form a combinatorial loop: gate7/gate0/gate6/D0<5>.
WARNING:Xst:2170 - Unit ramtest : the following signal(s) form a combinatorial loop: gate7/gate1/gate10/D0<3>.
WARNING:Xst:2170 - Unit ramtest : the following signal(s) form a combinatorial loop: gate7/gate1/gate34/D0<2>.
WARNING:Xst:2170 - Unit ramtest : the following signal(s) form a combinatorial loop: gate7/gate0/gate11/D0<1>.
WARNING:Xst:2170 - Unit ramtest : the following signal(s) form a combinatorial loop: gate7/gate1/gate24/D0<3>.
WARNING:Xst:2170 - Unit ramtest : the following signal(s) form a combinatorial loop: gate7/gate1/gate31/D0<2>.
WARNING:Xst:2170 - Unit ramtest : the following signal(s) form a combinatorial loop: gate7/gate0/gate29/D0<3>.
WARNING:Xst:2170 - Unit ramtest : the following signal(s) form a combinatorial loop: gate7/gate0/gate5/D0<4>.
WARNING:Xst:2170 - Unit ramtest : the following signal(s) form a combinatorial loop: gate7/gate0/gate10/D0<0>.
WARNING:Xst:2170 - Unit ramtest : the following signal(s) form a combinatorial loop: gate7/gate1/gate11/D0<5>.
WARNING:Xst:2170 - Unit ramtest : the following signal(s) form a combinatorial loop: gate7/gate0/gate28/D0<2>.
WARNING:Xst:2170 - Unit ramtest : the following signal(s) form a combinatorial loop: gate7/gate1/gate25/D0<2>.
WARNING:Xst:2170 - Unit ramtest : the following signal(s) form a combinatorial loop: gate7/gate1/gate5/D0<5>.
WARNING:Xst:2170 - Unit ramtest : the following signal(s) form a combinatorial loop: gate7/gate1/gate10/D0<4>.
WARNING:Xst:2170 - Unit ramtest : the following signal(s) form a combinatorial loop: gate7/gate1/gate27/D0<0>.
WARNING:Xst:2170 - Unit ramtest : the following signal(s) form a combinatorial loop: gate7/gate1/gate17/D0<4>.
WARNING:Xst:2170 - Unit ramtest : the following signal(s) form a combinatorial loop: gate7/gate0/gate11/D0<2>.
WARNING:Xst:2170 - Unit ramtest : the following signal(s) form a combinatorial loop: gate7/gate1/gate24/D0<4>.
WARNING:Xst:2170 - Unit ramtest : the following signal(s) form a combinatorial loop: gate7/gate1/gate31/D0<3>.
WARNING:Xst:2170 - Unit ramtest : the following signal(s) form a combinatorial loop: gate7/gate1/gate21/D0<4>.
WARNING:Xst:2170 - Unit ramtest : the following signal(s) form a combinatorial loop: gate7/gate0/gate29/D0<4>.
WARNING:Xst:2170 - Unit ramtest : the following signal(s) form a combinatorial loop: gate7/gate0/gate5/D0<5>.
WARNING:Xst:2170 - Unit ramtest : the following signal(s) form a combinatorial loop: gate7/gate0/gate10/D0<1>.
WARNING:Xst:2170 - Unit ramtest : the following signal(s) form a combinatorial loop: gate7/gate0/gate28/D0<3>.
WARNING:Xst:2170 - Unit ramtest : the following signal(s) form a combinatorial loop: gate7/gate1/gate8/D0<5>.
WARNING:Xst:2170 - Unit ramtest : the following signal(s) form a combinatorial loop: gate7/gate0/gate9/D0<0>.
WARNING:Xst:2170 - Unit ramtest : the following signal(s) form a combinatorial loop: gate7/gate1/gate27/D0<1>.
WARNING:Xst:2170 - Unit ramtest : the following signal(s) form a combinatorial loop: gate7/gate1/gate17/D0<5>.
WARNING:Xst:2170 - Unit ramtest : the following signal(s) form a combinatorial loop: gate7/gate0/gate11/D0<3>.
WARNING:Xst:2170 - Unit ramtest : the following signal(s) form a combinatorial loop: gate7/gate1/gate24/D0<5>.
WARNING:Xst:2170 - Unit ramtest : the following signal(s) form a combinatorial loop: gate7/gate1/gate5/D0<0>.
WARNING:Xst:2170 - Unit ramtest : the following signal(s) form a combinatorial loop: gate7/gate1/gate14/D0<5>.
WARNING:Xst:2170 - Unit ramtest : the following signal(s) form a combinatorial loop: gate7/gate1/gate22/D0<0>.
WARNING:Xst:2170 - Unit ramtest : the following signal(s) form a combinatorial loop: gate7/gate1/gate21/D0<5>.
WARNING:Xst:2170 - Unit ramtest : the following signal(s) form a combinatorial loop: gate7/gate1/gate19/D0<0>.
WARNING:Xst:2170 - Unit ramtest : the following signal(s) form a combinatorial loop: gate7/gate1/gate16/D0<4>.
WARNING:Xst:2170 - Unit ramtest : the following signal(s) form a combinatorial loop: gate7/gate0/gate10/D0<2>.
WARNING:Xst:2170 - Unit ramtest : the following signal(s) form a combinatorial loop: gate7/gate1/gate35/D0<0>.
WARNING:Xst:2170 - Unit ramtest : the following signal(s) form a combinatorial loop: gate7/gate0/gate28/D0<4>.
WARNING:Xst:2170 - Unit ramtest : the following signal(s) form a combinatorial loop: gate7/gate1/gate32/D0<0>.
WARNING:Xst:2170 - Unit ramtest : the following signal(s) form a combinatorial loop: gate7/gate0/gate9/D0<1>.
WARNING:Xst:2170 - Unit ramtest : the following signal(s) form a combinatorial loop: gate7/gate0/gate22/D0<5>.
WARNING:Xst:2170 - Unit ramtest : the following signal(s) form a combinatorial loop: gate7/gate0/gate11/D0<4>.
WARNING:Xst:2170 - Unit ramtest : the following signal(s) form a combinatorial loop: gate7/gate1/gate7/D0<4>.
WARNING:Xst:2170 - Unit ramtest : the following signal(s) form a combinatorial loop: gate7/gate1/gate5/D0<1>.
WARNING:Xst:2170 - Unit ramtest : the following signal(s) form a combinatorial loop: gate7/gate1/gate22/D0<1>.
WARNING:Xst:2170 - Unit ramtest : the following signal(s) form a combinatorial loop: gate7/gate0/gate8/D0<0>.
WARNING:Xst:2170 - Unit ramtest : the following signal(s) form a combinatorial loop: gate7/gate1/gate29/D0<0>.
WARNING:Xst:2170 - Unit ramtest : the following signal(s) form a combinatorial loop: gate7/gate1/gate19/D0<1>.
WARNING:Xst:2170 - Unit ramtest : the following signal(s) form a combinatorial loop: gate7/gate1/gate26/D0<0>.
WARNING:Xst:2170 - Unit ramtest : the following signal(s) form a combinatorial loop: gate7/gate1/gate16/D0<5>.
WARNING:Xst:2170 - Unit ramtest : the following signal(s) form a combinatorial loop: gate7/gate1/gate33/D0<2>.
WARNING:Xst:2170 - Unit ramtest : the following signal(s) form a combinatorial loop: gate7/gate0/gate10/D0<3>.
WARNING:Xst:2170 - Unit ramtest : the following signal(s) form a combinatorial loop: gate7/gate1/gate21/D0<0>.
WARNING:Xst:2170 - Unit ramtest : the following signal(s) form a combinatorial loop: gate7/gate1/gate35/D0<1>.
WARNING:Xst:2170 - Unit ramtest : the following signal(s) form a combinatorial loop: gate7/gate1/gate32/D0<1>.
WARNING:Xst:2170 - Unit ramtest : the following signal(s) form a combinatorial loop: gate7/gate0/gate9/D0<2>.
WARNING:Xst:2170 - Unit ramtest : the following signal(s) form a combinatorial loop: gate7/gate0/gate11/D0<5>.
WARNING:Xst:2170 - Unit ramtest : the following signal(s) form a combinatorial loop: gate7/gate1/gate7/D0<5>.
WARNING:Xst:2170 - Unit ramtest : the following signal(s) form a combinatorial loop: gate7/gate1/gate22/D0<2>.
WARNING:Xst:2170 - Unit ramtest : the following signal(s) form a combinatorial loop: gate7/gate0/gate8/D0<1>.
WARNING:Xst:2170 - Unit ramtest : the following signal(s) form a combinatorial loop: gate7/gate1/gate12/D0<3>.
WARNING:Xst:2170 - Unit ramtest : the following signal(s) form a combinatorial loop: gate7/gate1/gate19/D0<2>.
WARNING:Xst:2170 - Unit ramtest : the following signal(s) form a combinatorial loop: gate7/gate0/gate21/D0<5>.
WARNING:Xst:2170 - Unit ramtest : the following signal(s) form a combinatorial loop: gate7/gate1/gate26/D0<1>.
WARNING:Xst:2170 - Unit ramtest : the following signal(s) form a combinatorial loop: gate7/gate1/gate33/D0<3>.
WARNING:Xst:2170 - Unit ramtest : the following signal(s) form a combinatorial loop: gate7/gate0/gate10/D0<4>.
WARNING:Xst:2170 - Unit ramtest : the following signal(s) form a combinatorial loop: gate7/gate0/gate7/D0<0>.
WARNING:Xst:2170 - Unit ramtest : the following signal(s) form a combinatorial loop: gate7/gate1/gate18/D0<3>.
WARNING:Xst:2170 - Unit ramtest : the following signal(s) form a combinatorial loop: gate7/gate1/gate16/D0<0>.
WARNING:Xst:2170 - Unit ramtest : the following signal(s) form a combinatorial loop: gate7/gate1/gate32/D0<2>.
WARNING:Xst:2170 - Unit ramtest : the following signal(s) form a combinatorial loop: gate7/gate0/gate9/D0<3>.
WARNING:Xst:2170 - Unit ramtest : the following signal(s) form a combinatorial loop: gate7/gate0/gate8/D0<2>.
WARNING:Xst:2170 - Unit ramtest : the following signal(s) form a combinatorial loop: gate7/gate1/gate12/D0<4>.
WARNING:Xst:2170 - Unit ramtest : the following signal(s) form a combinatorial loop: gate7/gate1/gate19/D0<3>.
WARNING:Xst:2170 - Unit ramtest : the following signal(s) form a combinatorial loop: gate7/gate1/gate9/D0<4>.
WARNING:Xst:2170 - Unit ramtest : the following signal(s) form a combinatorial loop: gate7/gate1/gate33/D0<4>.
WARNING:Xst:2170 - Unit ramtest : the following signal(s) form a combinatorial loop: gate7/gate0/gate10/D0<5>.
WARNING:Xst:2170 - Unit ramtest : the following signal(s) form a combinatorial loop: gate7/gate0/gate7/D0<1>.
WARNING:Xst:2170 - Unit ramtest : the following signal(s) form a combinatorial loop: gate7/gate0/gate21/D0<0>.
WARNING:Xst:2170 - Unit ramtest : the following signal(s) form a combinatorial loop: gate7/gate1/gate18/D0<4>.
WARNING:Xst:2170 - Unit ramtest : the following signal(s) form a combinatorial loop: gate7/gate0/gate20/D0<5>.
WARNING:Xst:2170 - Unit ramtest : the following signal(s) form a combinatorial loop: gate7/gate1/gate15/D0<4>.
WARNING:Xst:2170 - Unit ramtest : the following signal(s) form a combinatorial loop: gate7/gate0/gate9/D0<4>.
WARNING:Xst:2170 - Unit ramtest : the following signal(s) form a combinatorial loop: gate7/gate0/gate16/D0<0>.
WARNING:Xst:2170 - Unit ramtest : the following signal(s) form a combinatorial loop: gate7/gate0/gate8/D0<3>.
WARNING:Xst:2170 - Unit ramtest : the following signal(s) form a combinatorial loop: gate7/gate1/gate12/D0<5>.
WARNING:Xst:2170 - Unit ramtest : the following signal(s) form a combinatorial loop: gate7/gate1/gate9/D0<5>.
WARNING:Xst:2170 - Unit ramtest : the following signal(s) form a combinatorial loop: gate7/gate0/gate7/D0<2>.
WARNING:Xst:2170 - Unit ramtest : the following signal(s) form a combinatorial loop: gate7/gate0/gate21/D0<1>.
WARNING:Xst:2170 - Unit ramtest : the following signal(s) form a combinatorial loop: gate7/gate1/gate18/D0<5>.
WARNING:Xst:2170 - Unit ramtest : the following signal(s) form a combinatorial loop: gate7/gate1/gate15/D0<5>.
WARNING:Xst:2170 - Unit ramtest : the following signal(s) form a combinatorial loop: gate7/gate1/gate23/D0<0>.
WARNING:Xst:2170 - Unit ramtest : the following signal(s) form a combinatorial loop: gate7/gate0/gate9/D0<5>.
WARNING:Xst:2170 - Unit ramtest : the following signal(s) form a combinatorial loop: gate7/gate1/gate13/D0<1>.
WARNING:Xst:2170 - Unit ramtest : the following signal(s) form a combinatorial loop: gate7/gate1/gate20/D0<0>.
WARNING:Xst:2170 - Unit ramtest : the following signal(s) form a combinatorial loop: gate7/gate0/gate20/D0<0>.
WARNING:Xst:2170 - Unit ramtest : the following signal(s) form a combinatorial loop: gate7/gate0/gate27/D0<5>.
WARNING:Xst:2170 - Unit ramtest : the following signal(s) form a combinatorial loop: gate7/gate0/gate19/D0<5>.
WARNING:Xst:2040 - Unit ramtest: 18 multi-source signals are replaced by logic (pull-up yes): d<0>_MLTSRCEDGE, d<1>_MLTSRCEDGE, d<2>_MLTSRCEDGE, d<3>_MLTSRCEDGE, d<4>_MLTSRCEDGE, d<5>_MLTSRCEDGE, gate7/gate0/DA<0>, gate7/gate0/DA<1>, gate7/gate0/DA<2>, gate7/gate0/DA<3>, gate7/gate0/DA<4>, gate7/gate0/DA<5>, gate7/gate1/DA<0>, gate7/gate1/DA<1>, gate7/gate1/DA<2>, gate7/gate1/DA<3>, gate7/gate1/DA<4>, gate7/gate1/DA<5>.

Optimizing unit <ramtest> ...

Mapping all equations...
Building and optimizing final netlist ...
Found area constraint ratio of 100 (+ 5) on block ramtest, actual ratio is 10.

Final Macro Processing ...

=========================================================================
Final Register Report

Found no macro
=========================================================================

=========================================================================
*                          Partition Report                             *
=========================================================================

Partition Implementation Status
-------------------------------

  No Partitions were found in this design.

-------------------------------

=========================================================================
*                            Final Report                               *
=========================================================================
Final Results
RTL Top Level Output File Name     : ramtest.ngr
Top Level Output File Name         : ramtest
Output Format                      : NGC
Optimization Goal                  : Speed
Keep Hierarchy                     : NO

Design Statistics
# IOs                              : 22

Cell Usage :
# BELS                             : 853
#      GND                         : 1
#      LUT2                        : 24
#      LUT3                        : 520
#      LUT4                        : 285
#      MUXCY                       : 16
#      MUXF5                       : 6
#      VCC                         : 1
# IO Buffers                       : 22
#      IBUF                        : 16
#      IOBUF                       : 6
=========================================================================

Device utilization summary:
---------------------------

Selected Device : 3s500efg320-4 

 Number of Slices:                     478  out of   4656    10%  
 Number of 4 input LUTs:               829  out of   9312     8%  
 Number of IOs:                         22
 Number of bonded IOBs:                 22  out of    232     9%  

---------------------------
Partition Resource Summary:
---------------------------

  No Partitions were found in this design.

---------------------------


=========================================================================
TIMING REPORT

NOTE: THESE TIMING NUMBERS ARE ONLY A SYNTHESIS ESTIMATE.
      FOR ACCURATE TIMING INFORMATION PLEASE REFER TO THE TRACE REPORT
      GENERATED AFTER PLACE-and-ROUTE.

Clock Information:
------------------
No clock signals found in this design

Asynchronous Control Signals Information:
----------------------------------------
No asynchronous control signals found in this design

Timing Summary:
---------------
Speed Grade: -4

   Minimum period: No path found
   Minimum input arrival time before clock: No path found
   Maximum output required time after clock: No path found
   Maximum combinational path delay: 17.576ns

Timing Detail:
--------------
All values displayed in nanoseconds (ns)

=========================================================================
Timing constraint: Default path analysis
  Total number of paths / destination ports: 9708 / 6
-------------------------------------------------------------------------
Delay:               17.576ns (Levels of Logic = 12)
  Source:            csb (PAD)
  Destination:       d<5> (PAD)

  Data Path: csb to d<5>
                                Gate     Net
    Cell:in->out      fanout   Delay   Delay  Logical Name (Net Name)
    ----------------------------------------  ------------
     IBUF:I->O            11   1.218   0.937  csb_IBUF (csb_IBUF)
     LUT4:I3->O           16   0.704   1.209  gate7/gate1/gate0/gate0/z11 (N22)
     LUT3:I0->O            6   0.704   0.844  gate7/gate1/gate32/gate3/z1 (gate7/gate1/gate32/A0)
     LUT3:I0->O            2   0.704   0.482  gate7/gate1/gate32/gate1/gate6/gate1/gate3/z1 (gate7/gate1/gate32/D0<0>)
     LUT4:I2->O            1   0.704   0.595  d<0>_MLTSRCEDGELogicTrst385 (d<0>_MLTSRCEDGELogicTrst_map113)
     LUT2:I0->O            1   0.704   0.595  d<0>_MLTSRCEDGELogicTrst391 (d<0>_MLTSRCEDGELogicTrst_map117)
     LUT4:I0->O            1   0.704   0.424  d<0>_MLTSRCEDGELogicTrst454_SW0 (N2332)
     LUT4:I3->O            1   0.704   0.424  d<0>_MLTSRCEDGELogicTrst454 (d<0>_MLTSRCEDGELogicTrst_map134)
     LUT4:I3->O            1   0.704   0.000  d<0>_MLTSRCEDGELogicTrst4771 (N2339)
     MUXF5:I0->O           1   0.321   0.499  d<0>_MLTSRCEDGELogicTrst477_f5 (d<0>_MLTSRCEDGELogicTrst_map136)
     LUT4:I1->O            1   0.704   0.420  d<0>_MLTSRCEDGELogicTrst491 (d<0>_MLTSRCEDGE)
     IOBUF:I->IO               3.272          d_0_IOBUF (d<0>)
    ----------------------------------------
    Total                     17.576ns (11.147ns logic, 6.429ns route)
                                       (63.4% logic, 36.6% route)

=========================================================================
CPU : 8.82 / 8.93 s | Elapsed : 9.00 / 9.00 s
 
--> 

Total memory usage is 201916 kilobytes

Number of errors   :    0 (   0 filtered)
Number of warnings :  391 (   0 filtered)
Number of infos    :    0 (   0 filtered)

