EN eainvbuf NULL C:/Users/ERIK/Dropbox/cmpen471/projects/pj4_arfvidsonB/eainvbuf.vhd sub00/vhpl06 1349995300
AR ea3nor behavioral C:/Users/ERIK/Dropbox/cmpen471/projects/pj4_arfvidsonB/ea3NOR.vhd sub00/vhpl21 1349995315
EN ea5to32decoder NULL C:/Users/ERIK/Dropbox/cmpen471/projects/pj4_arfvidsonB/ea5to32Decoder.vhd sub00/vhpl18 1349995312
EN ea32x6ram NULL C:/Users/ERIK/Dropbox/cmpen471/projects/pj4_arfvidsonB/ea32x6Ram.vhd sub00/vhpl26 1349995320
AR ea32x6ram struct C:/Users/ERIK/Dropbox/cmpen471/projects/pj4_arfvidsonB/ea32x6Ram.vhd sub00/vhpl27 1349995321
AR eainvert behavioral C:/Users/ERIK/Dropbox/cmpen471/projects/pj4_arfvidsonB/eaINVERT.vhd sub00/vhpl03 1349995297
EN ea3nor NULL C:/Users/ERIK/Dropbox/cmpen471/projects/pj4_arfvidsonB/ea3NOR.vhd sub00/vhpl20 1349995314
AR ea64x6ram struct C:/Users/ERIK/Dropbox/cmpen471/projects/pj4_arfvidsonB/ea64x6Ram.vhd sub00/vhpl31 1349995325
AR eainvbuf behavioral C:/Users/ERIK/Dropbox/cmpen471/projects/pj4_arfvidsonB/eainvbuf.vhd sub00/vhpl07 1349995301
EN ea6ram NULL C:/Users/ERIK/Dropbox/cmpen471/projects/pj4_arfvidsonB/ea6Ram.vhd sub00/vhpl24 1349995318
EN eainv6buf NULL C:/Users/ERIK/Dropbox/cmpen471/projects/pj4_arfvidsonB/eainv6buf.vhd sub00/vhpl12 1349995306
EN ea2to1mux NULL C:/Users/ERIK/Dropbox/cmpen471/projects/pj4_arfvidsonB/ea2to1MUX.vhd sub00/vhpl04 1349995298
AR ea2or behavioral C:/Users/ERIK/Dropbox/cmpen471/projects/pj4_arfvidsonB/ea2OR.vhd sub00/vhpl29 1349995323
EN ea64x6ram NULL C:/Users/ERIK/Dropbox/cmpen471/projects/pj4_arfvidsonB/ea64x6Ram.vhd sub00/vhpl30 1349995324
EN ea6and NULL C:/Users/ERIK/Dropbox/cmpen471/projects/pj4_arfvidsonB/ea6AND.vhd sub00/vhpl16 1349995310
AR ea5to32decoder struct C:/Users/ERIK/Dropbox/cmpen471/projects/pj4_arfvidsonB/ea5to32Decoder.vhd sub00/vhpl19 1349995313
EN eainvert NULL C:/Users/ERIK/Dropbox/cmpen471/projects/pj4_arfvidsonB/eaINVERT.vhd sub00/vhpl02 1349995296
AR ea6dlatch struct C:/Users/ERIK/Dropbox/cmpen471/projects/pj4_arfvidsonB/ea6Dlatch.vhd sub00/vhpl11 1349995305
EN eaoutputbuf NULL C:/Users/ERIK/Dropbox/cmpen471/projects/pj4_arfvidsonB/eaOutputBuf.vhd sub00/vhpl22 1349995316
EN ea2nand NULL C:/Users/ERIK/Dropbox/cmpen471/projects/pj4_arfvidsonB/ea2NAND.vhd sub00/vhpl00 1349995294
AR eaoutputbuf struct C:/Users/ERIK/Dropbox/cmpen471/projects/pj4_arfvidsonB/eaOutputBuf.vhd sub00/vhpl23 1349995317
AR ea6and behavioral C:/Users/ERIK/Dropbox/cmpen471/projects/pj4_arfvidsonB/ea6AND.vhd sub00/vhpl17 1349995311
AR eainv6buf struct C:/Users/ERIK/Dropbox/cmpen471/projects/pj4_arfvidsonB/eainv6buf.vhd sub00/vhpl13 1349995307
EN ramtest NULL C:/Users/ERIK/Dropbox/cmpen471/projects/pj4_arfvidsonB/ramtest.vhd sub00/vhpl32 1349995733
AR ramtest struct C:/Users/ERIK/Dropbox/cmpen471/projects/pj4_arfvidsonB/ramtest.vhd sub00/vhpl33 1349995734
AR ea2and behavioral C:/Users/ERIK/Dropbox/cmpen471/projects/pj4_arfvidsonB/ea2AND.vhd sub00/vhpl15 1349995309
AR ea6ram struc C:/Users/ERIK/Dropbox/cmpen471/projects/pj4_arfvidsonB/ea6Ram.vhd sub00/vhpl25 1349995319
EN ea2and NULL C:/Users/ERIK/Dropbox/cmpen471/projects/pj4_arfvidsonB/ea2AND.vhd sub00/vhpl14 1349995308
AR eadlatch struc C:/Users/ERIK/Dropbox/cmpen471/projects/pj4_arfvidsonB/eaDLatch.vhd sub00/vhpl09 1349995303
EN ea2or NULL C:/Users/ERIK/Dropbox/cmpen471/projects/pj4_arfvidsonB/ea2OR.vhd sub00/vhpl28 1349995322
AR ea2nand behavioral C:/Users/ERIK/Dropbox/cmpen471/projects/pj4_arfvidsonB/ea2NAND.vhd sub00/vhpl01 1349995295
EN ea6dlatch NULL C:/Users/ERIK/Dropbox/cmpen471/projects/pj4_arfvidsonB/ea6Dlatch.vhd sub00/vhpl10 1349995304
EN eadlatch NULL C:/Users/ERIK/Dropbox/cmpen471/projects/pj4_arfvidsonB/eaDLatch.vhd sub00/vhpl08 1349995302
AR ea2to1mux struct C:/Users/ERIK/Dropbox/cmpen471/projects/pj4_arfvidsonB/ea2to1MUX.vhd sub00/vhpl05 1349995299
