V3 67
FL C:/Users/ERIK/Dropbox/cmpen471/projects/pj4_arfvidsonB/ea2AND.vhd 2012/10/04.14:14:59 J.36
EN work/ea2AND 1349995308 \
      FL C:/Users/ERIK/Dropbox/cmpen471/projects/pj4_arfvidsonB/ea2AND.vhd \
      PB ieee/std_logic_1164 1177545575 PB ieee/std_logic_arith 1177545576 \
      PB ieee/STD_LOGIC_UNSIGNED 1177545583
AR work/ea2AND/Behavioral 1349995309 \
      FL C:/Users/ERIK/Dropbox/cmpen471/projects/pj4_arfvidsonB/ea2AND.vhd \
      EN work/ea2AND 1349995308
FL C:/Users/ERIK/Dropbox/cmpen471/projects/pj4_arfvidsonB/ea2NAND.vhd 2012/10/04.14:17:24 J.36
EN work/ea2NAND 1349995294 \
      FL C:/Users/ERIK/Dropbox/cmpen471/projects/pj4_arfvidsonB/ea2NAND.vhd \
      PB ieee/std_logic_1164 1177545575 PB ieee/std_logic_arith 1177545576 \
      PB ieee/STD_LOGIC_UNSIGNED 1177545583
AR work/ea2NAND/Behavioral 1349995295 \
      FL C:/Users/ERIK/Dropbox/cmpen471/projects/pj4_arfvidsonB/ea2NAND.vhd \
      EN work/ea2NAND 1349995294
FL C:/Users/ERIK/Dropbox/cmpen471/projects/pj4_arfvidsonB/ea2OR.vhd 2012/10/09.01:29:40 J.36
EN work/ea2OR 1349995322 \
      FL C:/Users/ERIK/Dropbox/cmpen471/projects/pj4_arfvidsonB/ea2OR.vhd \
      PB ieee/std_logic_1164 1177545575 PB ieee/std_logic_arith 1177545576 \
      PB ieee/STD_LOGIC_UNSIGNED 1177545583
AR work/ea2OR/Behavioral 1349995323 \
      FL C:/Users/ERIK/Dropbox/cmpen471/projects/pj4_arfvidsonB/ea2OR.vhd \
      EN work/ea2OR 1349995322
FL C:/Users/ERIK/Dropbox/cmpen471/projects/pj4_arfvidsonB/ea2to1MUX.vhd 2012/10/04.14:20:10 J.36
EN work/ea2to1MUX 1349995298 \
      FL C:/Users/ERIK/Dropbox/cmpen471/projects/pj4_arfvidsonB/ea2to1MUX.vhd \
      PB ieee/std_logic_1164 1177545575 PB ieee/std_logic_arith 1177545576 \
      PB ieee/STD_LOGIC_UNSIGNED 1177545583
AR work/ea2to1MUX/struct 1349995299 \
      FL C:/Users/ERIK/Dropbox/cmpen471/projects/pj4_arfvidsonB/ea2to1MUX.vhd \
      EN work/ea2to1MUX 1349995298 CP ea2NAND CP eaINVERT
FL C:/Users/ERIK/Dropbox/cmpen471/projects/pj4_arfvidsonB/ea32x6Ram.vhd 2012/10/11.03:04:05 J.36
EN work/ea32x6Ram 1349995320 \
      FL C:/Users/ERIK/Dropbox/cmpen471/projects/pj4_arfvidsonB/ea32x6Ram.vhd \
      PB ieee/std_logic_1164 1177545575 PB ieee/std_logic_arith 1177545576 \
      PB ieee/STD_LOGIC_UNSIGNED 1177545583
AR work/ea32x6Ram/struct 1349995321 \
      FL C:/Users/ERIK/Dropbox/cmpen471/projects/pj4_arfvidsonB/ea32x6Ram.vhd \
      EN work/ea32x6Ram 1349995320 CP ea5to32Decoder CP eaINVERT CP ea3NOR \
      CP eaOutputBuf CP ea6Ram
FL C:/Users/ERIK/Dropbox/cmpen471/projects/pj4_arfvidsonB/ea3NOR.vhd 2012/10/09.01:42:01 J.36
EN work/ea3NOR 1349995314 \
      FL C:/Users/ERIK/Dropbox/cmpen471/projects/pj4_arfvidsonB/ea3NOR.vhd \
      PB ieee/std_logic_1164 1177545575 PB ieee/std_logic_arith 1177545576 \
      PB ieee/STD_LOGIC_UNSIGNED 1177545583
AR work/ea3NOR/Behavioral 1349995315 \
      FL C:/Users/ERIK/Dropbox/cmpen471/projects/pj4_arfvidsonB/ea3NOR.vhd \
      EN work/ea3NOR 1349995314
FL C:/Users/ERIK/Dropbox/cmpen471/projects/pj4_arfvidsonB/ea5to32Decoder.vhd 2012/10/11.05:21:08 J.36
EN work/ea5to32Decoder 1349995312 \
      FL C:/Users/ERIK/Dropbox/cmpen471/projects/pj4_arfvidsonB/ea5to32Decoder.vhd \
      PB ieee/std_logic_1164 1177545575 PB ieee/std_logic_arith 1177545576 \
      PB ieee/STD_LOGIC_UNSIGNED 1177545583
AR work/ea5to32Decoder/struct 1349995313 \
      FL C:/Users/ERIK/Dropbox/cmpen471/projects/pj4_arfvidsonB/ea5to32Decoder.vhd \
      EN work/ea5to32Decoder 1349995312 CP ea6AND CP eaINVERT
FL C:/Users/ERIK/Dropbox/cmpen471/projects/pj4_arfvidsonB/ea64x6Ram.vhd 2012/10/11.06:01:13 J.36
EN work/ea64x6Ram 1349995324 \
      FL C:/Users/ERIK/Dropbox/cmpen471/projects/pj4_arfvidsonB/ea64x6Ram.vhd \
      PB ieee/std_logic_1164 1177545575 PB ieee/std_logic_arith 1177545576 \
      PB ieee/STD_LOGIC_UNSIGNED 1177545583
AR work/ea64x6Ram/struct 1349995325 \
      FL C:/Users/ERIK/Dropbox/cmpen471/projects/pj4_arfvidsonB/ea64x6Ram.vhd \
      EN work/ea64x6Ram 1349995324 CP ea32x6Ram CP eaINVERT CP ea2OR
FL C:/Users/ERIK/Dropbox/cmpen471/projects/pj4_arfvidsonB/ea6AND.vhd 2012/10/09.01:04:57 J.36
EN work/ea6AND 1349995310 \
      FL C:/Users/ERIK/Dropbox/cmpen471/projects/pj4_arfvidsonB/ea6AND.vhd \
      PB ieee/std_logic_1164 1177545575 PB ieee/std_logic_arith 1177545576 \
      PB ieee/STD_LOGIC_UNSIGNED 1177545583
AR work/ea6AND/Behavioral 1349995311 \
      FL C:/Users/ERIK/Dropbox/cmpen471/projects/pj4_arfvidsonB/ea6AND.vhd \
      EN work/ea6AND 1349995310
FL C:/Users/ERIK/Dropbox/cmpen471/projects/pj4_arfvidsonB/ea6Dlatch.vhd 2012/10/09.00:40:45 J.36
EN work/ea6Dlatch 1349995304 \
      FL C:/Users/ERIK/Dropbox/cmpen471/projects/pj4_arfvidsonB/ea6Dlatch.vhd \
      PB ieee/std_logic_1164 1177545575 PB ieee/std_logic_arith 1177545576 \
      PB ieee/STD_LOGIC_UNSIGNED 1177545583
AR work/ea6Dlatch/struct 1349995305 \
      FL C:/Users/ERIK/Dropbox/cmpen471/projects/pj4_arfvidsonB/ea6Dlatch.vhd \
      EN work/ea6Dlatch 1349995304 CP eaDlatch
FL C:/Users/ERIK/Dropbox/cmpen471/projects/pj4_arfvidsonB/ea6Ram.vhd 2012/10/10.23:43:11 J.36
EN work/ea6Ram 1349995318 \
      FL C:/Users/ERIK/Dropbox/cmpen471/projects/pj4_arfvidsonB/ea6Ram.vhd \
      PB ieee/std_logic_1164 1177545575 PB ieee/std_logic_arith 1177545576 \
      PB ieee/STD_LOGIC_UNSIGNED 1177545583
AR work/ea6Ram/struc 1349995319 \
      FL C:/Users/ERIK/Dropbox/cmpen471/projects/pj4_arfvidsonB/ea6Ram.vhd \
      EN work/ea6Ram 1349995318 CP ea6Dlatch CP eainv6buf CP ea2AND
FL C:/Users/ERIK/Dropbox/cmpen471/projects/pj4_arfvidsonB/eaDLatch.vhd 2012/10/04.14:04:15 J.36
EN work/eaDlatch 1349995302 \
      FL C:/Users/ERIK/Dropbox/cmpen471/projects/pj4_arfvidsonB/eaDLatch.vhd \
      PB ieee/std_logic_1164 1177545575 PB ieee/std_logic_arith 1177545576 \
      PB ieee/STD_LOGIC_UNSIGNED 1177545583
AR work/eaDlatch/struc 1349995303 \
      FL C:/Users/ERIK/Dropbox/cmpen471/projects/pj4_arfvidsonB/eaDLatch.vhd \
      EN work/eaDlatch 1349995302 CP ea2to1MUX
FL C:/Users/ERIK/Dropbox/cmpen471/projects/pj4_arfvidsonB/eainv6buf.vhd 2012/10/04.14:07:07 J.36
EN work/eainv6buf 1349995306 \
      FL C:/Users/ERIK/Dropbox/cmpen471/projects/pj4_arfvidsonB/eainv6buf.vhd \
      PB ieee/std_logic_1164 1177545575 PB ieee/std_logic_arith 1177545576 \
      PB ieee/STD_LOGIC_UNSIGNED 1177545583
AR work/eainv6buf/struct 1349995307 \
      FL C:/Users/ERIK/Dropbox/cmpen471/projects/pj4_arfvidsonB/eainv6buf.vhd \
      EN work/eainv6buf 1349995306 CP eainvbuf
FL C:/Users/ERIK/Dropbox/cmpen471/projects/pj4_arfvidsonB/eainvbuf.vhd 2012/10/01.02:29:00 J.36
EN work/eainvbuf 1349995300 \
      FL C:/Users/ERIK/Dropbox/cmpen471/projects/pj4_arfvidsonB/eainvbuf.vhd \
      PB ieee/std_logic_1164 1177545575 PB ieee/std_logic_arith 1177545576 \
      PB ieee/STD_LOGIC_UNSIGNED 1177545583
AR work/eainvbuf/Behavioral 1349995301 \
      FL C:/Users/ERIK/Dropbox/cmpen471/projects/pj4_arfvidsonB/eainvbuf.vhd \
      EN work/eainvbuf 1349995300
FL C:/Users/ERIK/Dropbox/cmpen471/projects/pj4_arfvidsonB/eaINVERT.vhd 2012/10/04.14:07:50 J.36
EN work/eaINVERT 1349995296 \
      FL C:/Users/ERIK/Dropbox/cmpen471/projects/pj4_arfvidsonB/eaINVERT.vhd \
      PB ieee/std_logic_1164 1177545575 PB ieee/std_logic_arith 1177545576 \
      PB ieee/STD_LOGIC_UNSIGNED 1177545583
AR work/eaINVERT/Behavioral 1349995297 \
      FL C:/Users/ERIK/Dropbox/cmpen471/projects/pj4_arfvidsonB/eaINVERT.vhd \
      EN work/eaINVERT 1349995296
FL C:/Users/ERIK/Dropbox/cmpen471/projects/pj4_arfvidsonB/eaOutputBuf.vhd 2012/10/04.14:08:35 J.36
EN work/eaOutputBuf 1349995316 \
      FL C:/Users/ERIK/Dropbox/cmpen471/projects/pj4_arfvidsonB/eaOutputBuf.vhd \
      PB ieee/std_logic_1164 1177545575 PB ieee/std_logic_arith 1177545576 \
      PB ieee/STD_LOGIC_UNSIGNED 1177545583
AR work/eaOutputBuf/struct 1349995317 \
      FL C:/Users/ERIK/Dropbox/cmpen471/projects/pj4_arfvidsonB/eaOutputBuf.vhd \
      EN work/eaOutputBuf 1349995316 CP eainvbuf
FL C:/Users/ERIK/Dropbox/cmpen471/projects/pj4_arfvidsonB/ramtest.vhd 2012/10/11.06:07:50 J.36
EN work/ramtest 1349995733 \
      FL C:/Users/ERIK/Dropbox/cmpen471/projects/pj4_arfvidsonB/ramtest.vhd \
      PB ieee/std_logic_1164 1177545575 PB ieee/std_logic_arith 1177545576 \
      PB ieee/STD_LOGIC_UNSIGNED 1177545583
AR work/ramtest/struct 1349995734 \
      FL C:/Users/ERIK/Dropbox/cmpen471/projects/pj4_arfvidsonB/ramtest.vhd \
      EN work/ramtest 1349995733 CP eaINVERT CP eaOutputBuf CP ea64x6Ram
