--------------------------------------------------------------------------------
Release 9.2i Trace 
Copyright (c) 1995-2007 Xilinx, Inc.  All rights reserved.

C:\Xilinx92i\bin\nt\trce.exe -ise
C:/Users/ERIK/Dropbox/cmpen471/projects/pj3Omega/pj3Omega.ise -intstyle ise -e
3 -s 4 -xml ufm6bit ufm6bit.ncd -o ufm6bit.twr ufm6bit.pcf

Design file:              ufm6bit.ncd
Physical constraint file: ufm6bit.pcf
Device,package,speed:     xc3s500e,fg320,-4 (PRODUCTION 1.26 2007-04-13)
Report level:             error report

Environment Variable      Effect 
--------------------      ------ 
NONE                      No environment variables were set
--------------------------------------------------------------------------------

INFO:Timing:2698 - No timing constraints found, doing default enumeration.
INFO:Timing:2752 - To get complete path coverage, use the unconstrained paths 
   option. All paths that are not constrained will be reported in the 
   unconstrained paths section(s) of the report.
INFO:Timing:3339 - The clock-to-out numbers in this timing report are based on 
   a 50 Ohm transmission line loading model.  For the details of this model, 
   and for more information on accounting for different loading conditions, 
   please see the device datasheet.



Data Sheet report:
-----------------
All values displayed in nanoseconds (ns)

Pad to Pad
---------------+---------------+---------+
Source Pad     |Destination Pad|  Delay  |
---------------+---------------+---------+
ckm            |d<0>           |   33.388|
ckm            |d<1>           |   32.547|
ckm            |d<2>           |   32.003|
ckm            |d<3>           |   32.012|
ckm            |d<4>           |   32.777|
ckm            |d<5>           |   33.912|
rb             |d<0>           |   31.951|
rb             |d<1>           |   31.110|
rb             |d<2>           |   30.566|
rb             |d<3>           |   30.575|
rb             |d<4>           |   31.340|
rb             |d<5>           |   32.475|
s<0>           |d<0>           |   23.517|
s<0>           |d<1>           |   22.676|
s<0>           |d<2>           |   22.132|
s<0>           |d<3>           |   22.141|
s<0>           |d<4>           |   22.906|
s<0>           |d<5>           |   24.041|
s<1>           |d<0>           |   22.647|
s<1>           |d<1>           |   21.806|
s<1>           |d<2>           |   21.262|
s<1>           |d<3>           |   21.271|
s<1>           |d<4>           |   22.036|
s<1>           |d<5>           |   23.171|
---------------+---------------+---------+


Analysis completed Thu Oct 04 05:46:20 2012 
--------------------------------------------------------------------------------

Trace Settings:
-------------------------
Trace Settings 

Peak Memory Usage: 134 MB



