AR eapcf behavioral C:/Users/ERIK/Dropbox/cmpen471/projects/pj3PC/../pj2eaFinal/eaPCf.vhd sub00/vhpl23 1349218212
AR eaadd4bit behavioral C:/Users/ERIK/Dropbox/cmpen471/projects/pj3PC/../pj2eaFinal/eaadd4bit.vhd sub00/vhpl21 1349218210
MO asd12 NULL C:/Users/ERIK/Dropbox/cmpen471/projects/pj3PC/asd12.tfw vlg63/asd12.bin 1349218962
AR ea2to1mux behavioral C:/Users/ERIK/Dropbox/cmpen471/projects/pj3PC/../pj2eaFinal/ea2to1MUX.vhd sub00/vhpl05 1349218194
EN ea4flip NULL C:/Users/ERIK/Dropbox/cmpen471/projects/pj3PC/../pj2eaFinal/ea4Flip.vhd sub00/vhpl18 1349218207
AR eainvert behavioral C:/Users/ERIK/Dropbox/cmpen471/projects/pj3PC/../pj2eaFinal/eaINVERT.vhd sub00/vhpl03 1349218192
EN ea2to1mux NULL C:/Users/ERIK/Dropbox/cmpen471/projects/pj3PC/../pj2eaFinal/ea2to1MUX.vhd sub00/vhpl04 1349218193
EN eapc NULL C:/Users/ERIK/Dropbox/cmpen471/projects/pj3PC/../pj2eaFinal/eaPC.vhd sub00/vhpl26 1349218625
AR ea3nand behavioral C:/Users/ERIK/Dropbox/cmpen471/projects/pj3PC/../pj2eaFinal/ea3NAND.vhd sub00/vhpl07 1349218196
AR eapc behavioral C:/Users/ERIK/Dropbox/cmpen471/projects/pj3PC/../pj2eaFinal/eaPC.vhd sub00/vhpl27 1349218626
MO jbkj75 NULL C:/Users/ERIK/Dropbox/cmpen471/projects/pj3PC/jbkj75.tfw vlg15/jbkj75.bin 1349218187
EN eainvert NULL C:/Users/ERIK/Dropbox/cmpen471/projects/pj3PC/../pj2eaFinal/eaINVERT.vhd sub00/vhpl02 1349218191
EN eapcf NULL C:/Users/ERIK/Dropbox/cmpen471/projects/pj3PC/../pj2eaFinal/eaPCf.vhd sub00/vhpl22 1349218211
EN ea2nand NULL C:/Users/ERIK/Dropbox/cmpen471/projects/pj3PC/../pj2eaFinal/ea2NAND.vhd sub00/vhpl00 1349218189
AR eaflipflop behavioral C:/Users/ERIK/Dropbox/cmpen471/projects/pj3PC/../pj2eaFinal/eaFlipFlop.vhd sub00/vhpl15 1349218204
EN ea1bitadder NULL C:/Users/ERIK/Dropbox/cmpen471/projects/pj3PC/../pj2eaFinal/ea1bitadder.vhd sub00/vhpl12 1349218201
AR ea4dlatch behavioral C:/Users/ERIK/Dropbox/cmpen471/projects/pj3PC/../pj2eaFinal/ea4Dlatch.vhd sub00/vhpl25 1349218624
AR ea4bitmux struct C:/Users/ERIK/Dropbox/cmpen471/projects/pj3PC/../pj2eaFinal/ea4bitMUX.vhd sub00/vhpl17 1349218206
EN ea3nand NULL C:/Users/ERIK/Dropbox/cmpen471/projects/pj3PC/../pj2eaFinal/ea3NAND.vhd sub00/vhpl06 1349218195
EN ea4bitmux NULL C:/Users/ERIK/Dropbox/cmpen471/projects/pj3PC/../pj2eaFinal/ea4bitMUX.vhd sub00/vhpl16 1349218205
MO glbl NULL C:/Xilinx92i/verilog/src/glbl.v vlg2D/glbl.bin 1349218188
AR ea4flip behavioral C:/Users/ERIK/Dropbox/cmpen471/projects/pj3PC/../pj2eaFinal/ea4Flip.vhd sub00/vhpl19 1349218208
AR ea1bitadder behavioral C:/Users/ERIK/Dropbox/cmpen471/projects/pj3PC/../pj2eaFinal/ea1bitadder.vhd sub00/vhpl13 1349218202
AR eadlatch struc C:/Users/ERIK/Dropbox/cmpen471/projects/pj3PC/../pj2eaFinal/eaDLatch.vhd sub00/vhpl11 1349218200
AR ea2nand behavioral C:/Users/ERIK/Dropbox/cmpen471/projects/pj3PC/../pj2eaFinal/ea2NAND.vhd sub00/vhpl01 1349218190
EN eaflipflop NULL C:/Users/ERIK/Dropbox/cmpen471/projects/pj3PC/../pj2eaFinal/eaFlipFlop.vhd sub00/vhpl14 1349218203
EN eaadd4bit NULL C:/Users/ERIK/Dropbox/cmpen471/projects/pj3PC/../pj2eaFinal/eaadd4bit.vhd sub00/vhpl20 1349218209
EN eadlatch NULL C:/Users/ERIK/Dropbox/cmpen471/projects/pj3PC/../pj2eaFinal/eaDLatch.vhd sub00/vhpl10 1349218199
AR ea4nand behavioral C:/Users/ERIK/Dropbox/cmpen471/projects/pj3PC/../pj2eaFinal/ea4NAND.vhd sub00/vhpl09 1349218198
EN ea4dlatch NULL C:/Users/ERIK/Dropbox/cmpen471/projects/pj3PC/../pj2eaFinal/ea4Dlatch.vhd sub00/vhpl24 1349218623
EN ea4nand NULL C:/Users/ERIK/Dropbox/cmpen471/projects/pj3PC/../pj2eaFinal/ea4NAND.vhd sub00/vhpl08 1349218197
