AR ea6pcf struct C:/Users/ERIK/Dropbox/cmpen471/projects/pj7_alpha/ea6PCf.vhd sub00/vhpl57 1354775984
EN eaobnon NULL C:/Users/ERIK/Dropbox/cmpen471/projects/pj7_alpha/eaOBnon.vhd sub00/vhpl77 1354824681
EN ea7and NULL C:/Users/ERIK/Dropbox/cmpen471/projects/pj7_alpha/ea7AND.vhd sub00/vhpl20 1354775947
AR ea6bitmux struct C:/Users/ERIK/Dropbox/cmpen471/projects/pj7_alpha/ea6bitMUX.vhd sub00/vhpl41 1354775968
EN ea6pcf NULL C:/Users/ERIK/Dropbox/cmpen471/projects/pj7_alpha/ea6PCf.vhd sub00/vhpl56 1354775983
AR test1 testbench_arch C:/Users/ERIK/Dropbox/cmpen471/projects/pj7_alpha/test1.vhw sub00/vhpl69 1354783346
EN eainvbuf NULL C:/Users/ERIK/Dropbox/cmpen471/projects/pj7_alpha/eainvbuf.vhd sub00/vhpl12 1354775939
EN eacu NULL C:/Users/ERIK/Dropbox/cmpen471/projects/pj7_alpha/eaCU.vhd sub00/vhpl79 1354824683
EN eabuf NULL C:/Users/ERIK/Dropbox/cmpen471/projects/pj7_alpha/eabuf.vhd sub00/vhpl71 1354824675
EN ea64rom NULL C:/Users/ERIK/Dropbox/cmpen471/projects/pj7_alpha/ea64Rom.vhd sub00/vhpl52 1354781944
AR eacu struct C:/Users/ERIK/Dropbox/cmpen471/projects/pj7_alpha/eaCU.vhd sub00/vhpl80 1354824684
EN eaadd6bit NULL C:/Users/ERIK/Dropbox/cmpen471/projects/pj7_alpha/eaadd6bit.vhd sub00/vhpl38 1354775965
AR eainvert behavioral C:/Users/ERIK/Dropbox/cmpen471/projects/pj7_alpha/eaINVERT.vhd sub00/vhpl03 1354775930
AR eaflipflop struct C:/Users/ERIK/Dropbox/cmpen471/projects/pj7_alpha/eaFlipFlop.vhd sub00/vhpl15 1354775942
EN eaid NULL C:/Users/ERIK/Dropbox/cmpen471/projects/pj7_alpha/eaID.vhd sub00/vhpl62 1354775989
EN test1 NULL C:/Users/ERIK/Dropbox/cmpen471/projects/pj7_alpha/test1.vhw sub00/vhpl68 1354783345
EN eacpu NULL C:/Users/ERIK/Dropbox/cmpen471/projects/pj7_alpha/eaCPU.vhd sub00/vhpl81 1354824685
AR ea64x6ram struct C:/Users/ERIK/Dropbox/cmpen471/projects/pj7_alpha/ea64x6Ram.vhd sub00/vhpl55 1354778122
AR eaxor behavioral C:/Users/ERIK/Dropbox/cmpen471/projects/pj7_alpha/eaXOR.vhd sub00/vhpl19 1354775946
EN ea6bitto64decoder NULL C:/Users/ERIK/Dropbox/cmpen471/projects/pj7_alpha/ea6bitto64decoder.vhd sub00/vhpl46 1354775973
AR ea18bit64word struct C:/Users/ERIK/Dropbox/cmpen471/projects/pj7_alpha/ea18bit64word.vhd sub00/vhpl51 1354781943
EN eabgmux NULL C:/Users/ERIK/Dropbox/cmpen471/projects/pj7_alpha/eaBGMUX.vhd sub00/vhpl64 1354783341
AR ea7and behavioral C:/Users/ERIK/Dropbox/cmpen471/projects/pj7_alpha/ea7AND.vhd sub00/vhpl21 1354775948
AR eainvbuf behavioral C:/Users/ERIK/Dropbox/cmpen471/projects/pj7_alpha/eainvbuf.vhd sub00/vhpl13 1354775940
AR easm struct C:/Users/ERIK/Dropbox/cmpen471/projects/pj7_alpha/eaSM.vhd sub00/vhpl61 1354775988
AR eaiolatch struc C:/Users/ERIK/Dropbox/cmpen471/projects/pj7_alpha/eaIOlatch.vhd sub00/vhpl84 1354824688
EN ea4to1mux NULL C:/Users/ERIK/Dropbox/cmpen471/projects/pj7_alpha/ea4to1MUX.vhd sub00/vhpl30 1354783339
EN eair NULL C:/Users/ERIK/Dropbox/cmpen471/projects/pj7_alpha/eaIR.vhd sub00/vhpl73 1354824677
EN ea6ram NULL C:/Users/ERIK/Dropbox/cmpen471/projects/pj7_alpha/ea6Ram.vhd sub00/vhpl42 1354775969
AR ea6bitto64decoder struct C:/Users/ERIK/Dropbox/cmpen471/projects/pj7_alpha/ea6bitto64decoder.vhd sub00/vhpl47 1354775974
EN eainv6buf NULL C:/Users/ERIK/Dropbox/cmpen471/projects/pj7_alpha/eainv6buf.vhd sub00/vhpl24 1354775951
EN ea18bit64word NULL C:/Users/ERIK/Dropbox/cmpen471/projects/pj7_alpha/ea18bit64word.vhd sub00/vhpl50 1354781942
AR ea6flip struct C:/Users/ERIK/Dropbox/cmpen471/projects/pj7_alpha/ea6Flip.vhd sub00/vhpl23 1354775950
EN ea2to1mux NULL C:/Users/ERIK/Dropbox/cmpen471/projects/pj7_alpha/ea2to1MUX.vhd sub00/vhpl04 1354775931
AR ea2or behavioral C:/Users/ERIK/Dropbox/cmpen471/projects/pj7_alpha/ea2OR.vhd sub00/vhpl33 1354775960
AR eaobnon struct C:/Users/ERIK/Dropbox/cmpen471/projects/pj7_alpha/eaOBnon.vhd sub00/vhpl78 1354824682
EN smicro NULL C:/Users/ERIK/Dropbox/cmpen471/projects/pj7_alpha/smicro.vhd sub00/vhpl85 1354824689
EN ea64x6ram NULL C:/Users/ERIK/Dropbox/cmpen471/projects/pj7_alpha/ea64x6Ram.vhd sub00/vhpl54 1354778121
AR smicro struct C:/Users/ERIK/Dropbox/cmpen471/projects/pj7_alpha/smicro.vhd sub00/vhpl86 1354824690
AR ea3nand behavioral C:/Users/ERIK/Dropbox/cmpen471/projects/pj7_alpha/ea3NAND.vhd sub00/vhpl09 1354775936
EN earisc NULL C:/Users/ERIK/Dropbox/cmpen471/projects/pj7_alpha/eaRisc.vhd sub00/vhpl66 1354783343
AR earisc structure C:/Users/ERIK/Dropbox/cmpen471/projects/pj7_alpha/netgen/par/eaRisc_timesim.vhd sub00/vhpl70 1354777331
EN ea3and NULL C:/Users/ERIK/Dropbox/cmpen471/projects/pj7_alpha/ea3AND.vhd sub00/vhpl34 1354775961
EN eainvert NULL C:/Users/ERIK/Dropbox/cmpen471/projects/pj7_alpha/eaINVERT.vhd sub00/vhpl02 1354775929
EN ea6xor NULL C:/Users/ERIK/Dropbox/cmpen471/projects/pj7_alpha/ea6XOR.vhd sub00/vhpl36 1354775963
AR ea6dlatch struct C:/Users/ERIK/Dropbox/cmpen471/projects/pj7_alpha/ea6Dlatch.vhd sub00/vhpl76 1354824680
EN eaoutputbuf NULL C:/Users/ERIK/Dropbox/cmpen471/projects/pj7_alpha/eaOutputBuf.vhd sub00/vhpl44 1354775971
AR eaid struct C:/Users/ERIK/Dropbox/cmpen471/projects/pj7_alpha/eaID.vhd sub00/vhpl63 1354775990
EN ea2nand NULL C:/Users/ERIK/Dropbox/cmpen471/projects/pj7_alpha/ea2NAND.vhd sub00/vhpl00 1354775927
AR eabuf behavioral C:/Users/ERIK/Dropbox/cmpen471/projects/pj7_alpha/eabuf.vhd sub00/vhpl72 1354824676
AR eaoutputbuf struct C:/Users/ERIK/Dropbox/cmpen471/projects/pj7_alpha/eaOutputBuf.vhd sub00/vhpl45 1354775972
AR eacpu struct C:/Users/ERIK/Dropbox/cmpen471/projects/pj7_alpha/eaCPU.vhd sub00/vhpl82 1354824686
EN easm NULL C:/Users/ERIK/Dropbox/cmpen471/projects/pj7_alpha/eaSM.vhd sub00/vhpl60 1354775987
EN ea2nor NULL C:/Users/ERIK/Dropbox/cmpen471/projects/pj7_alpha/ea2NOR.vhd sub00/vhpl48 1354775975
AR eair struct C:/Users/ERIK/Dropbox/cmpen471/projects/pj7_alpha/eaIR.vhd sub00/vhpl74 1354824678
EN ea6flip NULL C:/Users/ERIK/Dropbox/cmpen471/projects/pj7_alpha/ea6Flip.vhd sub00/vhpl22 1354775949
AR ea6xor struct C:/Users/ERIK/Dropbox/cmpen471/projects/pj7_alpha/ea6XOR.vhd sub00/vhpl37 1354775964
AR ea6sub struct C:/Users/ERIK/Dropbox/cmpen471/projects/pj7_alpha/ea6SUB.vhd sub00/vhpl59 1354775986
AR eainv6buf struct C:/Users/ERIK/Dropbox/cmpen471/projects/pj7_alpha/eainv6buf.vhd sub00/vhpl25 1354775952
EN eainv18buf NULL C:/Users/ERIK/Dropbox/cmpen471/projects/pj7_alpha/eainv18buf.vhd sub00/vhpl28 1354775955
AR eabgmux struct C:/Users/ERIK/Dropbox/cmpen471/projects/pj7_alpha/eaBGMUX.vhd sub00/vhpl65 1354783342
EN ea1bitadder NULL C:/Users/ERIK/Dropbox/cmpen471/projects/pj7_alpha/ea1bitadder.vhd sub00/vhpl16 1354775943
AR ea4to1mux struct C:/Users/ERIK/Dropbox/cmpen471/projects/pj7_alpha/ea4to1MUX.vhd sub00/vhpl31 1354783340
EN ea6bitmux NULL C:/Users/ERIK/Dropbox/cmpen471/projects/pj7_alpha/ea6bitMUX.vhd sub00/vhpl40 1354775967
AR ea2and behavioral C:/Users/ERIK/Dropbox/cmpen471/projects/pj7_alpha/ea2AND.vhd sub00/vhpl27 1354775954
EN ea3nand NULL C:/Users/ERIK/Dropbox/cmpen471/projects/pj7_alpha/ea3NAND.vhd sub00/vhpl08 1354775935
AR ea6ram struc C:/Users/ERIK/Dropbox/cmpen471/projects/pj7_alpha/ea6Ram.vhd sub00/vhpl43 1354775970
EN ea2and NULL C:/Users/ERIK/Dropbox/cmpen471/projects/pj7_alpha/ea2AND.vhd sub00/vhpl26 1354775953
AR ea1bitadder behavioral C:/Users/ERIK/Dropbox/cmpen471/projects/pj7_alpha/ea1bitadder.vhd sub00/vhpl17 1354775944
AR eadlatch struc C:/Users/ERIK/Dropbox/cmpen471/projects/pj7_alpha/eaDLatch.vhd sub00/vhpl07 1354775934
EN ea2or NULL C:/Users/ERIK/Dropbox/cmpen471/projects/pj7_alpha/ea2OR.vhd sub00/vhpl32 1354775959
EN eaiolatch NULL C:/Users/ERIK/Dropbox/cmpen471/projects/pj7_alpha/eaIOlatch.vhd sub00/vhpl83 1354824687
EN ea6dlatch NULL C:/Users/ERIK/Dropbox/cmpen471/projects/pj7_alpha/ea6Dlatch.vhd sub00/vhpl75 1354824679
AR ea2nand behavioral C:/Users/ERIK/Dropbox/cmpen471/projects/pj7_alpha/ea2NAND.vhd sub00/vhpl01 1354775928
EN eaflipflop NULL C:/Users/ERIK/Dropbox/cmpen471/projects/pj7_alpha/eaFlipFlop.vhd sub00/vhpl14 1354775941
AR eaadd6bit struct C:/Users/ERIK/Dropbox/cmpen471/projects/pj7_alpha/eaadd6bit.vhd sub00/vhpl39 1354775966
EN ea6sub NULL C:/Users/ERIK/Dropbox/cmpen471/projects/pj7_alpha/ea6SUB.vhd sub00/vhpl58 1354775985
AR ea3and behavioral C:/Users/ERIK/Dropbox/cmpen471/projects/pj7_alpha/ea3AND.vhd sub00/vhpl35 1354775962
AR ea2nor behavioral C:/Users/ERIK/Dropbox/cmpen471/projects/pj7_alpha/ea2NOR.vhd sub00/vhpl49 1354775976
EN eaxor NULL C:/Users/ERIK/Dropbox/cmpen471/projects/pj7_alpha/eaXOR.vhd sub00/vhpl18 1354775945
EN eadlatch NULL C:/Users/ERIK/Dropbox/cmpen471/projects/pj7_alpha/eaDLatch.vhd sub00/vhpl06 1354775933
AR earisc struct C:/Users/ERIK/Dropbox/cmpen471/projects/pj7_alpha/eaRisc.vhd sub00/vhpl67 1354783344
AR eainv18buf struct C:/Users/ERIK/Dropbox/cmpen471/projects/pj7_alpha/eainv18buf.vhd sub00/vhpl29 1354775956
AR ea4nand behavioral C:/Users/ERIK/Dropbox/cmpen471/projects/pj7_alpha/ea4NAND.vhd sub00/vhpl11 1354775938
EN r2s8mt NULL C:/Users/ERIK/Dropbox/cmpen471/projects/pj7_alpha/r2s8mt.vhd sub00/vhpl87 1354824691
AR ea2to1mux struct C:/Users/ERIK/Dropbox/cmpen471/projects/pj7_alpha/ea2to1MUX.vhd sub00/vhpl05 1354775932
AR r2s8mt struct C:/Users/ERIK/Dropbox/cmpen471/projects/pj7_alpha/r2s8mt.vhd sub00/vhpl88 1354824692
EN ea4nand NULL C:/Users/ERIK/Dropbox/cmpen471/projects/pj7_alpha/ea4NAND.vhd sub00/vhpl10 1354775937
AR ea64rom struct C:/Users/ERIK/Dropbox/cmpen471/projects/pj7_alpha/ea64Rom.vhd sub00/vhpl53 1354781945
