AR ea6pcf struct C:/Users/ERIK/Dropbox/cmpen471/projects/pj6_teh/ea6PCf.vhd sub00/vhpl71 1352764282
EN eaobnon NULL C:/Users/ERIK/Dropbox/cmpen471/projects/pj6_teh/eaOBnon.vhd sub00/vhpl74 1352764269
EN ea7and NULL C:/Users/ERIK/Dropbox/cmpen471/projects/pj6_teh/ea7AND.vhd sub00/vhpl44 1352764255
AR ea6bitmux struct C:/Users/ERIK/Dropbox/cmpen471/projects/pj6_teh/ea6bitMUX.vhd sub00/vhpl33 1352764242
EN ea6pcf NULL C:/Users/ERIK/Dropbox/cmpen471/projects/pj6_teh/ea6PCf.vhd sub00/vhpl70 1352764281
EN eainvbuf NULL C:/Users/ERIK/Dropbox/cmpen471/projects/pj6_teh/eainvbuf.vhd sub00/vhpl10 1352764219
AR ea3nor behavioral C:/Users/ERIK/Dropbox/cmpen471/projects/pj6_teh/ea3NOR.vhd sub00/vhpl39 1352764250
EN ea5to32decoder NULL C:/Users/ERIK/Dropbox/cmpen471/projects/pj6_teh/ea5to32Decoder.vhd sub00/vhpl36 1352764247
AR ea6bit64word struct C:/Users/ERIK/Dropbox/cmpen471/projects/pj6_teh/ea6bit64word.vhd sub00/vhpl67 1352764278
EN ea32x6ram NULL C:/Users/ERIK/Dropbox/cmpen471/projects/pj6_teh/ea32x6Ram.vhd sub00/vhpl60 1352764271
EN eabuf NULL C:/Users/ERIK/Dropbox/cmpen471/projects/pj6_teh/eabuf.vhd sub00/vhpl56 1352764245
AR ea32x6ram struct C:/Users/ERIK/Dropbox/cmpen471/projects/pj6_teh/ea32x6Ram.vhd sub00/vhpl61 1352764272
EN eacu NULL C:/Users/ERIK/Dropbox/cmpen471/projects/pj6_teh/eaCU.vhd sub00/vhpl76 1352764285
EN ea64rom NULL C:/Users/ERIK/Dropbox/cmpen471/projects/pj6_teh/ea64Rom.vhd sub00/vhpl82 1352764291
AR eacu struct C:/Users/ERIK/Dropbox/cmpen471/projects/pj6_teh/eaCU.vhd sub00/vhpl77 1352764286
EN eaadd6bit NULL C:/Users/ERIK/Dropbox/cmpen471/projects/pj6_teh/eaadd6bit.vhd sub00/vhpl48 1352764259
AR eainvert behavioral C:/Users/ERIK/Dropbox/cmpen471/projects/pj6_teh/eaINVERT.vhd sub00/vhpl05 1352764214
AR eaflipflop struct C:/Users/ERIK/Dropbox/cmpen471/projects/pj6_teh/eaFlipFlop.vhd sub00/vhpl17 1352764226
EN eaid NULL C:/Users/ERIK/Dropbox/cmpen471/projects/pj6_teh/eaID.vhd sub00/vhpl52 1352764263
EN ea3nor NULL C:/Users/ERIK/Dropbox/cmpen471/projects/pj6_teh/ea3NOR.vhd sub00/vhpl38 1352764249
EN eacpu NULL C:/Users/ERIK/Dropbox/cmpen471/projects/pj6_teh/eaCPU.vhd sub00/vhpl80 1352764289
AR ea64x6ram struct C:/Users/ERIK/Dropbox/cmpen471/projects/pj6_teh/ea64x6Ram.vhd sub00/vhpl85 1352764294
AR eaxor behavioral C:/Users/ERIK/Dropbox/cmpen471/projects/pj6_teh/eaXOR.vhd sub00/vhpl29 1352764238
EN ea6bitto64decoder NULL C:/Users/ERIK/Dropbox/cmpen471/projects/pj6_teh/ea6bitto64decoder.vhd sub00/vhpl64 1352764275
EN eabgmux NULL C:/Users/ERIK/Dropbox/cmpen471/projects/pj6_teh/eaBGMUX.vhd sub00/vhpl72 1352764283
AR ea7and behavioral C:/Users/ERIK/Dropbox/cmpen471/projects/pj6_teh/ea7AND.vhd sub00/vhpl45 1352764256
AR eainvbuf behavioral C:/Users/ERIK/Dropbox/cmpen471/projects/pj6_teh/eainvbuf.vhd sub00/vhpl11 1352764220
AR easm struct C:/Users/ERIK/Dropbox/cmpen471/projects/pj6_teh/eaSM.vhd sub00/vhpl51 1352764262
AR eaiolatch struc C:/Users/ERIK/Dropbox/cmpen471/projects/pj6_teh/eaIOlatch.vhd sub00/vhpl87 1352764296
EN ea4to1mux NULL C:/Users/ERIK/Dropbox/cmpen471/projects/pj6_teh/ea4to1MUX.vhd sub00/vhpl58 1352764267
EN eair NULL C:/Users/ERIK/Dropbox/cmpen471/projects/pj6_teh/eaIR.vhd sub00/vhpl54 1352764265
EN ea6ram NULL C:/Users/ERIK/Dropbox/cmpen471/projects/pj6_teh/ea6Ram.vhd sub00/vhpl42 1352764253
AR ea6bitto64decoder struct C:/Users/ERIK/Dropbox/cmpen471/projects/pj6_teh/ea6bitto64decoder.vhd sub00/vhpl65 1352764276
EN eainv6buf NULL C:/Users/ERIK/Dropbox/cmpen471/projects/pj6_teh/eainv6buf.vhd sub00/vhpl20 1352764229
AR ea6flip struct C:/Users/ERIK/Dropbox/cmpen471/projects/pj6_teh/ea6Flip.vhd sub00/vhpl31 1352764240
EN ea6bit64word NULL C:/Users/ERIK/Dropbox/cmpen471/projects/pj6_teh/ea6bit64word.vhd sub00/vhpl66 1352764277
EN ea2to1mux NULL C:/Users/ERIK/Dropbox/cmpen471/projects/pj6_teh/ea2to1MUX.vhd sub00/vhpl06 1352764215
AR ea2or behavioral C:/Users/ERIK/Dropbox/cmpen471/projects/pj6_teh/ea2OR.vhd sub00/vhpl63 1352764274
AR eaobnon struct C:/Users/ERIK/Dropbox/cmpen471/projects/pj6_teh/eaOBnon.vhd sub00/vhpl75 1352764270
EN smicro NULL C:/Users/ERIK/Dropbox/cmpen471/projects/pj6_teh/smicro.vhd sub00/vhpl00 1352764297
EN ea64x6ram NULL C:/Users/ERIK/Dropbox/cmpen471/projects/pj6_teh/ea64x6Ram.vhd sub00/vhpl84 1352764293
AR smicro struct C:/Users/ERIK/Dropbox/cmpen471/projects/pj6_teh/smicro.vhd sub00/vhpl01 1352764298
EN ea6and NULL C:/Users/ERIK/Dropbox/cmpen471/projects/pj6_teh/ea6AND.vhd sub00/vhpl24 1352764233
AR ea3nand behavioral C:/Users/ERIK/Dropbox/cmpen471/projects/pj6_teh/ea3NAND.vhd sub00/vhpl13 1352764222
AR ea5to32decoder struct C:/Users/ERIK/Dropbox/cmpen471/projects/pj6_teh/ea5to32Decoder.vhd sub00/vhpl37 1352764248
EN ea3and NULL C:/Users/ERIK/Dropbox/cmpen471/projects/pj6_teh/ea3AND.vhd sub00/vhpl34 1352764243
EN eainvert NULL C:/Users/ERIK/Dropbox/cmpen471/projects/pj6_teh/eaINVERT.vhd sub00/vhpl04 1352764213
EN ea6xor NULL C:/Users/ERIK/Dropbox/cmpen471/projects/pj6_teh/ea6XOR.vhd sub00/vhpl46 1352764257
AR ea6dlatch struct C:/Users/ERIK/Dropbox/cmpen471/projects/pj6_teh/ea6Dlatch.vhd sub00/vhpl19 1352764228
EN eaoutputbuf NULL C:/Users/ERIK/Dropbox/cmpen471/projects/pj6_teh/eaOutputBuf.vhd sub00/vhpl40 1352764251
AR eaid struct C:/Users/ERIK/Dropbox/cmpen471/projects/pj6_teh/eaID.vhd sub00/vhpl53 1352764264
EN ea2nand NULL C:/Users/ERIK/Dropbox/cmpen471/projects/pj6_teh/ea2NAND.vhd sub00/vhpl02 1352764211
AR eabuf behavioral C:/Users/ERIK/Dropbox/cmpen471/projects/pj6_teh/eabuf.vhd sub00/vhpl57 1352764246
AR eaoutputbuf struct C:/Users/ERIK/Dropbox/cmpen471/projects/pj6_teh/eaOutputBuf.vhd sub00/vhpl41 1352764252
EN easm NULL C:/Users/ERIK/Dropbox/cmpen471/projects/pj6_teh/eaSM.vhd sub00/vhpl50 1352764261
AR eacpu struct C:/Users/ERIK/Dropbox/cmpen471/projects/pj6_teh/eaCPU.vhd sub00/vhpl81 1352764290
AR ea6and behavioral C:/Users/ERIK/Dropbox/cmpen471/projects/pj6_teh/ea6AND.vhd sub00/vhpl25 1352764234
EN ea2nor NULL C:/Users/ERIK/Dropbox/cmpen471/projects/pj6_teh/ea2NOR.vhd sub00/vhpl68 1352764279
AR eair struct C:/Users/ERIK/Dropbox/cmpen471/projects/pj6_teh/eaIR.vhd sub00/vhpl55 1352764266
EN ea6flip NULL C:/Users/ERIK/Dropbox/cmpen471/projects/pj6_teh/ea6Flip.vhd sub00/vhpl30 1352764239
AR ea6xor struct C:/Users/ERIK/Dropbox/cmpen471/projects/pj6_teh/ea6XOR.vhd sub00/vhpl47 1352764258
AR ea6sub struct C:/Users/ERIK/Dropbox/cmpen471/projects/pj6_teh/ea6SUB.vhd sub00/vhpl79 1352764288
AR eainv6buf struct C:/Users/ERIK/Dropbox/cmpen471/projects/pj6_teh/eainv6buf.vhd sub00/vhpl21 1352764230
AR eabgmux struct C:/Users/ERIK/Dropbox/cmpen471/projects/pj6_teh/eaBGMUX.vhd sub00/vhpl73 1352764284
EN ea1bitadder NULL C:/Users/ERIK/Dropbox/cmpen471/projects/pj6_teh/ea1bitadder.vhd sub00/vhpl26 1352764235
AR ea4to1mux struct C:/Users/ERIK/Dropbox/cmpen471/projects/pj6_teh/ea4to1MUX.vhd sub00/vhpl59 1352764268
EN ea6bitmux NULL C:/Users/ERIK/Dropbox/cmpen471/projects/pj6_teh/ea6bitMUX.vhd sub00/vhpl32 1352764241
AR ea2and behavioral C:/Users/ERIK/Dropbox/cmpen471/projects/pj6_teh/ea2AND.vhd sub00/vhpl23 1352764232
EN ea3nand NULL C:/Users/ERIK/Dropbox/cmpen471/projects/pj6_teh/ea3NAND.vhd sub00/vhpl12 1352764221
AR ea6ram struc C:/Users/ERIK/Dropbox/cmpen471/projects/pj6_teh/ea6Ram.vhd sub00/vhpl43 1352764254
EN ea2and NULL C:/Users/ERIK/Dropbox/cmpen471/projects/pj6_teh/ea2AND.vhd sub00/vhpl22 1352764231
AR ea1bitadder behavioral C:/Users/ERIK/Dropbox/cmpen471/projects/pj6_teh/ea1bitadder.vhd sub00/vhpl27 1352764236
AR eadlatch struc C:/Users/ERIK/Dropbox/cmpen471/projects/pj6_teh/eaDLatch.vhd sub00/vhpl09 1352764218
EN ea2or NULL C:/Users/ERIK/Dropbox/cmpen471/projects/pj6_teh/ea2OR.vhd sub00/vhpl62 1352764273
EN eaiolatch NULL C:/Users/ERIK/Dropbox/cmpen471/projects/pj6_teh/eaIOlatch.vhd sub00/vhpl86 1352764295
AR ea2nand behavioral C:/Users/ERIK/Dropbox/cmpen471/projects/pj6_teh/ea2NAND.vhd sub00/vhpl03 1352764212
EN ea6dlatch NULL C:/Users/ERIK/Dropbox/cmpen471/projects/pj6_teh/ea6Dlatch.vhd sub00/vhpl18 1352764227
EN eaflipflop NULL C:/Users/ERIK/Dropbox/cmpen471/projects/pj6_teh/eaFlipFlop.vhd sub00/vhpl16 1352764225
AR eaadd6bit struct C:/Users/ERIK/Dropbox/cmpen471/projects/pj6_teh/eaadd6bit.vhd sub00/vhpl49 1352764260
EN ea6sub NULL C:/Users/ERIK/Dropbox/cmpen471/projects/pj6_teh/ea6SUB.vhd sub00/vhpl78 1352764287
AR ea3and behavioral C:/Users/ERIK/Dropbox/cmpen471/projects/pj6_teh/ea3AND.vhd sub00/vhpl35 1352764244
AR ea2nor behavioral C:/Users/ERIK/Dropbox/cmpen471/projects/pj6_teh/ea2NOR.vhd sub00/vhpl69 1352764280
EN eaxor NULL C:/Users/ERIK/Dropbox/cmpen471/projects/pj6_teh/eaXOR.vhd sub00/vhpl28 1352764237
EN eadlatch NULL C:/Users/ERIK/Dropbox/cmpen471/projects/pj6_teh/eaDLatch.vhd sub00/vhpl08 1352764217
AR ea4nand behavioral C:/Users/ERIK/Dropbox/cmpen471/projects/pj6_teh/ea4NAND.vhd sub00/vhpl15 1352764224
AR ea2to1mux struct C:/Users/ERIK/Dropbox/cmpen471/projects/pj6_teh/ea2to1MUX.vhd sub00/vhpl07 1352764216
EN ea4nand NULL C:/Users/ERIK/Dropbox/cmpen471/projects/pj6_teh/ea4NAND.vhd sub00/vhpl14 1352764223
AR ea64rom struct C:/Users/ERIK/Dropbox/cmpen471/projects/pj6_teh/ea64Rom.vhd sub00/vhpl83 1352764292
