AR ea6pcf struct C:/Users/ERIK/Dropbox/cmpen471/projects/pj3GAMA/ea6PCf.vhd sub00/vhpl53 1349151727
EN ea7and NULL C:/Users/ERIK/Dropbox/cmpen471/projects/pj3GAMA/ea7AND.vhd sub00/vhpl34 1349151706
AR ea6bitmux struct C:/Users/ERIK/Dropbox/cmpen471/projects/pj3GAMA/ea6bitMUX.vhd sub00/vhpl47 1349151721
EN ea6pcf NULL C:/Users/ERIK/Dropbox/cmpen471/projects/pj3GAMA/ea6PCf.vhd sub00/vhpl52 1349151726
EN eainvbuf NULL C:/Users/ERIK/Dropbox/cmpen471/projects/pj3GAMA/eainvbuf.vhd sub00/vhpl26 1349151694
AR lols2s testbench_arch C:/Users/ERIK/Dropbox/cmpen471/projects/pj3GAMA/lols2s.vhw sub00/vhpl65 1349153939
EN easinverter NULL C:/Users/ERIK/Dropbox/cmpen471/projects/pj3GAMA/eaSINVERTER.vhd sub00/vhpl16 1349151702
AR ea6bit64word struct C:/Users/ERIK/Dropbox/cmpen471/projects/pj3GAMA/ea6bit64word.vhd sub00/vhpl41 1349151715
AR test1234 testbench_arch C:/Users/ERIK/Dropbox/cmpen471/projects/pj3GAMA/test1234.vhw sub00/vhpl25 1349125082
AR ea2to1mux behavioral C:/Users/ERIK/Dropbox/cmpen471/projects/pj3GAMA/ea2to1MUX.vhd sub00/vhpl05 1349151685
EN ea64rom NULL C:/Users/ERIK/Dropbox/cmpen471/projects/pj3GAMA/ea64Rom.vhd sub00/vhpl54 1349151728
EN eaadd6bit NULL C:/Users/ERIK/Dropbox/cmpen471/projects/pj3GAMA/eaadd6bit.vhd sub00/vhpl50 1349151724
AR eainvert behavioral C:/Users/ERIK/Dropbox/cmpen471/projects/pj3GAMA/eaINVERT.vhd sub00/vhpl03 1349151683
EN ea6bitto64decoder NULL C:/Users/ERIK/Dropbox/cmpen471/projects/pj3GAMA/ea6bitto64decoder.vhd sub00/vhpl38 1349151712
AR easdasd testbench_arch C:/Users/ERIK/Dropbox/cmpen471/projects/pj3GAMA/easdasd.vhw sub00/vhpl67 1349154243
AR ea7and behavioral C:/Users/ERIK/Dropbox/cmpen471/projects/pj3GAMA/ea7AND.vhd sub00/vhpl35 1349151707
AR eainvbuf behavioral C:/Users/ERIK/Dropbox/cmpen471/projects/pj3GAMA/eainvbuf.vhd sub00/vhpl27 1349151695
EN test1234 NULL C:/Users/ERIK/Dropbox/cmpen471/projects/pj3GAMA/test1234.vhw sub00/vhpl24 1349125081
EN ea4to1mux NULL C:/Users/ERIK/Dropbox/cmpen471/projects/pj3GAMA/ea4to1MUX.vhd sub00/vhpl56 1349151730
AR ea6bitto64decoder struct C:/Users/ERIK/Dropbox/cmpen471/projects/pj3GAMA/ea6bitto64decoder.vhd sub00/vhpl39 1349151713
EN eainv6buf NULL C:/Users/ERIK/Dropbox/cmpen471/projects/pj3GAMA/eainv6buf.vhd sub00/vhpl32 1349151704
AR ea6flip struct C:/Users/ERIK/Dropbox/cmpen471/projects/pj3GAMA/ea6Flip.vhd sub00/vhpl49 1349151723
EN eatflipflop NULL C:/Users/ERIK/Dropbox/cmpen471/projects/pj3GAMA/eaTFlipFlop.vhd sub00/vhpl18 1349151710
EN ea6bit64word NULL C:/Users/ERIK/Dropbox/cmpen471/projects/pj3GAMA/ea6bit64word.vhd sub00/vhpl40 1349151714
AR ea2or behavioral C:/Users/ERIK/Dropbox/cmpen471/projects/pj3GAMA/ea2OR.vhd sub00/vhpl11 1349151691
EN ea2to1mux NULL C:/Users/ERIK/Dropbox/cmpen471/projects/pj3GAMA/ea2to1MUX.vhd sub00/vhpl04 1349151684
EN eaultramultiplier NULL C:/Users/ERIK/Dropbox/cmpen471/projects/pj3GAMA/eaUltraMultiplier.vhd sub00/vhpl68 1349154606
AR eatflipflop struct C:/Users/ERIK/Dropbox/cmpen471/projects/pj3GAMA/eaTFlipFlop.vhd sub00/vhpl19 1349151711
AR ea3nand behavioral C:/Users/ERIK/Dropbox/cmpen471/projects/pj3GAMA/ea3NAND.vhd sub00/vhpl29 1349151697
EN dffeaceres NULL C:/Users/ERIK/Dropbox/cmpen471/projects/pj3GAMA/DFFeaCERES.vhd sub00/vhpl14 1349151700
EN ea3and NULL C:/Users/ERIK/Dropbox/cmpen471/projects/pj3GAMA/ea3AND.vhd sub00/vhpl08 1349151688
EN eainvert NULL C:/Users/ERIK/Dropbox/cmpen471/projects/pj3GAMA/eaINVERT.vhd sub00/vhpl02 1349151682
EN ea4bitfrequencycounter NULL C:/Users/ERIK/Dropbox/cmpen471/projects/pj3GAMA/ea4bitFrequencyCounter.vhd sub00/vhpl22 1349153484
EN eaoutputbuf NULL C:/Users/ERIK/Dropbox/cmpen471/projects/pj3GAMA/eaOutputBuf.vhd sub00/vhpl44 1349151718
EN ea2nand NULL C:/Users/ERIK/Dropbox/cmpen471/projects/pj3GAMA/ea2NAND.vhd sub00/vhpl00 1349151680
AR tehehe testbench_arch C:/Users/ERIK/Dropbox/cmpen471/projects/pj3GAMA/tehehe.vhw sub00/vhpl63 1349153489
AR eaoutputbuf struct C:/Users/ERIK/Dropbox/cmpen471/projects/pj3GAMA/eaOutputBuf.vhd sub00/vhpl45 1349151719
AR dffeaceres struct C:/Users/ERIK/Dropbox/cmpen471/projects/pj3GAMA/DFFeaCERES.vhd sub00/vhpl15 1349151701
EN ea2nor NULL C:/Users/ERIK/Dropbox/cmpen471/projects/pj3GAMA/ea2NOR.vhd sub00/vhpl42 1349151716
EN ea6flip NULL C:/Users/ERIK/Dropbox/cmpen471/projects/pj3GAMA/ea6Flip.vhd sub00/vhpl48 1349151722
AR eainv6buf struct C:/Users/ERIK/Dropbox/cmpen471/projects/pj3GAMA/eainv6buf.vhd sub00/vhpl33 1349151705
EN easdasd NULL C:/Users/ERIK/Dropbox/cmpen471/projects/pj3GAMA/easdasd.vhw sub00/vhpl66 1349154242
AR eaflipflop behavioral C:/Users/ERIK/Dropbox/cmpen471/projects/pj3GAMA/eaFlipFlop.vhd sub00/vhpl13 1349151693
EN ea1bitadder NULL C:/Users/ERIK/Dropbox/cmpen471/projects/pj3GAMA/ea1bitadder.vhd sub00/vhpl36 1349151708
EN ufm6bit NULL C:/Users/ERIK/Dropbox/cmpen471/projects/pj3GAMA/ufm6bit.vhd sub00/vhpl58 1349153486
AR ea4to1mux struct C:/Users/ERIK/Dropbox/cmpen471/projects/pj3GAMA/ea4to1MUX.vhd sub00/vhpl57 1349151731
EN ea6bitmux NULL C:/Users/ERIK/Dropbox/cmpen471/projects/pj3GAMA/ea6bitMUX.vhd sub00/vhpl46 1349151720
AR ea2and behavioral C:/Users/ERIK/Dropbox/cmpen471/projects/pj3GAMA/ea2AND.vhd sub00/vhpl21 1349153483
EN ea3nand NULL C:/Users/ERIK/Dropbox/cmpen471/projects/pj3GAMA/ea3NAND.vhd sub00/vhpl28 1349151696
EN ea2and NULL C:/Users/ERIK/Dropbox/cmpen471/projects/pj3GAMA/ea2AND.vhd sub00/vhpl20 1349153482
AR ea1bitadder behavioral C:/Users/ERIK/Dropbox/cmpen471/projects/pj3GAMA/ea1bitadder.vhd sub00/vhpl37 1349151709
EN ea2or NULL C:/Users/ERIK/Dropbox/cmpen471/projects/pj3GAMA/ea2OR.vhd sub00/vhpl10 1349151690
AR eadlatch struc C:/Users/ERIK/Dropbox/cmpen471/projects/pj3GAMA/eaDLatch.vhd sub00/vhpl07 1349151687
AR ea2nand behavioral C:/Users/ERIK/Dropbox/cmpen471/projects/pj3GAMA/ea2NAND.vhd sub00/vhpl01 1349151681
AR ufm6bit struct C:/Users/ERIK/Dropbox/cmpen471/projects/pj3GAMA/ufm6bit.vhd sub00/vhpl59 1349153487
AR easinverter behavioral C:/Users/ERIK/Dropbox/cmpen471/projects/pj3GAMA/eaSINVERTER.vhd sub00/vhpl17 1349151703
EN eaflipflop NULL C:/Users/ERIK/Dropbox/cmpen471/projects/pj3GAMA/eaFlipFlop.vhd sub00/vhpl12 1349151692
AR eaadd6bit struct C:/Users/ERIK/Dropbox/cmpen471/projects/pj3GAMA/eaadd6bit.vhd sub00/vhpl51 1349151725
AR ea3and behavioral C:/Users/ERIK/Dropbox/cmpen471/projects/pj3GAMA/ea3AND.vhd sub00/vhpl09 1349151689
EN lols2s NULL C:/Users/ERIK/Dropbox/cmpen471/projects/pj3GAMA/lols2s.vhw sub00/vhpl64 1349153938
AR ea2nor behavioral C:/Users/ERIK/Dropbox/cmpen471/projects/pj3GAMA/ea2NOR.vhd sub00/vhpl43 1349151717
EN eadlatch NULL C:/Users/ERIK/Dropbox/cmpen471/projects/pj3GAMA/eaDLatch.vhd sub00/vhpl06 1349151686
AR ea4nand behavioral C:/Users/ERIK/Dropbox/cmpen471/projects/pj3GAMA/ea4NAND.vhd sub00/vhpl31 1349151699
EN tehehe NULL C:/Users/ERIK/Dropbox/cmpen471/projects/pj3GAMA/tehehe.vhw sub00/vhpl62 1349153488
AR ea4bitfrequencycounter struct C:/Users/ERIK/Dropbox/cmpen471/projects/pj3GAMA/ea4bitFrequencyCounter.vhd sub00/vhpl23 1349153485
EN loliy NULL C:/Users/ERIK/Dropbox/cmpen471/projects/pj3GAMA/loliy.vhw sub00/vhpl60 1349151736
EN ea4nand NULL C:/Users/ERIK/Dropbox/cmpen471/projects/pj3GAMA/ea4NAND.vhd sub00/vhpl30 1349151698
AR ea64rom struct C:/Users/ERIK/Dropbox/cmpen471/projects/pj3GAMA/ea64Rom.vhd sub00/vhpl55 1349151729
AR loliy testbench_arch C:/Users/ERIK/Dropbox/cmpen471/projects/pj3GAMA/loliy.vhw sub00/vhpl61 1349151737
