AR eapcf behavioral C:/Users/ERIK/Dropbox/cmpen471/projects/pj2eaFinal/eaPCf.vhd sub00/vhpl23 1348085446
AR eaadd4bit behavioral C:/Users/ERIK/Dropbox/cmpen471/projects/pj2eaFinal/eaadd4bit.vhd sub00/vhpl21 1348085444
AR ea2to1mux behavioral C:/Users/ERIK/Dropbox/cmpen471/projects/pj2eaFinal/ea2to1MUX.vhd sub00/vhpl05 1348085428
EN ea4flip NULL C:/Users/ERIK/Dropbox/cmpen471/projects/pj2eaFinal/ea4Flip.vhd sub00/vhpl18 1348085441
AR eainvert behavioral C:/Users/ERIK/Dropbox/cmpen471/projects/pj2eaFinal/eaINVERT.vhd sub00/vhpl03 1348085426
EN ea2to1mux NULL C:/Users/ERIK/Dropbox/cmpen471/projects/pj2eaFinal/ea2to1MUX.vhd sub00/vhpl04 1348085427
AR ea3nand behavioral C:/Users/ERIK/Dropbox/cmpen471/projects/pj2eaFinal/ea3NAND.vhd sub00/vhpl07 1348085430
EN eainvert NULL C:/Users/ERIK/Dropbox/cmpen471/projects/pj2eaFinal/eaINVERT.vhd sub00/vhpl02 1348085425
EN eapcf NULL C:/Users/ERIK/Dropbox/cmpen471/projects/pj2eaFinal/eaPCf.vhd sub00/vhpl22 1348085445
EN ea2nand NULL C:/Users/ERIK/Dropbox/cmpen471/projects/pj2eaFinal/ea2NAND.vhd sub00/vhpl00 1348085423
AR eaflipflop behavioral C:/Users/ERIK/Dropbox/cmpen471/projects/pj2eaFinal/eaFlipFlop.vhd sub00/vhpl15 1348085438
EN ea1bitadder NULL C:/Users/ERIK/Dropbox/cmpen471/projects/pj2eaFinal/ea1bitadder.vhd sub00/vhpl12 1348085435
AR ea4bitmux struct C:/Users/ERIK/Dropbox/cmpen471/projects/pj2eaFinal/ea4bitMUX.vhd sub00/vhpl17 1348085440
EN ea3nand NULL C:/Users/ERIK/Dropbox/cmpen471/projects/pj2eaFinal/ea3NAND.vhd sub00/vhpl06 1348085429
EN ea4bitmux NULL C:/Users/ERIK/Dropbox/cmpen471/projects/pj2eaFinal/ea4bitMUX.vhd sub00/vhpl16 1348085439
AR ea4flip behavioral C:/Users/ERIK/Dropbox/cmpen471/projects/pj2eaFinal/ea4Flip.vhd sub00/vhpl19 1348085442
AR cake testbench_arch C:/Users/ERIK/Dropbox/cmpen471/projects/pj2eaFinal/cake.vhw sub00/vhpl25 1348086028
AR ea1bitadder behavioral C:/Users/ERIK/Dropbox/cmpen471/projects/pj2eaFinal/ea1bitadder.vhd sub00/vhpl13 1348085436
AR eadlatch struc C:/Users/ERIK/Dropbox/cmpen471/projects/pj2eaFinal/eaDLatch.vhd sub00/vhpl11 1348085434
AR ea2nand behavioral C:/Users/ERIK/Dropbox/cmpen471/projects/pj2eaFinal/ea2NAND.vhd sub00/vhpl01 1348085424
EN eaflipflop NULL C:/Users/ERIK/Dropbox/cmpen471/projects/pj2eaFinal/eaFlipFlop.vhd sub00/vhpl14 1348085437
EN eaadd4bit NULL C:/Users/ERIK/Dropbox/cmpen471/projects/pj2eaFinal/eaadd4bit.vhd sub00/vhpl20 1348085443
EN eadlatch NULL C:/Users/ERIK/Dropbox/cmpen471/projects/pj2eaFinal/eaDLatch.vhd sub00/vhpl10 1348085433
AR ea4nand behavioral C:/Users/ERIK/Dropbox/cmpen471/projects/pj2eaFinal/ea4NAND.vhd sub00/vhpl09 1348085432
EN cake NULL C:/Users/ERIK/Dropbox/cmpen471/projects/pj2eaFinal/cake.vhw sub00/vhpl24 1348086027
EN ea4nand NULL C:/Users/ERIK/Dropbox/cmpen471/projects/pj2eaFinal/ea4NAND.vhd sub00/vhpl08 1348085431
