AR eaadd4bit behavioral C:/Users/ERIK/Dropbox/cmpen471/projects/pj2erik33/eaadd4bit.vhd sub00/vhpl19 1348083314
AR eapcf behavioral C:/Users/ERIK/Dropbox/cmpen471/projects/pj2erik33/eaPCf.vhd sub00/vhpl27 1348084880
AR ea2to1mux behavioral C:/Users/ERIK/Dropbox/cmpen471/projects/pj2erik33/ea2to1MUX.vhd sub00/vhpl09 1348083298
EN ea4flip NULL C:/Users/ERIK/Dropbox/cmpen471/projects/pj2erik33/ea4Flip.vhd sub00/vhpl24 1348083311
AR eainvert behavioral C:/Users/ERIK/Dropbox/cmpen471/projects/pj2erik33/eaINVERT.vhd sub00/vhpl03 1348083296
EN ea2to1mux NULL C:/Users/ERIK/Dropbox/cmpen471/projects/pj2erik33/ea2to1MUX.vhd sub00/vhpl08 1348083297
AR ea3nand behavioral C:/Users/ERIK/Dropbox/cmpen471/projects/pj2erik33/ea3NAND.vhd sub00/vhpl05 1348083300
EN eapc NULL C:/Users/ERIK/Dropbox/cmpen471/projects/pj2erik33/eaPC.vhd sub00/vhpl20 1347996279
AR eapc behavioral C:/Users/ERIK/Dropbox/cmpen471/projects/pj2erik33/eaPC.vhd sub00/vhpl21 1347996280
EN eainvert NULL C:/Users/ERIK/Dropbox/cmpen471/projects/pj2erik33/eaINVERT.vhd sub00/vhpl02 1348083295
EN eapcf NULL C:/Users/ERIK/Dropbox/cmpen471/projects/pj2erik33/eaPCf.vhd sub00/vhpl26 1348084879
EN ea2nand NULL C:/Users/ERIK/Dropbox/cmpen471/projects/pj2erik33/ea2NAND.vhd sub00/vhpl00 1348083293
AR eaflipflop behavioral C:/Users/ERIK/Dropbox/cmpen471/projects/pj2erik33/eaFlipFlop.vhd sub00/vhpl23 1348083308
EN ea1bitadder NULL C:/Users/ERIK/Dropbox/cmpen471/projects/pj2erik33/ea1bitadder.vhd sub00/vhpl10 1348083305
AR ea4dlatch behavioral C:/Users/ERIK/Dropbox/cmpen471/projects/pj2erik33/ea4Dlatch.vhd sub00/vhpl17 1347994490
AR ea4bitmux struct C:/Users/ERIK/Dropbox/cmpen471/projects/pj2erik33/ea4bitMUX.vhd sub00/vhpl15 1348083310
EN ea3nand NULL C:/Users/ERIK/Dropbox/cmpen471/projects/pj2erik33/ea3NAND.vhd sub00/vhpl04 1348083299
EN ea4bitmux NULL C:/Users/ERIK/Dropbox/cmpen471/projects/pj2erik33/ea4bitMUX.vhd sub00/vhpl14 1348083309
AR ea4flip behavioral C:/Users/ERIK/Dropbox/cmpen471/projects/pj2erik33/ea4Flip.vhd sub00/vhpl25 1348083312
AR ea1bitadder behavioral C:/Users/ERIK/Dropbox/cmpen471/projects/pj2erik33/ea1bitadder.vhd sub00/vhpl11 1348083306
AR eadlatch struc C:/Users/ERIK/Dropbox/cmpen471/projects/pj2erik33/eaDLatch.vhd sub00/vhpl13 1348083304
AR ea2nand behavioral C:/Users/ERIK/Dropbox/cmpen471/projects/pj2erik33/ea2NAND.vhd sub00/vhpl01 1348083294
EN eaflipflop NULL C:/Users/ERIK/Dropbox/cmpen471/projects/pj2erik33/eaFlipFlop.vhd sub00/vhpl22 1348083307
EN eadlatch NULL C:/Users/ERIK/Dropbox/cmpen471/projects/pj2erik33/eaDLatch.vhd sub00/vhpl12 1348083303
EN eaadd4bit NULL C:/Users/ERIK/Dropbox/cmpen471/projects/pj2erik33/eaadd4bit.vhd sub00/vhpl18 1348083313
AR ea4nand behavioral C:/Users/ERIK/Dropbox/cmpen471/projects/pj2erik33/ea4NAND.vhd sub00/vhpl07 1348083302
EN ea4dlatch NULL C:/Users/ERIK/Dropbox/cmpen471/projects/pj2erik33/ea4Dlatch.vhd sub00/vhpl16 1347994489
EN ea4nand NULL C:/Users/ERIK/Dropbox/cmpen471/projects/pj2erik33/ea4NAND.vhd sub00/vhpl06 1348083301
