AR ea6pcf struct C:/Users/ERIK/Dropbox/cmpen471/projects/pj6_charlie/ea6PCf.vhd sub00/vhpl69 1352644755
EN eaobnon NULL C:/Users/ERIK/Dropbox/cmpen471/projects/pj6_charlie/eaOBnon.vhd sub00/vhpl72 1352644758
EN ea7and NULL C:/Users/ERIK/Dropbox/cmpen471/projects/pj6_charlie/ea7AND.vhd sub00/vhpl42 1352644728
AR ea6bitmux struct C:/Users/ERIK/Dropbox/cmpen471/projects/pj6_charlie/ea6bitMUX.vhd sub00/vhpl31 1352644717
EN ea6pcf NULL C:/Users/ERIK/Dropbox/cmpen471/projects/pj6_charlie/ea6PCf.vhd sub00/vhpl68 1352644754
EN eainvbuf NULL C:/Users/ERIK/Dropbox/cmpen471/projects/pj6_charlie/eainvbuf.vhd sub00/vhpl08 1352644694
AR ea3nor behavioral C:/Users/ERIK/Dropbox/cmpen471/projects/pj6_charlie/ea3NOR.vhd sub00/vhpl37 1352644723
EN ea5to32decoder NULL C:/Users/ERIK/Dropbox/cmpen471/projects/pj6_charlie/ea5to32Decoder.vhd sub00/vhpl34 1352644720
AR ea6bit64word struct C:/Users/ERIK/Dropbox/cmpen471/projects/pj6_charlie/ea6bit64word.vhd sub00/vhpl65 1352644751
EN ea32x6ram NULL C:/Users/ERIK/Dropbox/cmpen471/projects/pj6_charlie/ea32x6Ram.vhd sub00/vhpl58 1352644744
EN eabuf NULL C:/Users/ERIK/Dropbox/cmpen471/projects/pj6_charlie/eabuf.vhd sub00/vhpl54 1352644740
AR ea32x6ram struct C:/Users/ERIK/Dropbox/cmpen471/projects/pj6_charlie/ea32x6Ram.vhd sub00/vhpl59 1352644745
EN eacu NULL C:/Users/ERIK/Dropbox/cmpen471/projects/pj6_charlie/eaCU.vhd sub00/vhpl74 1352644760
EN ea64rom NULL C:/Users/ERIK/Dropbox/cmpen471/projects/pj6_charlie/ea64Rom.vhd sub00/vhpl80 1352644766
AR eacu struct C:/Users/ERIK/Dropbox/cmpen471/projects/pj6_charlie/eaCU.vhd sub00/vhpl75 1352644761
EN eaadd6bit NULL C:/Users/ERIK/Dropbox/cmpen471/projects/pj6_charlie/eaadd6bit.vhd sub00/vhpl46 1352644732
AR eainvert behavioral C:/Users/ERIK/Dropbox/cmpen471/projects/pj6_charlie/eaINVERT.vhd sub00/vhpl03 1352644689
AR eaflipflop struct C:/Users/ERIK/Dropbox/cmpen471/projects/pj6_charlie/eaFlipFlop.vhd sub00/vhpl15 1352644701
EN eaid NULL C:/Users/ERIK/Dropbox/cmpen471/projects/pj6_charlie/eaID.vhd sub00/vhpl50 1352644736
EN ea3nor NULL C:/Users/ERIK/Dropbox/cmpen471/projects/pj6_charlie/ea3NOR.vhd sub00/vhpl36 1352644722
EN eacpu NULL C:/Users/ERIK/Dropbox/cmpen471/projects/pj6_charlie/eaCPU.vhd sub00/vhpl78 1352644764
AR ea64x6ram struct C:/Users/ERIK/Dropbox/cmpen471/projects/pj6_charlie/ea64x6Ram.vhd sub00/vhpl83 1352644769
AR eaxor behavioral C:/Users/ERIK/Dropbox/cmpen471/projects/pj6_charlie/eaXOR.vhd sub00/vhpl27 1352644713
EN ea6bitto64decoder NULL C:/Users/ERIK/Dropbox/cmpen471/projects/pj6_charlie/ea6bitto64decoder.vhd sub00/vhpl62 1352644748
EN eabgmux NULL C:/Users/ERIK/Dropbox/cmpen471/projects/pj6_charlie/eaBGMUX.vhd sub00/vhpl70 1352644756
AR ea7and behavioral C:/Users/ERIK/Dropbox/cmpen471/projects/pj6_charlie/ea7AND.vhd sub00/vhpl43 1352644729
AR eainvbuf behavioral C:/Users/ERIK/Dropbox/cmpen471/projects/pj6_charlie/eainvbuf.vhd sub00/vhpl09 1352644695
AR easm struct C:/Users/ERIK/Dropbox/cmpen471/projects/pj6_charlie/eaSM.vhd sub00/vhpl49 1352644735
EN ea4to1mux NULL C:/Users/ERIK/Dropbox/cmpen471/projects/pj6_charlie/ea4to1MUX.vhd sub00/vhpl56 1352644742
EN eair NULL C:/Users/ERIK/Dropbox/cmpen471/projects/pj6_charlie/eaIR.vhd sub00/vhpl52 1352644738
EN ea6ram NULL C:/Users/ERIK/Dropbox/cmpen471/projects/pj6_charlie/ea6Ram.vhd sub00/vhpl40 1352644726
AR ea6bitto64decoder struct C:/Users/ERIK/Dropbox/cmpen471/projects/pj6_charlie/ea6bitto64decoder.vhd sub00/vhpl63 1352644749
EN eainv6buf NULL C:/Users/ERIK/Dropbox/cmpen471/projects/pj6_charlie/eainv6buf.vhd sub00/vhpl18 1352644704
AR ea6flip struct C:/Users/ERIK/Dropbox/cmpen471/projects/pj6_charlie/ea6Flip.vhd sub00/vhpl29 1352644715
EN ea6bit64word NULL C:/Users/ERIK/Dropbox/cmpen471/projects/pj6_charlie/ea6bit64word.vhd sub00/vhpl64 1352644750
EN ea2to1mux NULL C:/Users/ERIK/Dropbox/cmpen471/projects/pj6_charlie/ea2to1MUX.vhd sub00/vhpl04 1352644690
AR ea2or behavioral C:/Users/ERIK/Dropbox/cmpen471/projects/pj6_charlie/ea2OR.vhd sub00/vhpl61 1352644747
AR eaobnon struct C:/Users/ERIK/Dropbox/cmpen471/projects/pj6_charlie/eaOBnon.vhd sub00/vhpl73 1352644759
EN ea64x6ram NULL C:/Users/ERIK/Dropbox/cmpen471/projects/pj6_charlie/ea64x6Ram.vhd sub00/vhpl82 1352644768
EN smicro NULL C:/Users/ERIK/Dropbox/cmpen471/projects/pj6_charlie/smicro.vhd sub00/vhpl84 1352644770
EN ea6and NULL C:/Users/ERIK/Dropbox/cmpen471/projects/pj6_charlie/ea6AND.vhd sub00/vhpl22 1352644708
AR smicro struct C:/Users/ERIK/Dropbox/cmpen471/projects/pj6_charlie/smicro.vhd sub00/vhpl85 1352644771
AR ea3nand behavioral C:/Users/ERIK/Dropbox/cmpen471/projects/pj6_charlie/ea3NAND.vhd sub00/vhpl11 1352644697
AR ea5to32decoder struct C:/Users/ERIK/Dropbox/cmpen471/projects/pj6_charlie/ea5to32Decoder.vhd sub00/vhpl35 1352644721
EN ea3and NULL C:/Users/ERIK/Dropbox/cmpen471/projects/pj6_charlie/ea3AND.vhd sub00/vhpl32 1352644718
EN eainvert NULL C:/Users/ERIK/Dropbox/cmpen471/projects/pj6_charlie/eaINVERT.vhd sub00/vhpl02 1352644688
EN ea6xor NULL C:/Users/ERIK/Dropbox/cmpen471/projects/pj6_charlie/ea6XOR.vhd sub00/vhpl44 1352644730
AR ea6dlatch struct C:/Users/ERIK/Dropbox/cmpen471/projects/pj6_charlie/ea6Dlatch.vhd sub00/vhpl17 1352644703
EN eaoutputbuf NULL C:/Users/ERIK/Dropbox/cmpen471/projects/pj6_charlie/eaOutputBuf.vhd sub00/vhpl38 1352644724
AR eaid struct C:/Users/ERIK/Dropbox/cmpen471/projects/pj6_charlie/eaID.vhd sub00/vhpl51 1352644737
EN ea2nand NULL C:/Users/ERIK/Dropbox/cmpen471/projects/pj6_charlie/ea2NAND.vhd sub00/vhpl00 1352644686
AR eabuf behavioral C:/Users/ERIK/Dropbox/cmpen471/projects/pj6_charlie/eabuf.vhd sub00/vhpl55 1352644741
AR eaoutputbuf struct C:/Users/ERIK/Dropbox/cmpen471/projects/pj6_charlie/eaOutputBuf.vhd sub00/vhpl39 1352644725
EN easm NULL C:/Users/ERIK/Dropbox/cmpen471/projects/pj6_charlie/eaSM.vhd sub00/vhpl48 1352644734
AR eacpu struct C:/Users/ERIK/Dropbox/cmpen471/projects/pj6_charlie/eaCPU.vhd sub00/vhpl79 1352644765
AR ea6and behavioral C:/Users/ERIK/Dropbox/cmpen471/projects/pj6_charlie/ea6AND.vhd sub00/vhpl23 1352644709
EN ea2nor NULL C:/Users/ERIK/Dropbox/cmpen471/projects/pj6_charlie/ea2NOR.vhd sub00/vhpl66 1352644752
AR eair struct C:/Users/ERIK/Dropbox/cmpen471/projects/pj6_charlie/eaIR.vhd sub00/vhpl53 1352644739
EN ea6flip NULL C:/Users/ERIK/Dropbox/cmpen471/projects/pj6_charlie/ea6Flip.vhd sub00/vhpl28 1352644714
AR ea6xor struct C:/Users/ERIK/Dropbox/cmpen471/projects/pj6_charlie/ea6XOR.vhd sub00/vhpl45 1352644731
AR ea6sub struct C:/Users/ERIK/Dropbox/cmpen471/projects/pj6_charlie/ea6SUB.vhd sub00/vhpl77 1352644763
AR eainv6buf struct C:/Users/ERIK/Dropbox/cmpen471/projects/pj6_charlie/eainv6buf.vhd sub00/vhpl19 1352644705
AR eabgmux struct C:/Users/ERIK/Dropbox/cmpen471/projects/pj6_charlie/eaBGMUX.vhd sub00/vhpl71 1352644757
EN ea1bitadder NULL C:/Users/ERIK/Dropbox/cmpen471/projects/pj6_charlie/ea1bitadder.vhd sub00/vhpl24 1352644710
AR ea4to1mux struct C:/Users/ERIK/Dropbox/cmpen471/projects/pj6_charlie/ea4to1MUX.vhd sub00/vhpl57 1352644743
EN ea6bitmux NULL C:/Users/ERIK/Dropbox/cmpen471/projects/pj6_charlie/ea6bitMUX.vhd sub00/vhpl30 1352644716
AR ea2and behavioral C:/Users/ERIK/Dropbox/cmpen471/projects/pj6_charlie/ea2AND.vhd sub00/vhpl21 1352644707
EN ea3nand NULL C:/Users/ERIK/Dropbox/cmpen471/projects/pj6_charlie/ea3NAND.vhd sub00/vhpl10 1352644696
AR ea6ram struc C:/Users/ERIK/Dropbox/cmpen471/projects/pj6_charlie/ea6Ram.vhd sub00/vhpl41 1352644727
EN ea2and NULL C:/Users/ERIK/Dropbox/cmpen471/projects/pj6_charlie/ea2AND.vhd sub00/vhpl20 1352644706
AR ea1bitadder behavioral C:/Users/ERIK/Dropbox/cmpen471/projects/pj6_charlie/ea1bitadder.vhd sub00/vhpl25 1352644711
AR eadlatch struc C:/Users/ERIK/Dropbox/cmpen471/projects/pj6_charlie/eaDLatch.vhd sub00/vhpl07 1352644693
EN ea2or NULL C:/Users/ERIK/Dropbox/cmpen471/projects/pj6_charlie/ea2OR.vhd sub00/vhpl60 1352644746
EN ea6dlatch NULL C:/Users/ERIK/Dropbox/cmpen471/projects/pj6_charlie/ea6Dlatch.vhd sub00/vhpl16 1352644702
AR ea2nand behavioral C:/Users/ERIK/Dropbox/cmpen471/projects/pj6_charlie/ea2NAND.vhd sub00/vhpl01 1352644687
EN eaflipflop NULL C:/Users/ERIK/Dropbox/cmpen471/projects/pj6_charlie/eaFlipFlop.vhd sub00/vhpl14 1352644700
AR eaadd6bit struct C:/Users/ERIK/Dropbox/cmpen471/projects/pj6_charlie/eaadd6bit.vhd sub00/vhpl47 1352644733
EN ea6sub NULL C:/Users/ERIK/Dropbox/cmpen471/projects/pj6_charlie/ea6SUB.vhd sub00/vhpl76 1352644762
AR ea3and behavioral C:/Users/ERIK/Dropbox/cmpen471/projects/pj6_charlie/ea3AND.vhd sub00/vhpl33 1352644719
AR ea2nor behavioral C:/Users/ERIK/Dropbox/cmpen471/projects/pj6_charlie/ea2NOR.vhd sub00/vhpl67 1352644753
EN eaxor NULL C:/Users/ERIK/Dropbox/cmpen471/projects/pj6_charlie/eaXOR.vhd sub00/vhpl26 1352644712
EN eadlatch NULL C:/Users/ERIK/Dropbox/cmpen471/projects/pj6_charlie/eaDLatch.vhd sub00/vhpl06 1352644692
AR ea4nand behavioral C:/Users/ERIK/Dropbox/cmpen471/projects/pj6_charlie/ea4NAND.vhd sub00/vhpl13 1352644699
AR ea2to1mux struct C:/Users/ERIK/Dropbox/cmpen471/projects/pj6_charlie/ea2to1MUX.vhd sub00/vhpl05 1352644691
EN ea4nand NULL C:/Users/ERIK/Dropbox/cmpen471/projects/pj6_charlie/ea4NAND.vhd sub00/vhpl12 1352644698
AR ea64rom struct C:/Users/ERIK/Dropbox/cmpen471/projects/pj6_charlie/ea64Rom.vhd sub00/vhpl81 1352644767
