AR eaadd4bit behavioral C:/Users/ERIK/Dropbox/cmpen471/projects/ea_pj2b/eaadd4bit.vhd sub00/vhpl19 1347634980
AR ea2to1mux behavioral C:/Users/ERIK/Dropbox/cmpen471/projects/ea_pj2b/ea2to1MUX.vhd sub00/vhpl09 1347634970
AR eainvert behavioral C:/Users/ERIK/Dropbox/cmpen471/projects/ea_pj2b/eaINVERT.vhd sub00/vhpl03 1347634964
EN ea2to1mux NULL C:/Users/ERIK/Dropbox/cmpen471/projects/ea_pj2b/ea2to1MUX.vhd sub00/vhpl08 1347634969
EN eapc NULL C:/Users/ERIK/Dropbox/cmpen471/projects/ea_pj2b/eaPC.vhd sub00/vhpl20 1347634981
AR ea3nand behavioral C:/Users/ERIK/Dropbox/cmpen471/projects/ea_pj2b/ea3NAND.vhd sub00/vhpl05 1347634966
AR eapc behavioral C:/Users/ERIK/Dropbox/cmpen471/projects/ea_pj2b/eaPC.vhd sub00/vhpl21 1347634982
EN eainvert NULL C:/Users/ERIK/Dropbox/cmpen471/projects/ea_pj2b/eaINVERT.vhd sub00/vhpl02 1347634963
EN ea2nand NULL C:/Users/ERIK/Dropbox/cmpen471/projects/ea_pj2b/ea2NAND.vhd sub00/vhpl00 1347634961
EN ea1bitadder NULL C:/Users/ERIK/Dropbox/cmpen471/projects/ea_pj2b/ea1bitadder.vhd sub00/vhpl10 1347634971
AR ea4dlatch behavioral C:/Users/ERIK/Dropbox/cmpen471/projects/ea_pj2b/ea4Dlatch.vhd sub00/vhpl17 1347634978
AR ea4bitmux struct C:/Users/ERIK/Dropbox/cmpen471/projects/ea_pj2b/ea4bitMUX.vhd sub00/vhpl15 1347634976
EN ea3nand NULL C:/Users/ERIK/Dropbox/cmpen471/projects/ea_pj2b/ea3NAND.vhd sub00/vhpl04 1347634965
EN ea4bitmux NULL C:/Users/ERIK/Dropbox/cmpen471/projects/ea_pj2b/ea4bitMUX.vhd sub00/vhpl14 1347634975
AR ea1bitadder behavioral C:/Users/ERIK/Dropbox/cmpen471/projects/ea_pj2b/ea1bitadder.vhd sub00/vhpl11 1347634972
AR eadlatch struc C:/Users/ERIK/Dropbox/cmpen471/projects/ea_pj2b/eaDLatch.vhd sub00/vhpl13 1347634974
AR ea2nand behavioral C:/Users/ERIK/Dropbox/cmpen471/projects/ea_pj2b/ea2NAND.vhd sub00/vhpl01 1347634962
EN eaadd4bit NULL C:/Users/ERIK/Dropbox/cmpen471/projects/ea_pj2b/eaadd4bit.vhd sub00/vhpl18 1347634979
EN eadlatch NULL C:/Users/ERIK/Dropbox/cmpen471/projects/ea_pj2b/eaDLatch.vhd sub00/vhpl12 1347634973
AR ea4nand behavioral C:/Users/ERIK/Dropbox/cmpen471/projects/ea_pj2b/ea4NAND.vhd sub00/vhpl07 1347634968
EN ea4dlatch NULL C:/Users/ERIK/Dropbox/cmpen471/projects/ea_pj2b/ea4Dlatch.vhd sub00/vhpl16 1347634977
EN ea4nand NULL C:/Users/ERIK/Dropbox/cmpen471/projects/ea_pj2b/ea4NAND.vhd sub00/vhpl06 1347634967
