V3 43
FL C:/Users/ERIK/Dropbox/cmpen471/projects/ea_pj2b/ea1bitadder.vhd 2012/09/13.12:05:26 J.36
EN work/ea1bitadder 1347634971 \
      FL C:/Users/ERIK/Dropbox/cmpen471/projects/ea_pj2b/ea1bitadder.vhd \
      PB ieee/std_logic_1164 1177545575 PB ieee/std_logic_arith 1177545576 \
      PB ieee/STD_LOGIC_UNSIGNED 1177545583
AR work/ea1bitadder/Behavioral 1347634972 \
      FL C:/Users/ERIK/Dropbox/cmpen471/projects/ea_pj2b/ea1bitadder.vhd \
      EN work/ea1bitadder 1347634971 CP eaINVERT CP ea2NAND CP ea3NAND CP ea4NAND
FL C:/Users/ERIK/Dropbox/cmpen471/projects/ea_pj2b/ea2NAND.vhd 2012/09/13.20:42:09 J.36
EN work/ea2NAND 1347634961 \
      FL C:/Users/ERIK/Dropbox/cmpen471/projects/ea_pj2b/ea2NAND.vhd \
      PB ieee/std_logic_1164 1177545575 PB ieee/std_logic_arith 1177545576 \
      PB ieee/STD_LOGIC_UNSIGNED 1177545583
AR work/ea2NAND/Behavioral 1347634962 \
      FL C:/Users/ERIK/Dropbox/cmpen471/projects/ea_pj2b/ea2NAND.vhd \
      EN work/ea2NAND 1347634961
FL C:/Users/ERIK/Dropbox/cmpen471/projects/ea_pj2b/ea2to1MUX.vhd 2012/09/13.20:42:39 J.36
EN work/ea2to1MUX 1347634969 \
      FL C:/Users/ERIK/Dropbox/cmpen471/projects/ea_pj2b/ea2to1MUX.vhd \
      PB ieee/std_logic_1164 1177545575 PB ieee/std_logic_arith 1177545576 \
      PB ieee/STD_LOGIC_UNSIGNED 1177545583
AR work/ea2to1MUX/Behavioral 1347634970 \
      FL C:/Users/ERIK/Dropbox/cmpen471/projects/ea_pj2b/ea2to1MUX.vhd \
      EN work/ea2to1MUX 1347634969 CP ea2NAND
FL C:/Users/ERIK/Dropbox/cmpen471/projects/ea_pj2b/ea3NAND.vhd 2012/09/13.20:41:59 J.36
EN work/ea3NAND 1347634965 \
      FL C:/Users/ERIK/Dropbox/cmpen471/projects/ea_pj2b/ea3NAND.vhd \
      PB ieee/std_logic_1164 1177545575 PB ieee/std_logic_arith 1177545576 \
      PB ieee/STD_LOGIC_UNSIGNED 1177545583
AR work/ea3NAND/Behavioral 1347634966 \
      FL C:/Users/ERIK/Dropbox/cmpen471/projects/ea_pj2b/ea3NAND.vhd \
      EN work/ea3NAND 1347634965
FL C:/Users/ERIK/Dropbox/cmpen471/projects/ea_pj2b/ea4bitMUX.vhd 2012/09/13.14:11:08 J.36
EN work/ea4bitMUX 1347634975 \
      FL C:/Users/ERIK/Dropbox/cmpen471/projects/ea_pj2b/ea4bitMUX.vhd \
      PB ieee/std_logic_1164 1177545575 PB ieee/std_logic_arith 1177545576 \
      PB ieee/STD_LOGIC_UNSIGNED 1177545583
AR work/ea4bitMUX/struct 1347634976 \
      FL C:/Users/ERIK/Dropbox/cmpen471/projects/ea_pj2b/ea4bitMUX.vhd \
      EN work/ea4bitMUX 1347634975 CP ea2to1MUX
FL C:/Users/ERIK/Dropbox/cmpen471/projects/ea_pj2b/ea4Dlatch.vhd 2012/09/13.12:56:18 J.36
EN work/ea4Dlatch 1347634977 \
      FL C:/Users/ERIK/Dropbox/cmpen471/projects/ea_pj2b/ea4Dlatch.vhd \
      PB ieee/std_logic_1164 1177545575 PB ieee/std_logic_arith 1177545576 \
      PB ieee/STD_LOGIC_UNSIGNED 1177545583
AR work/ea4Dlatch/Behavioral 1347634978 \
      FL C:/Users/ERIK/Dropbox/cmpen471/projects/ea_pj2b/ea4Dlatch.vhd \
      EN work/ea4Dlatch 1347634977 CP eaDlatch
FL C:/Users/ERIK/Dropbox/cmpen471/projects/ea_pj2b/ea4NAND.vhd 2012/09/13.20:25:29 J.36
EN work/ea4NAND 1347634967 \
      FL C:/Users/ERIK/Dropbox/cmpen471/projects/ea_pj2b/ea4NAND.vhd \
      PB ieee/std_logic_1164 1177545575 PB ieee/std_logic_arith 1177545576 \
      PB ieee/STD_LOGIC_UNSIGNED 1177545583
AR work/ea4NAND/Behavioral 1347634968 \
      FL C:/Users/ERIK/Dropbox/cmpen471/projects/ea_pj2b/ea4NAND.vhd \
      EN work/ea4NAND 1347634967
FL C:/Users/ERIK/Dropbox/cmpen471/projects/ea_pj2b/eaadd4bit.vhd 2012/09/13.12:04:23 J.36
EN work/eaadd4bit 1347634979 \
      FL C:/Users/ERIK/Dropbox/cmpen471/projects/ea_pj2b/eaadd4bit.vhd \
      PB ieee/std_logic_1164 1177545575 PB ieee/std_logic_arith 1177545576 \
      PB ieee/STD_LOGIC_UNSIGNED 1177545583
AR work/eaadd4bit/Behavioral 1347634980 \
      FL C:/Users/ERIK/Dropbox/cmpen471/projects/ea_pj2b/eaadd4bit.vhd \
      EN work/eaadd4bit 1347634979 CP ea1bitadder
FL C:/Users/ERIK/Dropbox/cmpen471/projects/ea_pj2b/eaDLatch.vhd 2012/09/13.12:38:10 J.36
EN work/eaDlatch 1347634973 \
      FL C:/Users/ERIK/Dropbox/cmpen471/projects/ea_pj2b/eaDLatch.vhd \
      PB ieee/std_logic_1164 1177545575 PB ieee/std_logic_arith 1177545576 \
      PB ieee/STD_LOGIC_UNSIGNED 1177545583
AR work/eaDlatch/struc 1347634974 \
      FL C:/Users/ERIK/Dropbox/cmpen471/projects/ea_pj2b/eaDLatch.vhd \
      EN work/eaDlatch 1347634973 CP ea2to1MUX
FL C:/Users/ERIK/Dropbox/cmpen471/projects/ea_pj2b/eaINVERT.vhd 2012/09/13.20:41:46 J.36
EN work/eaINVERT 1347634963 \
      FL C:/Users/ERIK/Dropbox/cmpen471/projects/ea_pj2b/eaINVERT.vhd \
      PB ieee/std_logic_1164 1177545575 PB ieee/std_logic_arith 1177545576 \
      PB ieee/STD_LOGIC_UNSIGNED 1177545583
AR work/eaINVERT/Behavioral 1347634964 \
      FL C:/Users/ERIK/Dropbox/cmpen471/projects/ea_pj2b/eaINVERT.vhd \
      EN work/eaINVERT 1347634963
FL C:/Users/ERIK/Dropbox/cmpen471/projects/ea_pj2b/eaPC.vhd 2012/09/13.18:42:25 J.36
EN work/eaPC 1347634981 \
      FL C:/Users/ERIK/Dropbox/cmpen471/projects/ea_pj2b/eaPC.vhd \
      PB ieee/std_logic_1164 1177545575 PB ieee/std_logic_arith 1177545576 \
      PB ieee/STD_LOGIC_UNSIGNED 1177545583
AR work/eaPC/Behavioral 1347634982 \
      FL C:/Users/ERIK/Dropbox/cmpen471/projects/ea_pj2b/eaPC.vhd EN work/eaPC 1347634981 \
      CP ea4bitMUX CP ea4Dlatch CP eaadd4bit
