AR ea3nor behavioral C:/Users/ERIK/Dropbox/cmpen471/projects/pj4_arfvidsonB/ea3NOR.vhd sub00/vhpl21 1349809752
EN eainvbuf NULL C:/Users/ERIK/Dropbox/cmpen471/projects/pj4_arfvidsonB/eainvbuf.vhd sub00/vhpl06 1349809737
EN ea5to32decoder NULL C:/Users/ERIK/Dropbox/cmpen471/projects/pj4_arfvidsonB/ea5to32Decoder.vhd sub00/vhpl18 1349809749
EN ea32x6ram NULL C:/Users/ERIK/Dropbox/cmpen471/projects/pj4_arfvidsonB/ea32x6Ram.vhd sub00/vhpl26 1349809757
AR ea32x6ram struct C:/Users/ERIK/Dropbox/cmpen471/projects/pj4_arfvidsonB/ea32x6Ram.vhd sub00/vhpl27 1349809758
AR eainvert behavioral C:/Users/ERIK/Dropbox/cmpen471/projects/pj4_arfvidsonB/eaINVERT.vhd sub00/vhpl03 1349809734
EN eee NULL C:/Users/ERIK/Dropbox/cmpen471/projects/pj4_arfvidsonB/eee.vhw sub00/vhpl34 1349809765
AR ea64x6ram struct C:/Users/ERIK/Dropbox/cmpen471/projects/pj4_arfvidsonB/ea64x6Ram.vhd sub00/vhpl31 1349809762
EN ea3nor NULL C:/Users/ERIK/Dropbox/cmpen471/projects/pj4_arfvidsonB/ea3NOR.vhd sub00/vhpl20 1349809751
AR eainvbuf behavioral C:/Users/ERIK/Dropbox/cmpen471/projects/pj4_arfvidsonB/eainvbuf.vhd sub00/vhpl07 1349809738
EN ea6ram NULL C:/Users/ERIK/Dropbox/cmpen471/projects/pj4_arfvidsonB/ea6Ram.vhd sub00/vhpl24 1349809755
EN eainv6buf NULL C:/Users/ERIK/Dropbox/cmpen471/projects/pj4_arfvidsonB/eainv6buf.vhd sub00/vhpl12 1349809743
AR ea2or behavioral C:/Users/ERIK/Dropbox/cmpen471/projects/pj4_arfvidsonB/ea2OR.vhd sub00/vhpl29 1349809760
EN ea2to1mux NULL C:/Users/ERIK/Dropbox/cmpen471/projects/pj4_arfvidsonB/ea2to1MUX.vhd sub00/vhpl04 1349809735
EN ea64x6ram NULL C:/Users/ERIK/Dropbox/cmpen471/projects/pj4_arfvidsonB/ea64x6Ram.vhd sub00/vhpl30 1349809761
EN ea6and NULL C:/Users/ERIK/Dropbox/cmpen471/projects/pj4_arfvidsonB/ea6AND.vhd sub00/vhpl16 1349809747
AR ea5to32decoder struct C:/Users/ERIK/Dropbox/cmpen471/projects/pj4_arfvidsonB/ea5to32Decoder.vhd sub00/vhpl19 1349809750
EN eainvert NULL C:/Users/ERIK/Dropbox/cmpen471/projects/pj4_arfvidsonB/eaINVERT.vhd sub00/vhpl02 1349809733
AR ea6dlatch struct C:/Users/ERIK/Dropbox/cmpen471/projects/pj4_arfvidsonB/ea6Dlatch.vhd sub00/vhpl11 1349809742
EN eaoutputbuf NULL C:/Users/ERIK/Dropbox/cmpen471/projects/pj4_arfvidsonB/eaOutputBuf.vhd sub00/vhpl22 1349809753
EN ea2nand NULL C:/Users/ERIK/Dropbox/cmpen471/projects/pj4_arfvidsonB/ea2NAND.vhd sub00/vhpl00 1349809731
AR eaoutputbuf struct C:/Users/ERIK/Dropbox/cmpen471/projects/pj4_arfvidsonB/eaOutputBuf.vhd sub00/vhpl23 1349809754
AR ea6and behavioral C:/Users/ERIK/Dropbox/cmpen471/projects/pj4_arfvidsonB/ea6AND.vhd sub00/vhpl17 1349809748
EN ramtest NULL C:/Users/ERIK/Dropbox/cmpen471/projects/pj4_arfvidsonB/ramtest.vhd sub00/vhpl32 1349809763
AR eainv6buf struct C:/Users/ERIK/Dropbox/cmpen471/projects/pj4_arfvidsonB/eainv6buf.vhd sub00/vhpl13 1349809744
AR ramtest struct C:/Users/ERIK/Dropbox/cmpen471/projects/pj4_arfvidsonB/ramtest.vhd sub00/vhpl33 1349809764
AR eee testbench_arch C:/Users/ERIK/Dropbox/cmpen471/projects/pj4_arfvidsonB/eee.vhw sub00/vhpl35 1349809766
AR ea2and behavioral C:/Users/ERIK/Dropbox/cmpen471/projects/pj4_arfvidsonB/ea2AND.vhd sub00/vhpl15 1349809746
AR ea6ram struc C:/Users/ERIK/Dropbox/cmpen471/projects/pj4_arfvidsonB/ea6Ram.vhd sub00/vhpl25 1349809756
EN ea2and NULL C:/Users/ERIK/Dropbox/cmpen471/projects/pj4_arfvidsonB/ea2AND.vhd sub00/vhpl14 1349809745
EN ea2or NULL C:/Users/ERIK/Dropbox/cmpen471/projects/pj4_arfvidsonB/ea2OR.vhd sub00/vhpl28 1349809759
AR eadlatch struc C:/Users/ERIK/Dropbox/cmpen471/projects/pj4_arfvidsonB/eaDLatch.vhd sub00/vhpl09 1349809740
EN ea6dlatch NULL C:/Users/ERIK/Dropbox/cmpen471/projects/pj4_arfvidsonB/ea6Dlatch.vhd sub00/vhpl10 1349809741
AR ea2nand behavioral C:/Users/ERIK/Dropbox/cmpen471/projects/pj4_arfvidsonB/ea2NAND.vhd sub00/vhpl01 1349809732
EN eadlatch NULL C:/Users/ERIK/Dropbox/cmpen471/projects/pj4_arfvidsonB/eaDLatch.vhd sub00/vhpl08 1349809739
AR ea2to1mux struct C:/Users/ERIK/Dropbox/cmpen471/projects/pj4_arfvidsonB/ea2to1MUX.vhd sub00/vhpl05 1349809736
