V3 152
FL C:/Users/ERIK/Dropbox/cmpen471/projects/pj5_beta/smicro.vhd 2012/10/23.12:51:17 J.36
FL C:/Users/ERIK/Dropbox/cmpen471/projects/pj6_charlie/ea1bitadder.vhd 2012/10/04.13:14:05 J.36
EN work/ea1bitadder 1352624117 \
      FL C:/Users/ERIK/Dropbox/cmpen471/projects/pj6_charlie/ea1bitadder.vhd \
      PB ieee/std_logic_1164 1177545575 PB ieee/std_logic_arith 1177545576 \
      PB ieee/STD_LOGIC_UNSIGNED 1177545583
AR work/ea1bitadder/Behavioral 1352624118 \
      FL C:/Users/ERIK/Dropbox/cmpen471/projects/pj6_charlie/ea1bitadder.vhd \
      EN work/ea1bitadder 1352624117 CP eaINVERT CP ea2NAND CP ea3NAND CP ea4NAND
FL C:/Users/ERIK/Dropbox/cmpen471/projects/pj6_charlie/ea2AND.vhd 2012/10/04.13:14:59 J.36
EN work/ea2AND 1352624107 \
      FL C:/Users/ERIK/Dropbox/cmpen471/projects/pj6_charlie/ea2AND.vhd \
      PB ieee/std_logic_1164 1177545575 PB ieee/std_logic_arith 1177545576 \
      PB ieee/STD_LOGIC_UNSIGNED 1177545583
AR work/ea2AND/Behavioral 1352624108 \
      FL C:/Users/ERIK/Dropbox/cmpen471/projects/pj6_charlie/ea2AND.vhd \
      EN work/ea2AND 1352624107
FL C:/Users/ERIK/Dropbox/cmpen471/projects/pj6_charlie/ea2NAND.vhd 2012/10/04.13:17:24 J.36
EN work/ea2NAND 1352624087 \
      FL C:/Users/ERIK/Dropbox/cmpen471/projects/pj6_charlie/ea2NAND.vhd \
      PB ieee/std_logic_1164 1177545575 PB ieee/std_logic_arith 1177545576 \
      PB ieee/STD_LOGIC_UNSIGNED 1177545583
AR work/ea2NAND/Behavioral 1352624088 \
      FL C:/Users/ERIK/Dropbox/cmpen471/projects/pj6_charlie/ea2NAND.vhd \
      EN work/ea2NAND 1352624087
FL C:/Users/ERIK/Dropbox/cmpen471/projects/pj6_charlie/ea2NOR.vhd 2012/10/04.13:18:18 J.36
EN work/ea2NOR 1352624147 \
      FL C:/Users/ERIK/Dropbox/cmpen471/projects/pj6_charlie/ea2NOR.vhd \
      PB ieee/std_logic_1164 1177545575 PB ieee/std_logic_arith 1177545576 \
      PB ieee/STD_LOGIC_UNSIGNED 1177545583
AR work/ea2NOR/Behavioral 1352624148 \
      FL C:/Users/ERIK/Dropbox/cmpen471/projects/pj6_charlie/ea2NOR.vhd \
      EN work/ea2NOR 1352624147
FL C:/Users/ERIK/Dropbox/cmpen471/projects/pj6_charlie/ea2OR.vhd 2012/10/09.00:29:40 J.36
EN work/ea2OR 1352624141 \
      FL C:/Users/ERIK/Dropbox/cmpen471/projects/pj6_charlie/ea2OR.vhd \
      PB ieee/std_logic_1164 1177545575 PB ieee/std_logic_arith 1177545576 \
      PB ieee/STD_LOGIC_UNSIGNED 1177545583
AR work/ea2OR/Behavioral 1352624142 \
      FL C:/Users/ERIK/Dropbox/cmpen471/projects/pj6_charlie/ea2OR.vhd \
      EN work/ea2OR 1352624141
FL C:/Users/ERIK/Dropbox/cmpen471/projects/pj6_charlie/ea2to1MUX.vhd 2012/10/04.13:20:10 J.36
EN work/ea2to1MUX 1352624091 \
      FL C:/Users/ERIK/Dropbox/cmpen471/projects/pj6_charlie/ea2to1MUX.vhd \
      PB ieee/std_logic_1164 1177545575 PB ieee/std_logic_arith 1177545576 \
      PB ieee/STD_LOGIC_UNSIGNED 1177545583
AR work/ea2to1MUX/struct 1352624092 \
      FL C:/Users/ERIK/Dropbox/cmpen471/projects/pj6_charlie/ea2to1MUX.vhd \
      EN work/ea2to1MUX 1352624091 CP ea2NAND CP eaINVERT
FL C:/Users/ERIK/Dropbox/cmpen471/projects/pj6_charlie/ea32x6Ram.vhd 2012/10/11.02:04:05 J.36
EN work/ea32x6Ram 1352624139 \
      FL C:/Users/ERIK/Dropbox/cmpen471/projects/pj6_charlie/ea32x6Ram.vhd \
      PB ieee/std_logic_1164 1177545575 PB ieee/std_logic_arith 1177545576 \
      PB ieee/STD_LOGIC_UNSIGNED 1177545583
AR work/ea32x6Ram/struct 1352624140 \
      FL C:/Users/ERIK/Dropbox/cmpen471/projects/pj6_charlie/ea32x6Ram.vhd \
      EN work/ea32x6Ram 1352624139 CP ea5to32Decoder CP eaINVERT CP ea3NOR \
      CP eaOutputBuf CP ea6Ram
FL C:/Users/ERIK/Dropbox/cmpen471/projects/pj6_charlie/ea3AND.vhd 2012/10/04.13:20:37 J.36
EN work/ea3AND 1352624115 \
      FL C:/Users/ERIK/Dropbox/cmpen471/projects/pj6_charlie/ea3AND.vhd \
      PB ieee/std_logic_1164 1177545575 PB ieee/std_logic_arith 1177545576 \
      PB ieee/STD_LOGIC_UNSIGNED 1177545583
AR work/ea3AND/Behavioral 1352624116 \
      FL C:/Users/ERIK/Dropbox/cmpen471/projects/pj6_charlie/ea3AND.vhd \
      EN work/ea3AND 1352624115
FL C:/Users/ERIK/Dropbox/cmpen471/projects/pj6_charlie/ea3NAND.vhd 2012/10/04.13:23:45 J.36
EN work/ea3NAND 1352624099 \
      FL C:/Users/ERIK/Dropbox/cmpen471/projects/pj6_charlie/ea3NAND.vhd \
      PB ieee/std_logic_1164 1177545575 PB ieee/std_logic_arith 1177545576 \
      PB ieee/STD_LOGIC_UNSIGNED 1177545583
AR work/ea3NAND/Behavioral 1352624100 \
      FL C:/Users/ERIK/Dropbox/cmpen471/projects/pj6_charlie/ea3NAND.vhd \
      EN work/ea3NAND 1352624099
FL C:/Users/ERIK/Dropbox/cmpen471/projects/pj6_charlie/ea3NOR.vhd 2012/10/09.00:42:01 J.36
EN work/ea3NOR 1352624121 \
      FL C:/Users/ERIK/Dropbox/cmpen471/projects/pj6_charlie/ea3NOR.vhd \
      PB ieee/std_logic_1164 1177545575 PB ieee/std_logic_arith 1177545576 \
      PB ieee/STD_LOGIC_UNSIGNED 1177545583
AR work/ea3NOR/Behavioral 1352624122 \
      FL C:/Users/ERIK/Dropbox/cmpen471/projects/pj6_charlie/ea3NOR.vhd \
      EN work/ea3NOR 1352624121
FL C:/Users/ERIK/Dropbox/cmpen471/projects/pj6_charlie/ea4NAND.vhd 2012/10/04.12:59:30 J.36
EN work/ea4NAND 1352624101 \
      FL C:/Users/ERIK/Dropbox/cmpen471/projects/pj6_charlie/ea4NAND.vhd \
      PB ieee/std_logic_1164 1177545575 PB ieee/std_logic_arith 1177545576 \
      PB ieee/STD_LOGIC_UNSIGNED 1177545583
AR work/ea4NAND/Behavioral 1352624102 \
      FL C:/Users/ERIK/Dropbox/cmpen471/projects/pj6_charlie/ea4NAND.vhd \
      EN work/ea4NAND 1352624101
FL C:/Users/ERIK/Dropbox/cmpen471/projects/pj6_charlie/ea5to32Decoder.vhd 2012/10/11.04:21:08 J.36
EN work/ea5to32Decoder 1352624119 \
      FL C:/Users/ERIK/Dropbox/cmpen471/projects/pj6_charlie/ea5to32Decoder.vhd \
      PB ieee/std_logic_1164 1177545575 PB ieee/std_logic_arith 1177545576 \
      PB ieee/STD_LOGIC_UNSIGNED 1177545583
AR work/ea5to32Decoder/struct 1352624120 \
      FL C:/Users/ERIK/Dropbox/cmpen471/projects/pj6_charlie/ea5to32Decoder.vhd \
      EN work/ea5to32Decoder 1352624119 CP ea6AND CP eaINVERT
FL C:/Users/ERIK/Dropbox/cmpen471/projects/pj6_charlie/ea64Rom.vhd 2012/10/04.12:35:35 J.36
EN work/ea64Rom 1352624157 \
      FL C:/Users/ERIK/Dropbox/cmpen471/projects/pj6_charlie/ea64Rom.vhd \
      PB ieee/std_logic_1164 1177545575 PB ieee/std_logic_arith 1177545576 \
      PB ieee/STD_LOGIC_UNSIGNED 1177545583
AR work/ea64Rom/struct 1352624158 \
      FL C:/Users/ERIK/Dropbox/cmpen471/projects/pj6_charlie/ea64Rom.vhd \
      EN work/ea64Rom 1352624157 CP ea6bitto64decoder CP ea6bit64word CP ea2NOR \
      CP eaOutputBuf
FL C:/Users/ERIK/Dropbox/cmpen471/projects/pj6_charlie/ea64x6Ram.vhd 2012/10/11.05:01:13 J.36
EN work/ea64x6Ram 1352624159 \
      FL C:/Users/ERIK/Dropbox/cmpen471/projects/pj6_charlie/ea64x6Ram.vhd \
      PB ieee/std_logic_1164 1177545575 PB ieee/std_logic_arith 1177545576 \
      PB ieee/STD_LOGIC_UNSIGNED 1177545583
AR work/ea64x6Ram/struct 1352624160 \
      FL C:/Users/ERIK/Dropbox/cmpen471/projects/pj6_charlie/ea64x6Ram.vhd \
      EN work/ea64x6Ram 1352624159 CP ea32x6Ram CP eaINVERT CP ea2OR
FL C:/Users/ERIK/Dropbox/cmpen471/projects/pj6_charlie/ea6AND.vhd 2012/10/09.00:04:57 J.36
EN work/ea6AND 1352624109 \
      FL C:/Users/ERIK/Dropbox/cmpen471/projects/pj6_charlie/ea6AND.vhd \
      PB ieee/std_logic_1164 1177545575 PB ieee/std_logic_arith 1177545576 \
      PB ieee/STD_LOGIC_UNSIGNED 1177545583
AR work/ea6AND/Behavioral 1352624110 \
      FL C:/Users/ERIK/Dropbox/cmpen471/projects/pj6_charlie/ea6AND.vhd \
      EN work/ea6AND 1352624109
FL C:/Users/ERIK/Dropbox/cmpen471/projects/pj6_charlie/ea6bit64word.vhd 2012/10/23.13:55:49 J.36
EN work/ea6bit64word 1352624145 \
      FL C:/Users/ERIK/Dropbox/cmpen471/projects/pj6_charlie/ea6bit64word.vhd \
      PB ieee/std_logic_1164 1177545575 PB ieee/std_logic_arith 1177545576 \
      PB ieee/STD_LOGIC_UNSIGNED 1177545583
AR work/ea6bit64word/struct 1352624146 \
      FL C:/Users/ERIK/Dropbox/cmpen471/projects/pj6_charlie/ea6bit64word.vhd \
      EN work/ea6bit64word 1352624145 CP eainv6buf
FL C:/Users/ERIK/Dropbox/cmpen471/projects/pj6_charlie/ea6bitMUX.vhd 2012/10/04.12:19:31 J.36
EN work/ea6bitMUX 1352624113 \
      FL C:/Users/ERIK/Dropbox/cmpen471/projects/pj6_charlie/ea6bitMUX.vhd \
      PB ieee/std_logic_1164 1177545575 PB ieee/std_logic_arith 1177545576 \
      PB ieee/STD_LOGIC_UNSIGNED 1177545583
AR work/ea6bitMUX/struct 1352624114 \
      FL C:/Users/ERIK/Dropbox/cmpen471/projects/pj6_charlie/ea6bitMUX.vhd \
      EN work/ea6bitMUX 1352624113 CP ea2to1MUX
FL C:/Users/ERIK/Dropbox/cmpen471/projects/pj6_charlie/ea6bitto64decoder.vhd 2012/10/04.12:20:38 J.36
EN work/ea6bitto64decoder 1352624143 \
      FL C:/Users/ERIK/Dropbox/cmpen471/projects/pj6_charlie/ea6bitto64decoder.vhd \
      PB ieee/std_logic_1164 1177545575 PB ieee/std_logic_arith 1177545576 \
      PB ieee/STD_LOGIC_UNSIGNED 1177545583
AR work/ea6bitto64decoder/struct 1352624144 \
      FL C:/Users/ERIK/Dropbox/cmpen471/projects/pj6_charlie/ea6bitto64decoder.vhd \
      EN work/ea6bitto64decoder 1352624143 CP ea7AND CP eaINVERT
FL C:/Users/ERIK/Dropbox/cmpen471/projects/pj6_charlie/ea6Dlatch.vhd 2012/10/08.23:40:45 J.36
EN work/ea6Dlatch 1352624103 \
      FL C:/Users/ERIK/Dropbox/cmpen471/projects/pj6_charlie/ea6Dlatch.vhd \
      PB ieee/std_logic_1164 1177545575 PB ieee/std_logic_arith 1177545576 \
      PB ieee/STD_LOGIC_UNSIGNED 1177545583
AR work/ea6Dlatch/struct 1352624104 \
      FL C:/Users/ERIK/Dropbox/cmpen471/projects/pj6_charlie/ea6Dlatch.vhd \
      EN work/ea6Dlatch 1352624103 CP eaDlatch
FL C:/Users/ERIK/Dropbox/cmpen471/projects/pj6_charlie/ea6Flip.vhd 2012/10/04.12:21:37 J.36
EN work/ea6Flip 1352624111 \
      FL C:/Users/ERIK/Dropbox/cmpen471/projects/pj6_charlie/ea6Flip.vhd \
      PB ieee/std_logic_1164 1177545575 PB ieee/std_logic_arith 1177545576 \
      PB ieee/STD_LOGIC_UNSIGNED 1177545583
AR work/ea6Flip/struct 1352624112 \
      FL C:/Users/ERIK/Dropbox/cmpen471/projects/pj6_charlie/ea6Flip.vhd \
      EN work/ea6Flip 1352624111 CP eaFlipFlop
FL C:/Users/ERIK/Dropbox/cmpen471/projects/pj6_charlie/ea6PCf.vhd 2012/10/04.12:22:14 J.36
EN work/ea6PCf 1352624149 \
      FL C:/Users/ERIK/Dropbox/cmpen471/projects/pj6_charlie/ea6PCf.vhd \
      PB ieee/std_logic_1164 1177545575 PB ieee/std_logic_arith 1177545576 \
      PB ieee/STD_LOGIC_UNSIGNED 1177545583
AR work/ea6PCf/struct 1352624150 \
      FL C:/Users/ERIK/Dropbox/cmpen471/projects/pj6_charlie/ea6PCf.vhd \
      EN work/ea6PCf 1352624149 CP ea6bitMUX CP ea6Flip CP eaadd6bit
FL C:/Users/ERIK/Dropbox/cmpen471/projects/pj6_charlie/ea6Ram.vhd 2012/10/10.22:43:11 J.36
EN work/ea6Ram 1352624125 \
      FL C:/Users/ERIK/Dropbox/cmpen471/projects/pj6_charlie/ea6Ram.vhd \
      PB ieee/std_logic_1164 1177545575 PB ieee/std_logic_arith 1177545576 \
      PB ieee/STD_LOGIC_UNSIGNED 1177545583
AR work/ea6Ram/struc 1352624126 \
      FL C:/Users/ERIK/Dropbox/cmpen471/projects/pj6_charlie/ea6Ram.vhd \
      EN work/ea6Ram 1352624125 CP ea6Dlatch CP eainv6buf CP ea2AND
FL C:/Users/ERIK/Dropbox/cmpen471/projects/pj6_charlie/ea7AND.vhd 2012/10/04.12:34:05 J.36
EN work/ea7AND 1352624127 \
      FL C:/Users/ERIK/Dropbox/cmpen471/projects/pj6_charlie/ea7AND.vhd \
      PB ieee/std_logic_1164 1177545575 PB ieee/std_logic_arith 1177545576 \
      PB ieee/STD_LOGIC_UNSIGNED 1177545583
AR work/ea7AND/Behavioral 1352624128 \
      FL C:/Users/ERIK/Dropbox/cmpen471/projects/pj6_charlie/ea7AND.vhd \
      EN work/ea7AND 1352624127
FL C:/Users/ERIK/Dropbox/cmpen471/projects/pj6_charlie/eaadd6bit.vhd 2012/10/04.12:39:49 J.36
EN work/eaadd6bit 1352624137 \
      FL C:/Users/ERIK/Dropbox/cmpen471/projects/pj6_charlie/eaadd6bit.vhd \
      PB ieee/std_logic_1164 1177545575 PB ieee/std_logic_arith 1177545576 \
      PB ieee/STD_LOGIC_UNSIGNED 1177545583
AR work/eaadd6bit/struct 1352624138 \
      FL C:/Users/ERIK/Dropbox/cmpen471/projects/pj6_charlie/eaadd6bit.vhd \
      EN work/eaadd6bit 1352624137 CP ea1bitadder
FL C:/Users/ERIK/Dropbox/cmpen471/projects/pj6_charlie/eabuf.vhd 2012/10/23.12:21:09 J.36
EN work/eabuf 1352624135 \
      FL C:/Users/ERIK/Dropbox/cmpen471/projects/pj6_charlie/eabuf.vhd \
      PB ieee/std_logic_1164 1177545575 PB ieee/std_logic_arith 1177545576 \
      PB ieee/STD_LOGIC_UNSIGNED 1177545583
AR work/eabuf/Behavioral 1352624136 \
      FL C:/Users/ERIK/Dropbox/cmpen471/projects/pj6_charlie/eabuf.vhd \
      EN work/eabuf 1352624135
FL C:/Users/ERIK/Dropbox/cmpen471/projects/pj6_charlie/eaCPU.vhd 2012/10/23.12:23:04 J.36
EN work/eaCPU 1352624155 \
      FL C:/Users/ERIK/Dropbox/cmpen471/projects/pj6_charlie/eaCPU.vhd \
      PB ieee/std_logic_1164 1177545575 PB ieee/std_logic_arith 1177545576 \
      PB ieee/STD_LOGIC_UNSIGNED 1177545583
AR work/eaCPU/struct 1352624156 \
      FL C:/Users/ERIK/Dropbox/cmpen471/projects/pj6_charlie/eaCPU.vhd \
      EN work/eaCPU 1352624155 CP ea6PCf CP ea6bitMUX CP ea6Flip CP eaOBnon CP eaCU
FL C:/Users/ERIK/Dropbox/cmpen471/projects/pj6_charlie/eaCU.vhd 2012/10/22.09:18:58 J.36
EN work/eaCU 1352624153 \
      FL C:/Users/ERIK/Dropbox/cmpen471/projects/pj6_charlie/eaCU.vhd \
      PB ieee/std_logic_1164 1177545575 PB ieee/std_logic_arith 1177545576 \
      PB ieee/STD_LOGIC_UNSIGNED 1177545583
AR work/eaCU/struct 1352624154 \
      FL C:/Users/ERIK/Dropbox/cmpen471/projects/pj6_charlie/eaCU.vhd \
      EN work/eaCU 1352624153 CP eaSM CP eaID CP eaIR
FL C:/Users/ERIK/Dropbox/cmpen471/projects/pj6_charlie/eaDLatch.vhd 2012/10/04.13:04:15 J.36
EN work/eaDlatch 1352624093 \
      FL C:/Users/ERIK/Dropbox/cmpen471/projects/pj6_charlie/eaDLatch.vhd \
      PB ieee/std_logic_1164 1177545575 PB ieee/std_logic_arith 1177545576 \
      PB ieee/STD_LOGIC_UNSIGNED 1177545583
AR work/eaDlatch/struc 1352624094 \
      FL C:/Users/ERIK/Dropbox/cmpen471/projects/pj6_charlie/eaDLatch.vhd \
      EN work/eaDlatch 1352624093 CP ea2to1MUX
FL C:/Users/ERIK/Dropbox/cmpen471/projects/pj6_charlie/eaFlipFlop.vhd 2012/10/04.13:03:03 J.36
EN work/eaFlipFlop 1352624097 \
      FL C:/Users/ERIK/Dropbox/cmpen471/projects/pj6_charlie/eaFlipFlop.vhd \
      PB ieee/std_logic_1164 1177545575 PB ieee/std_logic_arith 1177545576 \
      PB ieee/STD_LOGIC_UNSIGNED 1177545583
AR work/eaFlipFlop/struct 1352624098 \
      FL C:/Users/ERIK/Dropbox/cmpen471/projects/pj6_charlie/eaFlipFlop.vhd \
      EN work/eaFlipFlop 1352624097 CP eaDlatch CP eaINVERT
FL C:/Users/ERIK/Dropbox/cmpen471/projects/pj6_charlie/eaID.vhd 2012/10/23.12:52:08 J.36
EN work/eaID 1352624131 \
      FL C:/Users/ERIK/Dropbox/cmpen471/projects/pj6_charlie/eaID.vhd \
      PB ieee/std_logic_1164 1177545575 PB ieee/std_logic_arith 1177545576 \
      PB ieee/STD_LOGIC_UNSIGNED 1177545583
AR work/eaID/struct 1352624132 \
      FL C:/Users/ERIK/Dropbox/cmpen471/projects/pj6_charlie/eaID.vhd \
      EN work/eaID 1352624131 CP ea2AND CP eaINVERT CP ea3AND CP ea2NAND CP ea3NAND
FL C:/Users/ERIK/Dropbox/cmpen471/projects/pj6_charlie/eainv6buf.vhd 2012/10/04.13:07:07 J.36
EN work/eainv6buf 1352624105 \
      FL C:/Users/ERIK/Dropbox/cmpen471/projects/pj6_charlie/eainv6buf.vhd \
      PB ieee/std_logic_1164 1177545575 PB ieee/std_logic_arith 1177545576 \
      PB ieee/STD_LOGIC_UNSIGNED 1177545583
AR work/eainv6buf/struct 1352624106 \
      FL C:/Users/ERIK/Dropbox/cmpen471/projects/pj6_charlie/eainv6buf.vhd \
      EN work/eainv6buf 1352624105 CP eainvbuf
FL C:/Users/ERIK/Dropbox/cmpen471/projects/pj6_charlie/eainvbuf.vhd 2012/10/01.01:29:00 J.36
EN work/eainvbuf 1352624095 \
      FL C:/Users/ERIK/Dropbox/cmpen471/projects/pj6_charlie/eainvbuf.vhd \
      PB ieee/std_logic_1164 1177545575 PB ieee/std_logic_arith 1177545576 \
      PB ieee/STD_LOGIC_UNSIGNED 1177545583
AR work/eainvbuf/Behavioral 1352624096 \
      FL C:/Users/ERIK/Dropbox/cmpen471/projects/pj6_charlie/eainvbuf.vhd \
      EN work/eainvbuf 1352624095
FL C:/Users/ERIK/Dropbox/cmpen471/projects/pj6_charlie/eaINVERT.vhd 2012/10/04.13:07:50 J.36
EN work/eaINVERT 1352624089 \
      FL C:/Users/ERIK/Dropbox/cmpen471/projects/pj6_charlie/eaINVERT.vhd \
      PB ieee/std_logic_1164 1177545575 PB ieee/std_logic_arith 1177545576 \
      PB ieee/STD_LOGIC_UNSIGNED 1177545583
AR work/eaINVERT/Behavioral 1352624090 \
      FL C:/Users/ERIK/Dropbox/cmpen471/projects/pj6_charlie/eaINVERT.vhd \
      EN work/eaINVERT 1352624089
FL C:/Users/ERIK/Dropbox/cmpen471/projects/pj6_charlie/eaIR.vhd 2012/10/22.09:29:23 J.36
EN work/eaIR 1352624133 \
      FL C:/Users/ERIK/Dropbox/cmpen471/projects/pj6_charlie/eaIR.vhd \
      PB ieee/std_logic_1164 1177545575 PB ieee/std_logic_arith 1177545576 \
      PB ieee/STD_LOGIC_UNSIGNED 1177545583
AR work/eaIR/struct 1352624134 \
      FL C:/Users/ERIK/Dropbox/cmpen471/projects/pj6_charlie/eaIR.vhd \
      EN work/eaIR 1352624133 CP ea6Flip CP ea6bitMUX
FL C:/Users/ERIK/Dropbox/cmpen471/projects/pj6_charlie/eaOBnon.vhd 2012/10/23.12:56:21 J.36
EN work/eaOBnon 1352624151 \
      FL C:/Users/ERIK/Dropbox/cmpen471/projects/pj6_charlie/eaOBnon.vhd \
      PB ieee/std_logic_1164 1177545575 PB ieee/std_logic_arith 1177545576 \
      PB ieee/STD_LOGIC_UNSIGNED 1177545583
AR work/eaOBnon/struct 1352624152 \
      FL C:/Users/ERIK/Dropbox/cmpen471/projects/pj6_charlie/eaOBnon.vhd \
      EN work/eaOBnon 1352624151 CP eabuf
FL C:/Users/ERIK/Dropbox/cmpen471/projects/pj6_charlie/eaOutputBuf.vhd 2012/10/23.02:26:40 J.36
EN work/eaOutputBuf 1352624123 \
      FL C:/Users/ERIK/Dropbox/cmpen471/projects/pj6_charlie/eaOutputBuf.vhd \
      PB ieee/std_logic_1164 1177545575 PB ieee/std_logic_arith 1177545576 \
      PB ieee/STD_LOGIC_UNSIGNED 1177545583
AR work/eaOutputBuf/struct 1352624124 \
      FL C:/Users/ERIK/Dropbox/cmpen471/projects/pj6_charlie/eaOutputBuf.vhd \
      EN work/eaOutputBuf 1352624123 CP eainvbuf
FL C:/Users/ERIK/Dropbox/cmpen471/projects/pj6_charlie/eaSM.vhd 2012/10/22.09:19:24 J.36
EN work/eaSM 1352624129 \
      FL C:/Users/ERIK/Dropbox/cmpen471/projects/pj6_charlie/eaSM.vhd \
      PB ieee/std_logic_1164 1177545575 PB ieee/std_logic_arith 1177545576 \
      PB ieee/STD_LOGIC_UNSIGNED 1177545583
AR work/eaSM/struct 1352624130 \
      FL C:/Users/ERIK/Dropbox/cmpen471/projects/pj6_charlie/eaSM.vhd \
      EN work/eaSM 1352624129 CP eaFlipFlop CP eaINVERT CP ea2to1MUX
FL C:/Users/ERIK/Dropbox/cmpen471/projects/pj6_charlie/smicro.vhd 2012/10/23.12:51:17 J.36
EN work/smicro 1352624161 \
      FL C:/Users/ERIK/Dropbox/cmpen471/projects/pj6_charlie/smicro.vhd \
      PB ieee/std_logic_1164 1177545575 PB ieee/std_logic_arith 1177545576 \
      PB ieee/STD_LOGIC_UNSIGNED 1177545583
AR work/smicro/struct 1352624162 \
      FL C:/Users/ERIK/Dropbox/cmpen471/projects/pj6_charlie/smicro.vhd \
      EN work/smicro 1352624161 CP eaCPU CP ea64Rom CP ea64x6Ram CP eaINVERT \
      CP ea2NAND
